Archive member included to satisfy reference by file (symbol)

/usr/local/bin/../lib/gcc/arm-none-eabi/10.3.1/thumb/v7-m/nofp/libgcc.a(_arm_muldf3.o)
                              build/cc26x0-cc13x0/launchpad/cc2650/obj/ble-hal-cc26xx.o (__aeabi_dmul)
/usr/local/bin/../lib/gcc/arm-none-eabi/10.3.1/thumb/v7-m/nofp/libgcc.a(_arm_mulsf3.o)
                              node.o (__aeabi_fmul)
/usr/local/bin/../lib/gcc/arm-none-eabi/10.3.1/thumb/v7-m/nofp/libgcc.a(_arm_addsubdf3.o)
                              build/cc26x0-cc13x0/launchpad/cc2650/obj/ble-hal-cc26xx.o (__aeabi_ui2d)
/usr/local/bin/../lib/gcc/arm-none-eabi/10.3.1/thumb/v7-m/nofp/libgcc.a(_arm_muldivdf3.o)
                              build/cc26x0-cc13x0/launchpad/cc2650/obj/ble-hal-cc26xx.o (__aeabi_ddiv)
/usr/local/bin/../lib/gcc/arm-none-eabi/10.3.1/thumb/v7-m/nofp/libgcc.a(_arm_fixunsdfsi.o)
                              build/cc26x0-cc13x0/launchpad/cc2650/obj/ble-hal-cc26xx.o (__aeabi_d2uiz)
/usr/local/bin/../lib/gcc/arm-none-eabi/10.3.1/thumb/v7-m/nofp/libgcc.a(_arm_addsubsf3.o)
                              node.o (__aeabi_fsub)
/usr/local/bin/../lib/gcc/arm-none-eabi/10.3.1/thumb/v7-m/nofp/libgcc.a(_arm_cmpsf2.o)
                              node.o (__aeabi_fcmple)
/usr/local/bin/../lib/gcc/arm-none-eabi/10.3.1/thumb/v7-m/nofp/libgcc.a(_arm_fixsfsi.o)
                              node.o (__aeabi_f2iz)
/usr/local/bin/../lib/gcc/arm-none-eabi/10.3.1/thumb/v7-m/nofp/libgcc.a(_aeabi_ldivmod.o)
                              build/cc26x0-cc13x0/launchpad/cc2650/obj/tsch-adaptive-timesync.o (__aeabi_ldivmod)
/usr/local/bin/../lib/gcc/arm-none-eabi/10.3.1/thumb/v7-m/nofp/libgcc.a(_aeabi_uldivmod.o)
                              build/cc26x0-cc13x0/launchpad/cc2650/obj/rf-core.o (__aeabi_uldivmod)
/usr/local/bin/../lib/gcc/arm-none-eabi/10.3.1/thumb/v7-m/nofp/libgcc.a(_udivmoddi4.o)
                              /usr/local/bin/../lib/gcc/arm-none-eabi/10.3.1/thumb/v7-m/nofp/libgcc.a(_aeabi_ldivmod.o) (__udivmoddi4)
/usr/local/bin/../lib/gcc/arm-none-eabi/10.3.1/thumb/v7-m/nofp/libgcc.a(_dvmd_tls.o)
                              /usr/local/bin/../lib/gcc/arm-none-eabi/10.3.1/thumb/v7-m/nofp/libgcc.a(_aeabi_ldivmod.o) (__aeabi_ldiv0)
/usr/local/bin/../lib/gcc/arm-none-eabi/10.3.1/../../../../arm-none-eabi/lib/thumb/v7-m/nofp/libc.a(lib_a-memcmp.o)
                              build/cc26x0-cc13x0/launchpad/cc2650/obj/linkaddr.o (memcmp)
/usr/local/bin/../lib/gcc/arm-none-eabi/10.3.1/../../../../arm-none-eabi/lib/thumb/v7-m/nofp/libc.a(lib_a-memcpy.o)
                              build/cc26x0-cc13x0/launchpad/cc2650/obj/board.o (memcpy)
/usr/local/bin/../lib/gcc/arm-none-eabi/10.3.1/../../../../arm-none-eabi/lib/thumb/v7-m/nofp/libc.a(lib_a-memmove.o)
                              build/cc26x0-cc13x0/launchpad/cc2650/obj/tsch-packet.o (memmove)
/usr/local/bin/../lib/gcc/arm-none-eabi/10.3.1/../../../../arm-none-eabi/lib/thumb/v7-m/nofp/libc.a(lib_a-memset.o)
                              build/cc26x0-cc13x0/launchpad/cc2650/obj/rf-core.o (memset)
/usr/local/bin/../lib/gcc/arm-none-eabi/10.3.1/../../../../arm-none-eabi/lib/thumb/v7-m/nofp/libc.a(lib_a-reent.o)
                              build/cc26x0-cc13x0/launchpad/cc2650/obj/syscalls.o (errno)
/usr/local/bin/../lib/gcc/arm-none-eabi/10.3.1/../../../../arm-none-eabi/lib/thumb/v7-m/nofp/libc.a(lib_a-strcat.o)
                              node.o (strcat)
/usr/local/bin/../lib/gcc/arm-none-eabi/10.3.1/../../../../arm-none-eabi/lib/thumb/v7-m/nofp/libc.a(lib_a-strchr.o)
                              build/cc26x0-cc13x0/launchpad/cc2650/obj/shell.o (strchr)
/usr/local/bin/../lib/gcc/arm-none-eabi/10.3.1/../../../../arm-none-eabi/lib/thumb/v7-m/nofp/libc.a(lib_a-strcmp.o)
                              build/cc26x0-cc13x0/launchpad/cc2650/obj/shell-commands.o (strcmp)
/usr/local/bin/../lib/gcc/arm-none-eabi/10.3.1/../../../../arm-none-eabi/lib/thumb/v7-m/nofp/libc.a(lib_a-strcpy.o)
                              /usr/local/bin/../lib/gcc/arm-none-eabi/10.3.1/../../../../arm-none-eabi/lib/thumb/v7-m/nofp/libc.a(lib_a-strcat.o) (strcpy)
/usr/local/bin/../lib/gcc/arm-none-eabi/10.3.1/../../../../arm-none-eabi/lib/thumb/v7-m/nofp/libc.a(lib_a-strlen-stub.o)
                              build/cc26x0-cc13x0/launchpad/cc2650/obj/rf-ble.o (strlen)
/usr/local/bin/../lib/gcc/arm-none-eabi/10.3.1/../../../../arm-none-eabi/lib/thumb/v7-m/nofp/libc.a(lib_a-strncmp.o)
                              build/cc26x0-cc13x0/launchpad/cc2650/obj/sensors.o (strncmp)
/usr/local/bin/../lib/gcc/arm-none-eabi/10.3.1/../../../../arm-none-eabi/lib/thumb/v7-m/nofp/libc.a(lib_a-strtol.o)
                              build/cc26x0-cc13x0/launchpad/cc2650/obj/shell-commands.o (strtol)
/usr/local/bin/../lib/gcc/arm-none-eabi/10.3.1/../../../../arm-none-eabi/lib/thumb/v7-m/nofp/libc.a(lib_a-ctype_.o)
[...]
Memory Configuration

Name             Origin             Length             Attributes
FLASH            0x00000000         0x0001ffa8         xr
FLASH_CCFG       0x0001ffa8         0x00000058         xr
SRAM             0x20000000         0x00005000         xrw
GPRAM            0x11000000         0x00002000         xrw
*default*        0x00000000         0xffffffff

Linker script and memory map

LOAD build/cc26x0-cc13x0/launchpad/cc2650/obj/fault-handlers.o
LOAD build/cc26x0-cc13x0/launchpad/cc2650/obj/ccfg.o
LOAD build/cc26x0-cc13x0/launchpad/cc2650/obj/startup_gcc.o
LOAD build/cc26x0-cc13x0/launchpad/cc2650/obj/platform.o
LOAD build/cc26x0-cc13x0/launchpad/cc2650/obj/leds-arch.o
LOAD build/cc26x0-cc13x0/launchpad/cc2650/obj/board.o
LOAD build/cc26x0-cc13x0/launchpad/cc2650/obj/board-buttons.o
LOAD build/cc26x0-cc13x0/launchpad/cc2650/obj/xmem.o
LOAD build/cc26x0-cc13x0/launchpad/cc2650/obj/clock.o
LOAD build/cc26x0-cc13x0/launchpad/cc2650/obj/rtimer-arch.o
LOAD build/cc26x0-cc13x0/launchpad/cc2650/obj/soc-rtc.o
LOAD build/cc26x0-cc13x0/launchpad/cc2650/obj/uart.o
LOAD build/cc26x0-cc13x0/launchpad/cc2650/obj/contiki-watchdog.o
LOAD build/cc26x0-cc13x0/launchpad/cc2650/obj/aux-ctrl.o
LOAD build/cc26x0-cc13x0/launchpad/cc2650/obj/dbg.o
LOAD build/cc26x0-cc13x0/launchpad/cc2650/obj/ieee-addr.o
LOAD build/cc26x0-cc13x0/launchpad/cc2650/obj/batmon-sensor.o
LOAD build/cc26x0-cc13x0/launchpad/cc2650/obj/adc-sensor.o
LOAD build/cc26x0-cc13x0/launchpad/cc2650/obj/slip-arch.o
LOAD build/cc26x0-cc13x0/launchpad/cc2650/obj/slip.o
LOAD build/cc26x0-cc13x0/launchpad/cc2650/obj/cc26xx-uart.o
LOAD build/cc26x0-cc13x0/launchpad/cc2650/obj/lpm.o
LOAD build/cc26x0-cc13x0/launchpad/cc2650/obj/gpio-interrupt.o
LOAD build/cc26x0-cc13x0/launchpad/cc2650/obj/gpio-hal-arch.o
LOAD build/cc26x0-cc13x0/launchpad/cc2650/obj/oscillators.o
LOAD build/cc26x0-cc13x0/launchpad/cc2650/obj/rf-core.o
LOAD build/cc26x0-cc13x0/launchpad/cc2650/obj/rf-ble.o
LOAD build/cc26x0-cc13x0/launchpad/cc2650/obj/ieee-mode.o
LOAD build/cc26x0-cc13x0/launchpad/cc2650/obj/ble-cc2650.o
LOAD build/cc26x0-cc13x0/launchpad/cc2650/obj/ble-hal-cc26xx.o
LOAD build/cc26x0-cc13x0/launchpad/cc2650/obj/ble-addr.o
LOAD build/cc26x0-cc13x0/launchpad/cc2650/obj/rf-ble-cmd.o
LOAD build/cc26x0-cc13x0/launchpad/cc2650/obj/random.o
LOAD build/cc26x0-cc13x0/launchpad/cc2650/obj/soc-trng.o
LOAD build/cc26x0-cc13x0/launchpad/cc2650/obj/int-master.o
LOAD build/cc26x0-cc13x0/launchpad/cc2650/obj/spi-arch.o
LOAD build/cc26x0-cc13x0/launchpad/cc2650/obj/cc26xx-aes.o
LOAD build/cc26x0-cc13x0/launchpad/cc2650/obj/shell.o
LOAD build/cc26x0-cc13x0/launchpad/cc2650/obj/shell-commands.o
LOAD build/cc26x0-cc13x0/launchpad/cc2650/obj/serial-shell.o
LOAD build/cc26x0-cc13x0/launchpad/cc2650/obj/contiki-main.o
LOAD build/cc26x0-cc13x0/launchpad/cc2650/obj/autostart.o
LOAD build/cc26x0-cc13x0/launchpad/cc2650/obj/ctimer.o
LOAD build/cc26x0-cc13x0/launchpad/cc2650/obj/atomic.o
LOAD build/cc26x0-cc13x0/launchpad/cc2650/obj/energest.o
LOAD build/cc26x0-cc13x0/launchpad/cc2650/obj/etimer.o
LOAD build/cc26x0-cc13x0/launchpad/cc2650/obj/log.o
LOAD build/cc26x0-cc13x0/launchpad/cc2650/obj/mutex.o
LOAD build/cc26x0-cc13x0/launchpad/cc2650/obj/stimer.o
LOAD build/cc26x0-cc13x0/launchpad/cc2650/obj/compower.o
LOAD build/cc26x0-cc13x0/launchpad/cc2650/obj/process.o
LOAD build/cc26x0-cc13x0/launchpad/cc2650/obj/rtimer.o
LOAD build/cc26x0-cc13x0/launchpad/cc2650/obj/node-id.o
LOAD build/cc26x0-cc13x0/launchpad/cc2650/obj/timer.o
LOAD build/cc26x0-cc13x0/launchpad/cc2650/obj/stack-check.o
LOAD build/cc26x0-cc13x0/launchpad/cc2650/obj/dbl-circ-list.o
LOAD build/cc26x0-cc13x0/launchpad/cc2650/obj/crc16.o
LOAD build/cc26x0-cc13x0/launchpad/cc2650/obj/ifft.o
LOAD build/cc26x0-cc13x0/launchpad/cc2650/obj/ringbuf.o
LOAD build/cc26x0-cc13x0/launchpad/cc2650/obj/sensors.o
LOAD build/cc26x0-cc13x0/launchpad/cc2650/obj/dbl-list.o
LOAD build/cc26x0-cc13x0/launchpad/cc2650/obj/ringbufindex.o
LOAD build/cc26x0-cc13x0/launchpad/cc2650/obj/ccm-star.o
LOAD build/cc26x0-cc13x0/launchpad/cc2650/obj/list.o
LOAD build/cc26x0-cc13x0/launchpad/cc2650/obj/circular-list.o
LOAD build/cc26x0-cc13x0/launchpad/cc2650/obj/aes-128.o
LOAD build/cc26x0-cc13x0/launchpad/cc2650/obj/trickle-timer.o
LOAD build/cc26x0-cc13x0/launchpad/cc2650/obj/memb.o
LOAD build/cc26x0-cc13x0/launchpad/cc2650/obj/heapmem.o
LOAD build/cc26x0-cc13x0/launchpad/cc2650/obj/hexconv.o
LOAD build/cc26x0-cc13x0/launchpad/cc2650/obj/assert.o
LOAD build/cc26x0-cc13x0/launchpad/cc2650/obj/button-hal.o
LOAD build/cc26x0-cc13x0/launchpad/cc2650/obj/serial-line.o
LOAD build/cc26x0-cc13x0/launchpad/cc2650/obj/spi.o
LOAD build/cc26x0-cc13x0/launchpad/cc2650/obj/leds.o
LOAD build/cc26x0-cc13x0/launchpad/cc2650/obj/nullradio.o
LOAD build/cc26x0-cc13x0/launchpad/cc2650/obj/gpio-hal.o
LOAD build/cc26x0-cc13x0/launchpad/cc2650/obj/queuebuf.o
LOAD build/cc26x0-cc13x0/launchpad/cc2650/obj/nbr-table.o
LOAD build/cc26x0-cc13x0/launchpad/cc2650/obj/packetbuf.o
LOAD build/cc26x0-cc13x0/launchpad/cc2650/obj/netstack.o
LOAD build/cc26x0-cc13x0/launchpad/cc2650/obj/linkaddr.o
LOAD build/cc26x0-cc13x0/launchpad/cc2650/obj/net-debug.o
LOAD build/cc26x0-cc13x0/launchpad/cc2650/obj/link-stats.o
LOAD build/cc26x0-cc13x0/launchpad/cc2650/obj/mac-sequence.o
LOAD build/cc26x0-cc13x0/launchpad/cc2650/obj/mac.o
LOAD build/cc26x0-cc13x0/launchpad/cc2650/obj/frame802154e-ie.o
LOAD build/cc26x0-cc13x0/launchpad/cc2650/obj/framer-802154.o
LOAD build/cc26x0-cc13x0/launchpad/cc2650/obj/nullframer.o
LOAD build/cc26x0-cc13x0/launchpad/cc2650/obj/frame802154.o
LOAD build/cc26x0-cc13x0/launchpad/cc2650/obj/ext-flash.o
LOAD build/cc26x0-cc13x0/launchpad/cc2650/obj/driverlib_release.o
LOAD build/cc26x0-cc13x0/launchpad/cc2650/obj/udma.o
LOAD build/cc26x0-cc13x0/launchpad/cc2650/obj/aux_wuc.o
LOAD build/cc26x0-cc13x0/launchpad/cc2650/obj/setup_rom.o
LOAD build/cc26x0-cc13x0/launchpad/cc2650/obj/watchdog.o
LOAD build/cc26x0-cc13x0/launchpad/cc2650/obj/prcm.o
LOAD build/cc26x0-cc13x0/launchpad/cc2650/obj/ssi.o
LOAD build/cc26x0-cc13x0/launchpad/cc2650/obj/setup.o
LOAD build/cc26x0-cc13x0/launchpad/cc2650/obj/trng.o
LOAD build/cc26x0-cc13x0/launchpad/cc2650/obj/flash.o
LOAD build/cc26x0-cc13x0/launchpad/cc2650/obj/adi.o
LOAD build/cc26x0-cc13x0/launchpad/cc2650/obj/smph.o
LOAD build/cc26x0-cc13x0/launchpad/cc2650/obj/ccfgread.o
LOAD build/cc26x0-cc13x0/launchpad/cc2650/obj/aon_wuc.o
LOAD build/cc26x0-cc13x0/launchpad/cc2650/obj/ioc.o
LOAD build/cc26x0-cc13x0/launchpad/cc2650/obj/aon_ioc.o
LOAD build/cc26x0-cc13x0/launchpad/cc2650/obj/crypto.o
LOAD build/cc26x0-cc13x0/launchpad/cc2650/obj/rom_crypto.o
LOAD build/cc26x0-cc13x0/launchpad/cc2650/obj/i2s.o
LOAD build/cc26x0-cc13x0/launchpad/cc2650/obj/systick.o
LOAD build/cc26x0-cc13x0/launchpad/cc2650/obj/ddi.o
LOAD build/cc26x0-cc13x0/launchpad/cc2650/obj/interrupt.o
LOAD build/cc26x0-cc13x0/launchpad/cc2650/obj/aux_tdc.o
LOAD build/cc26x0-cc13x0/launchpad/cc2650/obj/chipinfo.o
LOAD build/cc26x0-cc13x0/launchpad/cc2650/obj/vims.o
LOAD build/cc26x0-cc13x0/launchpad/cc2650/obj/aon_event.o
LOAD build/cc26x0-cc13x0/launchpad/cc2650/obj/cpu.o
LOAD build/cc26x0-cc13x0/launchpad/cc2650/obj/event.o
LOAD build/cc26x0-cc13x0/launchpad/cc2650/obj/osc.o
LOAD build/cc26x0-cc13x0/launchpad/cc2650/obj/pwr_ctrl.o
LOAD build/cc26x0-cc13x0/launchpad/cc2650/obj/aon_batmon.o
LOAD build/cc26x0-cc13x0/launchpad/cc2650/obj/aux_timer.o
LOAD build/cc26x0-cc13x0/launchpad/cc2650/obj/gpio.o
LOAD build/cc26x0-cc13x0/launchpad/cc2650/obj/sys_ctrl.o
LOAD build/cc26x0-cc13x0/launchpad/cc2650/obj/aon_rtc.o
LOAD build/cc26x0-cc13x0/launchpad/cc2650/obj/aux_smph.o
LOAD build/cc26x0-cc13x0/launchpad/cc2650/obj/i2c.o
LOAD build/cc26x0-cc13x0/launchpad/cc2650/obj/rfc.o
LOAD build/cc26x0-cc13x0/launchpad/cc2650/obj/aux_adc.o
LOAD build/cc26x0-cc13x0/launchpad/cc2650/obj/syscalls.o
LOAD build/cc26x0-cc13x0/launchpad/cc2650/obj/strformat.o
LOAD build/cc26x0-cc13x0/launchpad/cc2650/obj/printf.o
LOAD build/cc26x0-cc13x0/launchpad/cc2650/obj/sprintf.o
LOAD build/cc26x0-cc13x0/launchpad/cc2650/obj/snprintf.o
LOAD build/cc26x0-cc13x0/launchpad/cc2650/obj/puts.o
LOAD build/cc26x0-cc13x0/launchpad/cc2650/obj/putchar.o
LOAD build/cc26x0-cc13x0/launchpad/cc2650/obj/tsch-queue.o
LOAD build/cc26x0-cc13x0/launchpad/cc2650/obj/tsch.o
LOAD build/cc26x0-cc13x0/launchpad/cc2650/obj/tsch-timeslot-timing.o
LOAD build/cc26x0-cc13x0/launchpad/cc2650/obj/tsch-schedule.o
LOAD build/cc26x0-cc13x0/launchpad/cc2650/obj/tsch-slot-operation.o
LOAD build/cc26x0-cc13x0/launchpad/cc2650/obj/tsch-packet.o
LOAD build/cc26x0-cc13x0/launchpad/cc2650/obj/tsch-roots.o
LOAD build/cc26x0-cc13x0/launchpad/cc2650/obj/tsch-security.o
LOAD build/cc26x0-cc13x0/launchpad/cc2650/obj/tsch-stats.o
LOAD build/cc26x0-cc13x0/launchpad/cc2650/obj/tsch-rpl.o
LOAD build/cc26x0-cc13x0/launchpad/cc2650/obj/tsch-adaptive-timesync.o
LOAD build/cc26x0-cc13x0/launchpad/cc2650/obj/tsch-log.o
LOAD build/cc26x0-cc13x0/launchpad/cc2650/obj/uipbuf.o
LOAD build/cc26x0-cc13x0/launchpad/cc2650/obj/uip-icmp6.o
LOAD build/cc26x0-cc13x0/launchpad/cc2650/obj/uip-sr.o
LOAD build/cc26x0-cc13x0/launchpad/cc2650/obj/uip-ds6.o
LOAD build/cc26x0-cc13x0/launchpad/cc2650/obj/uip-packetqueue.o
LOAD build/cc26x0-cc13x0/launchpad/cc2650/obj/tcp-socket.o
LOAD build/cc26x0-cc13x0/launchpad/cc2650/obj/ip64-addr.o
LOAD build/cc26x0-cc13x0/launchpad/cc2650/obj/uip-udp-packet.o
LOAD build/cc26x0-cc13x0/launchpad/cc2650/obj/uip-ds6-route.o
LOAD build/cc26x0-cc13x0/launchpad/cc2650/obj/psock.o
LOAD build/cc26x0-cc13x0/launchpad/cc2650/obj/uip-ds6-nbr.o
LOAD build/cc26x0-cc13x0/launchpad/cc2650/obj/tcpip.o
LOAD build/cc26x0-cc13x0/launchpad/cc2650/obj/uip6.o
LOAD build/cc26x0-cc13x0/launchpad/cc2650/obj/uip-nameserver.o
LOAD build/cc26x0-cc13x0/launchpad/cc2650/obj/uip-nd6.o
LOAD build/cc26x0-cc13x0/launchpad/cc2650/obj/udp-socket.o
LOAD build/cc26x0-cc13x0/launchpad/cc2650/obj/simple-udp.o
LOAD build/cc26x0-cc13x0/launchpad/cc2650/obj/sicslowpan.o
LOAD build/cc26x0-cc13x0/launchpad/cc2650/obj/uiplib.o
LOAD build/cc26x0-cc13x0/launchpad/cc2650/obj/rpl-icmp6.o
LOAD build/cc26x0-cc13x0/launchpad/cc2650/obj/rpl-of0.o
LOAD build/cc26x0-cc13x0/launchpad/cc2650/obj/rpl-neighbor.o
LOAD build/cc26x0-cc13x0/launchpad/cc2650/obj/rpl-dag.o
LOAD build/cc26x0-cc13x0/launchpad/cc2650/obj/rpl-timers.o
LOAD build/cc26x0-cc13x0/launchpad/cc2650/obj/rpl-ext-header.o
LOAD build/cc26x0-cc13x0/launchpad/cc2650/obj/rpl.o
LOAD build/cc26x0-cc13x0/launchpad/cc2650/obj/rpl-nbr-policy.o
LOAD build/cc26x0-cc13x0/launchpad/cc2650/obj/rpl-mrhof.o
LOAD build/cc26x0-cc13x0/launchpad/cc2650/obj/rpl-dag-root.o
LOAD node.o
START GROUP
LOAD /usr/local/bin/../lib/gcc/arm-none-eabi/10.3.1/../../../../arm-none-eabi/lib/thumb/v7-m/nofp/libm.a
END GROUP
START GROUP
LOAD /usr/local/bin/../lib/gcc/arm-none-eabi/10.3.1/thumb/v7-m/nofp/libgcc.a
LOAD /usr/local/bin/../lib/gcc/arm-none-eabi/10.3.1/../../../../arm-none-eabi/lib/thumb/v7-m/nofp/libc.a
END GROUP
                0x20005000                _estack = (ORIGIN (SRAM) + LENGTH (SRAM))
                0x00000000                _Min_Heap_Size = 0x0
                0x00000400                _Min_Stack_Size = 0x400

.text           0x00000000    0x157c5
                0x00000000                _text = .
 *(SORT_BY_ALIGNMENT(.vectors))
 .vectors       0x00000000       0xc8 build/cc26x0-cc13x0/launchpad/cc2650/obj/startup_gcc.o
                0x00000000                g_pfnVectors
 *(SORT_BY_ALIGNMENT(.text*))
 .text.FaultISR
                0x000000c8       0x1c build/cc26x0-cc13x0/launchpad/cc2650/obj/fault-handlers.o
                0x000000c8                FaultISR
 .text.NmiSRHandler
                0x000000e4        0x4 build/cc26x0-cc13x0/launchpad/cc2650/obj/startup_gcc.o
                0x000000e4                NmiSR
 .text.IntDefaultHandler
                0x000000e8        0x4 build/cc26x0-cc13x0/launchpad/cc2650/obj/startup_gcc.o
                0x000000e8                SSI0IntHandler
                0x000000e8                SWEvent0IntHandler
                0x000000e8                uDMAIntHandler
                0x000000e8                WatchdogIntHandler
                0x000000e8                RFCHardwareIntHandler
                0x000000e8                Timer1BIntHandler
                0x000000e8                I2SIntHandler
                0x000000e8                Timer2BIntHandler
                0x000000e8                Timer2AIntHandler
                0x000000e8                Timer1AIntHandler
                0x000000e8                AONIntHandler
                0x000000e8                AUXSWEvent0IntHandler
                0x000000e8                AUXADCIntHandler
                0x000000e8                PendSVIntHandler
                0x000000e8                AUXSWEvent1IntHandler
                0x000000e8                SVCallIntHandler
                0x000000e8                MPUFaultIntHandler
                0x000000e8                SysTickIntHandler
                0x000000e8                BusFaultIntHandler
                0x000000e8                AONProgIntHandler
                0x000000e8                AUXCompAIntHandler
                0x000000e8                SSI1IntHandler
                0x000000e8                FlashIntHandler
                0x000000e8                uDMAErrIntHandler
                0x000000e8                UsageFaultIntHandler
                0x000000e8                RFCCmdAckIntHandler
                0x000000e8                CryptoIntHandler
                0x000000e8                Timer0AIntHandler
                0x000000e8                I2CIntHandler
                0x000000e8                DebugMonIntHandler
                0x000000e8                Timer0BIntHandler
                0x000000e8                AUXCombEventIntHandler
                0x000000e8                Timer3AIntHandler
                0x000000e8                DynProgIntHandler
                0x000000e8                Timer3BIntHandler
 .text.ResetISR
                0x000000ec       0x5c build/cc26x0-cc13x0/launchpad/cc2650/obj/startup_gcc.o
                0x000000ec                ResetISR
 .text.fade     0x00000148       0x64 build/cc26x0-cc13x0/launchpad/cc2650/obj/platform.o
 .text.platform_init_stage_one
                0x000001ac       0x78 build/cc26x0-cc13x0/launchpad/cc2650/obj/platform.o
                0x000001ac                platform_init_stage_one
 .text.platform_init_stage_two
                0x00000224       0x38 build/cc26x0-cc13x0/launchpad/cc2650/obj/platform.o
                0x00000224                platform_init_stage_two
 .text.platform_init_stage_three
                0x0000025c       0xd4 build/cc26x0-cc13x0/launchpad/cc2650/obj/platform.o
                0x0000025c                platform_init_stage_three
 .text.platform_idle
                0x00000330        0x4 build/cc26x0-cc13x0/launchpad/cc2650/obj/platform.o
                0x00000330                platform_idle
 .text.wakeup_handler
                0x00000334       0x20 build/cc26x0-cc13x0/launchpad/cc2650/obj/board.o
 .text.board_init
                0x00000354       0x8c build/cc26x0-cc13x0/launchpad/cc2650/obj/board.o
                0x00000354                board_init
 .text.power_domain_on
                0x000003e0       0x20 build/cc26x0-cc13x0/launchpad/cc2650/obj/clock.o
 .text.clock_init
                0x00000400       0x8c build/cc26x0-cc13x0/launchpad/cc2650/obj/clock.o
                0x00000400                clock_init
 .text.clock_time
                0x0000048c       0x20 build/cc26x0-cc13x0/launchpad/cc2650/obj/clock.o
                0x0000048c                clock_time
 .text.clock_update
                0x000004ac       0x28 build/cc26x0-cc13x0/launchpad/cc2650/obj/clock.o
                0x000004ac                clock_update
 .text.clock_seconds
                0x000004d4        0xc build/cc26x0-cc13x0/launchpad/cc2650/obj/clock.o
                0x000004d4                clock_seconds
 .text.rtimer_arch_init
                0x000004e0        0x4 build/cc26x0-cc13x0/launchpad/cc2650/obj/rtimer-arch.o
                0x000004e0                rtimer_arch_init
 .text.rtimer_arch_schedule
                0x000004e4        0x8 build/cc26x0-cc13x0/launchpad/cc2650/obj/rtimer-arch.o
                0x000004e4                rtimer_arch_schedule
 .text.rtimer_arch_now
                0x000004ec        0x4 build/cc26x0-cc13x0/launchpad/cc2650/obj/rtimer-arch.o
                0x000004ec                rtimer_arch_now
 .text.soc_rtc_init
                0x000004f0       0x90 build/cc26x0-cc13x0/launchpad/cc2650/obj/soc-rtc.o
                0x000004f0                soc_rtc_init
 .text.soc_rtc_schedule_one_shot
                0x00000580       0x68 build/cc26x0-cc13x0/launchpad/cc2650/obj/soc-rtc.o
                0x00000580                soc_rtc_schedule_one_shot
 .text.soc_rtc_last_isr_time
                0x000005e8        0xc build/cc26x0-cc13x0/launchpad/cc2650/obj/soc-rtc.o
                0x000005e8                soc_rtc_last_isr_time
 .text.AONRTCIntHandler
                0x000005f4       0x78 build/cc26x0-cc13x0/launchpad/cc2650/obj/soc-rtc.o
                0x000005f4                AONRTCIntHandler
 .text.watchdog_init
                0x0000066c       0x10 build/cc26x0-cc13x0/launchpad/cc2650/obj/contiki-watchdog.o
                0x0000066c                watchdog_init
 .text.watchdog_start
                0x0000067c       0x58 build/cc26x0-cc13x0/launchpad/cc2650/obj/contiki-watchdog.o
                0x0000067c                watchdog_start
 .text.watchdog_periodic
                0x000006d4        0xc build/cc26x0-cc13x0/launchpad/cc2650/obj/contiki-watchdog.o
                0x000006d4                watchdog_periodic
 .text.watchdog_reboot
                0x000006e0        0x8 build/cc26x0-cc13x0/launchpad/cc2650/obj/contiki-watchdog.o
                0x000006e0                watchdog_reboot
 .text.aux_ctrl_register_consumer
                0x000006e8       0x60 build/cc26x0-cc13x0/launchpad/cc2650/obj/aux-ctrl.o
                0x000006e8                aux_ctrl_register_consumer
 .text.aux_ctrl_power_up
                0x00000748       0x28 build/cc26x0-cc13x0/launchpad/cc2650/obj/aux-ctrl.o
                0x00000748                aux_ctrl_power_up
 .text.aux_ctrl_power_down
                0x00000770       0x64 build/cc26x0-cc13x0/launchpad/cc2650/obj/aux-ctrl.o
                0x00000770                aux_ctrl_power_down
 .text.aux_ctrl_unregister_consumer
                0x000007d4       0x28 build/cc26x0-cc13x0/launchpad/cc2650/obj/aux-ctrl.o
                0x000007d4                aux_ctrl_unregister_consumer
 .text.dbg_send_bytes
                0x000007fc       0x30 build/cc26x0-cc13x0/launchpad/cc2650/obj/dbg.o
                0x000007fc                dbg_send_bytes
 .text.ieee_addr_cpy_to
                0x0000082c       0x40 build/cc26x0-cc13x0/launchpad/cc2650/obj/ieee-addr.o
                0x0000082c                ieee_addr_cpy_to
 .text.power_and_clock
                0x0000086c       0x44 build/cc26x0-cc13x0/launchpad/cc2650/obj/cc26xx-uart.o
 .text.enable   0x000008b0       0xc0 build/cc26x0-cc13x0/launchpad/cc2650/obj/cc26xx-uart.o
 .text.lpm_drop_handler
                0x00000970      0x110 build/cc26x0-cc13x0/launchpad/cc2650/obj/cc26xx-uart.o
 .text.cc26xx_uart_init
                0x00000a80       0x28 build/cc26x0-cc13x0/launchpad/cc2650/obj/cc26xx-uart.o
                0x00000a80                cc26xx_uart_init
 .text.cc26xx_uart_write_byte
                0x00000aa8       0x40 build/cc26x0-cc13x0/launchpad/cc2650/obj/cc26xx-uart.o
                0x00000aa8                cc26xx_uart_write_byte
 .text.cc26xx_uart_set_input
                0x00000ae8       0x74 build/cc26x0-cc13x0/launchpad/cc2650/obj/cc26xx-uart.o
                0x00000ae8                cc26xx_uart_set_input
 .text.cc26xx_uart_busy
                0x00000b5c       0x34 build/cc26x0-cc13x0/launchpad/cc2650/obj/cc26xx-uart.o
                0x00000b5c                cc26xx_uart_busy
 .text.UART0IntHandler
                0x00000b90       0x44 build/cc26x0-cc13x0/launchpad/cc2650/obj/cc26xx-uart.o
                0x00000b90                UART0IntHandler
 .text.lpm_sleep
                0x00000bd4       0x18 build/cc26x0-cc13x0/launchpad/cc2650/obj/lpm.o
                0x00000bd4                lpm_sleep
 .text.lpm_drop
                0x00000bec      0x29c build/cc26x0-cc13x0/launchpad/cc2650/obj/lpm.o
                0x00000bec                lpm_drop
 .text.lpm_register_module
                0x00000e88        0xc build/cc26x0-cc13x0/launchpad/cc2650/obj/lpm.o
                0x00000e88                lpm_register_module
 .text.lpm_unregister_module
                0x00000e94        0xc build/cc26x0-cc13x0/launchpad/cc2650/obj/lpm.o
                0x00000e94                lpm_unregister_module
 .text.lpm_init
                0x00000ea0       0x20 build/cc26x0-cc13x0/launchpad/cc2650/obj/lpm.o
                0x00000ea0                lpm_init
 .text.lpm_pin_set_default_state
                0x00000ec0       0x2c build/cc26x0-cc13x0/launchpad/cc2650/obj/lpm.o
                0x00000ec0                lpm_pin_set_default_state
 .text.GPIOIntHandler
                0x00000eec       0x14 build/cc26x0-cc13x0/launchpad/cc2650/obj/gpio-interrupt.o
                0x00000eec                GPIOIntHandler
 .text.gpio_hal_arch_no_port_pin_cfg_set
                0x00000f00       0x78 build/cc26x0-cc13x0/launchpad/cc2650/obj/gpio-hal-arch.o
                0x00000f00                gpio_hal_arch_no_port_pin_cfg_set
 .text.gpio_hal_arch_no_port_read_pin
                0x00000f78       0x24 build/cc26x0-cc13x0/launchpad/cc2650/obj/gpio-hal-arch.o
                0x00000f78                gpio_hal_arch_no_port_read_pin
 .text.oscillators_select_lf_xosc
                0x00000f9c       0x5c build/cc26x0-cc13x0/launchpad/cc2650/obj/oscillators.o
                0x00000f9c                oscillators_select_lf_xosc
 .text.oscillators_request_hf_xosc
                0x00000ff8       0x30 build/cc26x0-cc13x0/launchpad/cc2650/obj/oscillators.o
                0x00000ff8                oscillators_request_hf_xosc
 .text.oscillators_switch_to_hf_xosc
                0x00001028       0x34 build/cc26x0-cc13x0/launchpad/cc2650/obj/oscillators.o
                0x00001028                oscillators_switch_to_hf_xosc
 .text.oscillators_switch_to_hf_rc
                0x0000105c       0x44 build/cc26x0-cc13x0/launchpad/cc2650/obj/oscillators.o
                0x0000105c                oscillators_switch_to_hf_rc
 .text.process_thread_rf_core_process
                0x000010a0       0x58 build/cc26x0-cc13x0/launchpad/cc2650/obj/rf-core.o
 .text.rf_core_is_accessible
                0x000010f8       0x10 build/cc26x0-cc13x0/launchpad/cc2650/obj/rf-core.o
                0x000010f8                rf_core_is_accessible
 .text.rf_core_send_cmd
                0x00001108       0xd4 build/cc26x0-cc13x0/launchpad/cc2650/obj/rf-core.o
                0x00001108                rf_core_send_cmd
 .text.rf_core_wait_cmd_done
                0x000011dc       0x38 build/cc26x0-cc13x0/launchpad/cc2650/obj/rf-core.o
                0x000011dc                rf_core_wait_cmd_done
 .text.rf_core_power_up
                0x00001214       0xc8 build/cc26x0-cc13x0/launchpad/cc2650/obj/rf-core.o
                0x00001214                rf_core_power_up
 .text.rf_core_start_rat
                0x000012dc       0x84 build/cc26x0-cc13x0/launchpad/cc2650/obj/rf-core.o
                0x000012dc                rf_core_start_rat
 .text.rf_core_stop_rat
                0x00001360       0x98 build/cc26x0-cc13x0/launchpad/cc2650/obj/rf-core.o
                0x00001360                rf_core_stop_rat
 .text.rf_core_power_down
                0x000013f8      0x104 build/cc26x0-cc13x0/launchpad/cc2650/obj/rf-core.o
                0x000013f8                rf_core_power_down
 .text.rf_core_set_modesel
                0x000014fc       0x4c build/cc26x0-cc13x0/launchpad/cc2650/obj/rf-core.o
                0x000014fc                rf_core_set_modesel
 .text.rf_core_boot
                0x00001548       0x1c build/cc26x0-cc13x0/launchpad/cc2650/obj/rf-core.o
                0x00001548                rf_core_boot
 .text.rf_core_restart_rat
                0x00001564       0x18 build/cc26x0-cc13x0/launchpad/cc2650/obj/rf-core.o
                0x00001564                rf_core_restart_rat
 .text.rf_core_setup_interrupts
                0x0000157c       0x7c build/cc26x0-cc13x0/launchpad/cc2650/obj/rf-core.o
                0x0000157c                rf_core_setup_interrupts
 .text.rf_core_cmd_done_en
                0x000015f8       0x3c build/cc26x0-cc13x0/launchpad/cc2650/obj/rf-core.o
                0x000015f8                rf_core_cmd_done_en
 .text.rf_core_cmd_done_dis
                0x00001634       0x20 build/cc26x0-cc13x0/launchpad/cc2650/obj/rf-core.o
                0x00001634                rf_core_cmd_done_dis
 .text.rf_core_get_last_radio_op
                0x00001654        0xc build/cc26x0-cc13x0/launchpad/cc2650/obj/rf-core.o
                0x00001654                rf_core_get_last_radio_op
 .text.rf_core_init_radio_op
                0x00001660       0x20 build/cc26x0-cc13x0/launchpad/cc2650/obj/rf-core.o
                0x00001660                rf_core_init_radio_op
 .text.rf_core_primary_mode_register
                0x00001680        0xc build/cc26x0-cc13x0/launchpad/cc2650/obj/rf-core.o
                0x00001680                rf_core_primary_mode_register
 .text.rf_core_rat_init
                0x0000168c       0x2c build/cc26x0-cc13x0/launchpad/cc2650/obj/rf-core.o
                0x0000168c                rf_core_rat_init
 .text.rf_core_check_rat_overflow
                0x000016b8       0x70 build/cc26x0-cc13x0/launchpad/cc2650/obj/rf-core.o
                0x000016b8                rf_core_check_rat_overflow
 .text.rat_overflow_check_timer_cb
                0x00001728       0x60 build/cc26x0-cc13x0/launchpad/cc2650/obj/rf-core.o
 .text.rf_core_convert_rat_to_rtimer
                0x00001788       0x98 build/cc26x0-cc13x0/launchpad/cc2650/obj/rf-core.o
                0x00001788                rf_core_convert_rat_to_rtimer
 .text.RFCCPE1IntHandler
                0x00001820       0x54 build/cc26x0-cc13x0/launchpad/cc2650/obj/rf-core.o
                0x00001820                RFCCPE1IntHandler
 .text.RFCCPE0IntHandler
                0x00001874       0x54 build/cc26x0-cc13x0/launchpad/cc2650/obj/rf-core.o
                0x00001874                RFCCPE0IntHandler
 .text.rf_ble_is_active
                0x000018c8        0xc build/cc26x0-cc13x0/launchpad/cc2650/obj/rf-ble.o
                0x000018c8                rf_ble_is_active
 .text.rf_is_on
                0x000018d4       0x1c build/cc26x0-cc13x0/launchpad/cc2650/obj/ieee-mode.o
 .text.prepare  0x000018f0       0x1c build/cc26x0-cc13x0/launchpad/cc2650/obj/ieee-mode.o
 .text.rf_radio_setup
                0x0000190c       0x60 build/cc26x0-cc13x0/launchpad/cc2650/obj/ieee-mode.o
 .text.pending_packet
                0x0000196c       0x48 build/cc26x0-cc13x0/launchpad/cc2650/obj/ieee-mode.o
 .text.soft_off
                0x000019b4       0x44 build/cc26x0-cc13x0/launchpad/cc2650/obj/ieee-mode.o
 .text.get_object
                0x000019f8       0x44 build/cc26x0-cc13x0/launchpad/cc2650/obj/ieee-mode.o
 .text.transmitting.part.0
                0x00001a3c       0x4c build/cc26x0-cc13x0/launchpad/cc2650/obj/ieee-mode.o
 .text.get_cca_info.part.0
                0x00001a88       0x54 build/cc26x0-cc13x0/launchpad/cc2650/obj/ieee-mode.o
 .text.read_frame
                0x00001adc       0xec build/cc26x0-cc13x0/launchpad/cc2650/obj/ieee-mode.o
 .text.rx_off.part.0
                0x00001bc8       0x7c build/cc26x0-cc13x0/launchpad/cc2650/obj/ieee-mode.o
 .text.request  0x00001c44       0x20 build/cc26x0-cc13x0/launchpad/cc2650/obj/ieee-mode.o
 .text.rx_on    0x00001c64       0x5c build/cc26x0-cc13x0/launchpad/cc2650/obj/ieee-mode.o
 .text.soft_on  0x00001cc0       0x18 build/cc26x0-cc13x0/launchpad/cc2650/obj/ieee-mode.o
 .text.off.part.0
                0x00001cd8       0x84 build/cc26x0-cc13x0/launchpad/cc2650/obj/ieee-mode.o
 .text.off      0x00001d5c       0x14 build/cc26x0-cc13x0/launchpad/cc2650/obj/ieee-mode.o
 .text.on       0x00001d70       0xa0 build/cc26x0-cc13x0/launchpad/cc2650/obj/ieee-mode.o
 .text.init     0x00001e10      0x118 build/cc26x0-cc13x0/launchpad/cc2650/obj/ieee-mode.o
 .text.channel_clear
                0x00001f28       0xa4 build/cc26x0-cc13x0/launchpad/cc2650/obj/ieee-mode.o
 .text.transmit.part.0
                0x00001fcc      0x104 build/cc26x0-cc13x0/launchpad/cc2650/obj/ieee-mode.o
 .text.transmit
                0x000020d0        0xc build/cc26x0-cc13x0/launchpad/cc2650/obj/ieee-mode.o
 .text.send     0x000020dc       0x24 build/cc26x0-cc13x0/launchpad/cc2650/obj/ieee-mode.o
 .text.receiving_packet
                0x00002100       0x48 build/cc26x0-cc13x0/launchpad/cc2650/obj/ieee-mode.o
 .text.set_object
                0x00002148       0x70 build/cc26x0-cc13x0/launchpad/cc2650/obj/ieee-mode.o
 .text.set_value
                0x000021b8      0x19c build/cc26x0-cc13x0/launchpad/cc2650/obj/ieee-mode.o
 .text.get_value
                0x00002354      0x1c8 build/cc26x0-cc13x0/launchpad/cc2650/obj/ieee-mode.o
 .text.random_rand
                0x0000251c        0xc build/cc26x0-cc13x0/launchpad/cc2650/obj/random.o
                0x0000251c                random_rand
 .text.random_init
                0x00002528        0x4 build/cc26x0-cc13x0/launchpad/cc2650/obj/random.o
                0x00002528                random_init
 .text.power_up
                0x0000252c       0x44 build/cc26x0-cc13x0/launchpad/cc2650/obj/soc-trng.o
 .text.request  0x00002570       0x14 build/cc26x0-cc13x0/launchpad/cc2650/obj/soc-trng.o
 .text.process_thread_soc_trng_process
                0x00002584       0x8c build/cc26x0-cc13x0/launchpad/cc2650/obj/soc-trng.o
 .text.soc_trng_rand_synchronous
                0x00002610       0xd0 build/cc26x0-cc13x0/launchpad/cc2650/obj/soc-trng.o
                0x00002610                soc_trng_rand_synchronous
 .text.TRNGIntHandler
                0x000026e0       0x54 build/cc26x0-cc13x0/launchpad/cc2650/obj/soc-trng.o
                0x000026e0                TRNGIntHandler
 .text.soc_trng_init
                0x00002734       0x28 build/cc26x0-cc13x0/launchpad/cc2650/obj/soc-trng.o
                0x00002734                soc_trng_init
 .text.int_master_read_and_disable
                0x0000275c       0x10 build/cc26x0-cc13x0/launchpad/cc2650/obj/int-master.o
                0x0000275c                int_master_read_and_disable
 .text.int_master_status_set
                0x0000276c        0x8 build/cc26x0-cc13x0/launchpad/cc2650/obj/int-master.o
                0x0000276c                int_master_status_set
 .text.spi_arch_has_lock
                0x00002774       0x18 build/cc26x0-cc13x0/launchpad/cc2650/obj/spi-arch.o
                0x00002774                spi_arch_has_lock
 .text.spi_arch_lock_and_open
                0x0000278c      0x154 build/cc26x0-cc13x0/launchpad/cc2650/obj/spi-arch.o
                0x0000278c                spi_arch_lock_and_open
 .text.spi_arch_close_and_unlock
                0x000028e0       0xac build/cc26x0-cc13x0/launchpad/cc2650/obj/spi-arch.o
                0x000028e0                spi_arch_close_and_unlock
 .text.spi_arch_transfer
                0x0000298c       0xe0 build/cc26x0-cc13x0/launchpad/cc2650/obj/spi-arch.o
                0x0000298c                spi_arch_transfer
 .text.shell_output_lladdr.part.0
                0x00002a6c       0x6c build/cc26x0-cc13x0/launchpad/cc2650/obj/shell.o
 .text.shell_output_6addr
                0x00002ad8       0x28 build/cc26x0-cc13x0/launchpad/cc2650/obj/shell.o
                0x00002ad8                shell_output_6addr
 .text.shell_output_lladdr
                0x00002b00       0x24 build/cc26x0-cc13x0/launchpad/cc2650/obj/shell.o
                0x00002b00                shell_output_lladdr
 .text.shell_input
                0x00002b24       0xcc build/cc26x0-cc13x0/launchpad/cc2650/obj/shell.o
                0x00002b24                shell_input
 .text.shell_init
                0x00002bf0        0x4 build/cc26x0-cc13x0/launchpad/cc2650/obj/shell.o
                0x00002bf0                shell_init
 .text.cmd_rpl_global_repair
                0x00002bf4       0x3c build/cc26x0-cc13x0/launchpad/cc2650/obj/shell-commands.o
 .text.cmd_rpl_local_repair
                0x00002c30       0x3c build/cc26x0-cc13x0/launchpad/cc2650/obj/shell-commands.o
 .text.cmd_help
                0x00002c6c       0x70 build/cc26x0-cc13x0/launchpad/cc2650/obj/shell-commands.o
 .text.cmd_macaddr
                0x00002cdc       0x48 build/cc26x0-cc13x0/launchpad/cc2650/obj/shell-commands.o
 .text.cmd_tsch_status
                0x00002d24      0x15c build/cc26x0-cc13x0/launchpad/cc2650/obj/shell-commands.o
 .text.cmd_tsch_schedule
                0x00002e80       0xe0 build/cc26x0-cc13x0/launchpad/cc2650/obj/shell-commands.o
 .text.cmd_tsch_set_coordinator
                0x00002f60      0x15c build/cc26x0-cc13x0/launchpad/cc2650/obj/shell-commands.o
 .text.cmd_rpl_nbr
                0x000030bc       0x94 build/cc26x0-cc13x0/launchpad/cc2650/obj/shell-commands.o
 .text.cmd_ipaddr
                0x00003150       0x80 build/cc26x0-cc13x0/launchpad/cc2650/obj/shell-commands.o
 .text.cmd_rpl_status
                0x000031d0      0x278 build/cc26x0-cc13x0/launchpad/cc2650/obj/shell-commands.o
 .text.cmd_rpl_refresh_routes
                0x00003448       0x34 build/cc26x0-cc13x0/launchpad/cc2650/obj/shell-commands.o
 .text.cmd_rpl_set_root
                0x0000347c      0x188 build/cc26x0-cc13x0/launchpad/cc2650/obj/shell-commands.o
 .text.cmd_routes
                0x00003604      0x104 build/cc26x0-cc13x0/launchpad/cc2650/obj/shell-commands.o
 .text.cmd_ping
                0x00003708      0x168 build/cc26x0-cc13x0/launchpad/cc2650/obj/shell-commands.o
 .text.cmd_ip_neighbors
                0x00003870       0xe4 build/cc26x0-cc13x0/launchpad/cc2650/obj/shell-commands.o
 .text.shell_output_log_levels
                0x00003954       0x5c build/cc26x0-cc13x0/launchpad/cc2650/obj/shell-commands.o
 .text.cmd_log  0x000039b0      0x128 build/cc26x0-cc13x0/launchpad/cc2650/obj/shell-commands.o
 .text.cmd_reboot
                0x00003ad8       0x30 build/cc26x0-cc13x0/launchpad/cc2650/obj/shell-commands.o
 .text.echo_reply_handler
                0x00003b08       0x30 build/cc26x0-cc13x0/launchpad/cc2650/obj/shell-commands.o
 .text.shell_commands_init
                0x00003b38       0x30 build/cc26x0-cc13x0/launchpad/cc2650/obj/shell-commands.o
                0x00003b38                shell_commands_init
 .text.shell_command_lookup
                0x00003b68       0x44 build/cc26x0-cc13x0/launchpad/cc2650/obj/shell-commands.o
                0x00003b68                shell_command_lookup
 .text.process_thread_serial_shell_process
                0x00003bac       0x5c build/cc26x0-cc13x0/launchpad/cc2650/obj/serial-shell.o
 .text.serial_shell_output
                0x00003c08        0xc build/cc26x0-cc13x0/launchpad/cc2650/obj/serial-shell.o
 .text.serial_shell_init
                0x00003c14        0xc build/cc26x0-cc13x0/launchpad/cc2650/obj/serial-shell.o
                0x00003c14                serial_shell_init
 .text.startup.main
                0x00003c20      0x1f8 build/cc26x0-cc13x0/launchpad/cc2650/obj/contiki-main.o
                0x00003c20                main
 .text.autostart_start
                0x00003e18       0x18 build/cc26x0-cc13x0/launchpad/cc2650/obj/autostart.o
                0x00003e18                autostart_start
 .text.process_thread_ctimer_process
                0x00003e30       0x94 build/cc26x0-cc13x0/launchpad/cc2650/obj/ctimer.o
 .text.ctimer_init
                0x00003ec4       0x28 build/cc26x0-cc13x0/launchpad/cc2650/obj/ctimer.o
                0x00003ec4                ctimer_init
 .text.ctimer_set
                0x00003eec       0x4c build/cc26x0-cc13x0/launchpad/cc2650/obj/ctimer.o
                0x00003eec                ctimer_set
 .text.ctimer_reset
                0x00003f38       0x44 build/cc26x0-cc13x0/launchpad/cc2650/obj/ctimer.o
                0x00003f38                ctimer_reset
 .text.ctimer_stop
                0x00003f7c       0x34 build/cc26x0-cc13x0/launchpad/cc2650/obj/ctimer.o
                0x00003f7c                ctimer_stop
 .text.ctimer_expired
                0x00003fb0       0x3c build/cc26x0-cc13x0/launchpad/cc2650/obj/ctimer.o
                0x00003fb0                ctimer_expired
 .text.energest_init
                0x00003fec        0x4 build/cc26x0-cc13x0/launchpad/cc2650/obj/energest.o
                0x00003fec                energest_init
 .text.update_time.part.0
                0x00003ff0       0x3c build/cc26x0-cc13x0/launchpad/cc2650/obj/etimer.o
 .text.process_thread_etimer_process
                0x0000402c       0xd4 build/cc26x0-cc13x0/launchpad/cc2650/obj/etimer.o
 .text.add_timer
                0x00004100       0x54 build/cc26x0-cc13x0/launchpad/cc2650/obj/etimer.o
 .text.etimer_request_poll
                0x00004154        0xc build/cc26x0-cc13x0/launchpad/cc2650/obj/etimer.o
                0x00004154                etimer_request_poll
 .text.etimer_set
                0x00004160       0x14 build/cc26x0-cc13x0/launchpad/cc2650/obj/etimer.o
                0x00004160                etimer_set
 .text.etimer_reset
                0x00004174       0x14 build/cc26x0-cc13x0/launchpad/cc2650/obj/etimer.o
                0x00004174                etimer_reset
 .text.etimer_expired
                0x00004188        0xc build/cc26x0-cc13x0/launchpad/cc2650/obj/etimer.o
                0x00004188                etimer_expired
 .text.etimer_pending
                0x00004194       0x10 build/cc26x0-cc13x0/launchpad/cc2650/obj/etimer.o
                0x00004194                etimer_pending
 .text.etimer_next_expiration_time
                0x000041a4       0x14 build/cc26x0-cc13x0/launchpad/cc2650/obj/etimer.o
                0x000041a4                etimer_next_expiration_time
 .text.etimer_stop
                0x000041b8       0x54 build/cc26x0-cc13x0/launchpad/cc2650/obj/etimer.o
                0x000041b8                etimer_stop
 .text.log_6addr
                0x0000420c       0x20 build/cc26x0-cc13x0/launchpad/cc2650/obj/log.o
                0x0000420c                log_6addr
 .text.log_lladdr
                0x0000422c       0x60 build/cc26x0-cc13x0/launchpad/cc2650/obj/log.o
                0x0000422c                log_lladdr
 .text.log_set_level
                0x0000428c       0x48 build/cc26x0-cc13x0/launchpad/cc2650/obj/log.o
                0x0000428c                log_set_level
 .text.log_get_level
                0x000042d4       0x44 build/cc26x0-cc13x0/launchpad/cc2650/obj/log.o
                0x000042d4                log_get_level
 .text.log_level_to_str
                0x00004318       0x18 build/cc26x0-cc13x0/launchpad/cc2650/obj/log.o
                0x00004318                log_level_to_str
 .text.stimer_set
                0x00004330       0x10 build/cc26x0-cc13x0/launchpad/cc2650/obj/stimer.o
                0x00004330                stimer_set
 .text.stimer_expired
                0x00004340       0x20 build/cc26x0-cc13x0/launchpad/cc2650/obj/stimer.o
                0x00004340                stimer_expired
 .text.exit_process
                0x00004360       0xd8 build/cc26x0-cc13x0/launchpad/cc2650/obj/process.o
 .text.call_process.part.0
                0x00004438       0x38 build/cc26x0-cc13x0/launchpad/cc2650/obj/process.o
 .text.do_poll  0x00004470       0x5c build/cc26x0-cc13x0/launchpad/cc2650/obj/process.o
 .text.process_alloc_event
                0x000044cc       0x10 build/cc26x0-cc13x0/launchpad/cc2650/obj/process.o
                0x000044cc                process_alloc_event
 .text.process_start
                0x000044dc       0x64 build/cc26x0-cc13x0/launchpad/cc2650/obj/process.o
                0x000044dc                process_start
 .text.process_init
                0x00004540       0x38 build/cc26x0-cc13x0/launchpad/cc2650/obj/process.o
                0x00004540                process_init
 .text.process_run
                0x00004578       0xd8 build/cc26x0-cc13x0/launchpad/cc2650/obj/process.o
                0x00004578                process_run
 .text.process_nevents
                0x00004650       0x14 build/cc26x0-cc13x0/launchpad/cc2650/obj/process.o
                0x00004650                process_nevents
 .text.process_post
                0x00004664       0x4c build/cc26x0-cc13x0/launchpad/cc2650/obj/process.o
                0x00004664                process_post
 .text.process_post_synch
                0x000046b0       0x18 build/cc26x0-cc13x0/launchpad/cc2650/obj/process.o
                0x000046b0                process_post_synch
 .text.process_poll
                0x000046c8       0x1c build/cc26x0-cc13x0/launchpad/cc2650/obj/process.o
                0x000046c8                process_poll
 .text.rtimer_init
                0x000046e4        0x4 build/cc26x0-cc13x0/launchpad/cc2650/obj/rtimer.o
                0x000046e4                rtimer_init
 .text.rtimer_set
                0x000046e8       0x30 build/cc26x0-cc13x0/launchpad/cc2650/obj/rtimer.o
                0x000046e8                rtimer_set
 .text.rtimer_run_next
                0x00004718       0x28 build/cc26x0-cc13x0/launchpad/cc2650/obj/rtimer.o
                0x00004718                rtimer_run_next
 .text.node_id_init
                0x00004740       0x18 build/cc26x0-cc13x0/launchpad/cc2650/obj/node-id.o
                0x00004740                node_id_init
 .text.timer_set
                0x00004758       0x10 build/cc26x0-cc13x0/launchpad/cc2650/obj/timer.o
                0x00004758                timer_set
 .text.timer_reset
                0x00004768       0x1c build/cc26x0-cc13x0/launchpad/cc2650/obj/timer.o
                0x00004768                timer_reset
 .text.timer_expired
                0x00004784       0x1c build/cc26x0-cc13x0/launchpad/cc2650/obj/timer.o
                0x00004784                timer_expired
 .text.stack_check_init
                0x000047a0       0x28 build/cc26x0-cc13x0/launchpad/cc2650/obj/stack-check.o
                0x000047a0                stack_check_init
 .text.stack_check_get_usage
                0x000047c8       0x54 build/cc26x0-cc13x0/launchpad/cc2650/obj/stack-check.o
                0x000047c8                stack_check_get_usage
 .text.process_thread_stack_check_process
                0x0000481c       0xb0 build/cc26x0-cc13x0/launchpad/cc2650/obj/stack-check.o
 .text.ringbuf_init
                0x000048cc       0x10 build/cc26x0-cc13x0/launchpad/cc2650/obj/ringbuf.o
                0x000048cc                ringbuf_init
 .text.ringbuf_put
                0x000048dc       0x2c build/cc26x0-cc13x0/launchpad/cc2650/obj/ringbuf.o
                0x000048dc                ringbuf_put
 .text.ringbuf_get
                0x00004908       0x28 build/cc26x0-cc13x0/launchpad/cc2650/obj/ringbuf.o
                0x00004908                ringbuf_get
 .text.ringbufindex_init
                0x00004930        0xc build/cc26x0-cc13x0/launchpad/cc2650/obj/ringbufindex.o
                0x00004930                ringbufindex_init
 .text.ringbufindex_put
                0x0000493c       0x20 build/cc26x0-cc13x0/launchpad/cc2650/obj/ringbufindex.o
                0x0000493c                ringbufindex_put
 .text.ringbufindex_peek_put
                0x0000495c       0x18 build/cc26x0-cc13x0/launchpad/cc2650/obj/ringbufindex.o
                0x0000495c                ringbufindex_peek_put
 .text.ringbufindex_get
                0x00004974       0x1c build/cc26x0-cc13x0/launchpad/cc2650/obj/ringbufindex.o
                0x00004974                ringbufindex_get
 .text.ringbufindex_peek_get
                0x00004990       0x14 build/cc26x0-cc13x0/launchpad/cc2650/obj/ringbufindex.o
                0x00004990                ringbufindex_peek_get
 .text.ringbufindex_elements
                0x000049a4        0xc build/cc26x0-cc13x0/launchpad/cc2650/obj/ringbufindex.o
                0x000049a4                ringbufindex_elements
 .text.ringbufindex_empty
                0x000049b0       0x14 build/cc26x0-cc13x0/launchpad/cc2650/obj/ringbufindex.o
                0x000049b0                ringbufindex_empty
 .text.list_init
                0x000049c4        0x8 build/cc26x0-cc13x0/launchpad/cc2650/obj/list.o
                0x000049c4                list_init
 .text.list_head
                0x000049cc        0x4 build/cc26x0-cc13x0/launchpad/cc2650/obj/list.o
                0x000049cc                list_head
 .text.list_add
                0x000049d0       0x5c build/cc26x0-cc13x0/launchpad/cc2650/obj/list.o
                0x000049d0                list_add
 .text.list_push
                0x00004a2c       0x3c build/cc26x0-cc13x0/launchpad/cc2650/obj/list.o
                0x00004a2c                list_push
 .text.list_remove
                0x00004a68       0x30 build/cc26x0-cc13x0/launchpad/cc2650/obj/list.o
                0x00004a68                list_remove
 .text.list_item_next
                0x00004a98        0x8 build/cc26x0-cc13x0/launchpad/cc2650/obj/list.o
                0x00004a98                list_item_next
 .text.memb_init
                0x00004aa0       0x24 build/cc26x0-cc13x0/launchpad/cc2650/obj/memb.o
                0x00004aa0                memb_init
 .text.memb_alloc
                0x00004ac4       0x38 build/cc26x0-cc13x0/launchpad/cc2650/obj/memb.o
                0x00004ac4                memb_alloc
 .text.memb_free
                0x00004afc       0x3c build/cc26x0-cc13x0/launchpad/cc2650/obj/memb.o
                0x00004afc                memb_free
 .text.memb_inmemb
                0x00004b38       0x1c build/cc26x0-cc13x0/launchpad/cc2650/obj/memb.o
                0x00004b38                memb_inmemb
 .text.memb_numfree
                0x00004b54       0x20 build/cc26x0-cc13x0/launchpad/cc2650/obj/memb.o
                0x00004b54                memb_numfree
 .text.duration_exceeded_callback
                0x00004b74       0x34 build/cc26x0-cc13x0/launchpad/cc2650/obj/button-hal.o
 .text.process_thread_button_hal_process
                0x00004ba8       0x84 build/cc26x0-cc13x0/launchpad/cc2650/obj/button-hal.o
 .text.press_release_handler
                0x00004c2c       0x18 build/cc26x0-cc13x0/launchpad/cc2650/obj/button-hal.o
 .text.debounce_handler
                0x00004c44       0x74 build/cc26x0-cc13x0/launchpad/cc2650/obj/button-hal.o
 .text.button_hal_init
                0x00004cb8       0xb4 build/cc26x0-cc13x0/launchpad/cc2650/obj/button-hal.o
                0x00004cb8                button_hal_init
 .text.process_thread_serial_line_process
                0x00004d6c       0xa8 build/cc26x0-cc13x0/launchpad/cc2650/obj/serial-line.o
 .text.serial_line_input_byte
                0x00004e14       0x58 build/cc26x0-cc13x0/launchpad/cc2650/obj/serial-line.o
                0x00004e14                serial_line_input_byte
 .text.serial_line_init
                0x00004e6c       0x24 build/cc26x0-cc13x0/launchpad/cc2650/obj/serial-line.o
                0x00004e6c                serial_line_init
 .text.spi_acquire
                0x00004e90       0x10 build/cc26x0-cc13x0/launchpad/cc2650/obj/spi.o
                0x00004e90                spi_acquire
 .text.spi_release
                0x00004ea0       0x10 build/cc26x0-cc13x0/launchpad/cc2650/obj/spi.o
                0x00004ea0                spi_release
 .text.spi_select
                0x00004eb0       0x24 build/cc26x0-cc13x0/launchpad/cc2650/obj/spi.o
                0x00004eb0                spi_select
 .text.spi_deselect
                0x00004ed4       0x18 build/cc26x0-cc13x0/launchpad/cc2650/obj/spi.o
                0x00004ed4                spi_deselect
 .text.spi_write_byte
                0x00004eec       0x3c build/cc26x0-cc13x0/launchpad/cc2650/obj/spi.o
                0x00004eec                spi_write_byte
 .text.spi_write
                0x00004f28       0x3c build/cc26x0-cc13x0/launchpad/cc2650/obj/spi.o
                0x00004f28                spi_write
 .text.spi_read
                0x00004f64       0x3c build/cc26x0-cc13x0/launchpad/cc2650/obj/spi.o
                0x00004f64                spi_read
 .text.leds_on  0x00004fa0       0x5c build/cc26x0-cc13x0/launchpad/cc2650/obj/leds.o
                0x00004fa0                leds_on
 .text.leds_off
                0x00004ffc       0x5c build/cc26x0-cc13x0/launchpad/cc2650/obj/leds.o
                0x00004ffc                leds_off
 .text.leds_init
                0x00005058       0x2c build/cc26x0-cc13x0/launchpad/cc2650/obj/leds.o
                0x00005058                leds_init
 .text.gpio_hal_register_handler
                0x00005084        0xc build/cc26x0-cc13x0/launchpad/cc2650/obj/gpio-hal.o
                0x00005084                gpio_hal_register_handler
 .text.gpio_hal_event_handler
                0x00005090       0x28 build/cc26x0-cc13x0/launchpad/cc2650/obj/gpio-hal.o
                0x00005090                gpio_hal_event_handler
 .text.gpio_hal_init
                0x000050b8        0xc build/cc26x0-cc13x0/launchpad/cc2650/obj/gpio-hal.o
                0x000050b8                gpio_hal_init
 .text.queuebuf_init
                0x000050c4       0x1c build/cc26x0-cc13x0/launchpad/cc2650/obj/queuebuf.o
                0x000050c4                queuebuf_init
 .text.queuebuf_new_from_packetbuf
                0x000050e0       0x48 build/cc26x0-cc13x0/launchpad/cc2650/obj/queuebuf.o
                0x000050e0                queuebuf_new_from_packetbuf
 .text.queuebuf_free
                0x00005128       0x2c build/cc26x0-cc13x0/launchpad/cc2650/obj/queuebuf.o
                0x00005128                queuebuf_free
 .text.queuebuf_to_packetbuf
                0x00005154       0x30 build/cc26x0-cc13x0/launchpad/cc2650/obj/queuebuf.o
                0x00005154                queuebuf_to_packetbuf
 .text.queuebuf_dataptr
                0x00005184       0x18 build/cc26x0-cc13x0/launchpad/cc2650/obj/queuebuf.o
                0x00005184                queuebuf_dataptr
 .text.queuebuf_datalen
                0x0000519c        0x8 build/cc26x0-cc13x0/launchpad/cc2650/obj/queuebuf.o
                0x0000519c                queuebuf_datalen
 .text.index_from_lladdr
                0x000051a4       0x54 build/cc26x0-cc13x0/launchpad/cc2650/obj/nbr-table.o
 .text.select_for_removal.constprop.0
                0x000051f8       0x70 build/cc26x0-cc13x0/launchpad/cc2650/obj/nbr-table.o
 .text.remove_key
                0x00005268       0xa8 build/cc26x0-cc13x0/launchpad/cc2650/obj/nbr-table.o
 .text.nbr_table_register
                0x00005310       0x44 build/cc26x0-cc13x0/launchpad/cc2650/obj/nbr-table.o
                0x00005310                nbr_table_register
 .text.nbr_table_next
                0x00005354       0x70 build/cc26x0-cc13x0/launchpad/cc2650/obj/nbr-table.o
                0x00005354                nbr_table_next
 .text.nbr_table_head
                0x000053c4       0x58 build/cc26x0-cc13x0/launchpad/cc2650/obj/nbr-table.o
                0x000053c4                nbr_table_head
 .text.nbr_table_add_lladdr
                0x0000541c      0x128 build/cc26x0-cc13x0/launchpad/cc2650/obj/nbr-table.o
                0x0000541c                nbr_table_add_lladdr
 .text.nbr_table_get_from_lladdr
                0x00005544       0x38 build/cc26x0-cc13x0/launchpad/cc2650/obj/nbr-table.o
                0x00005544                nbr_table_get_from_lladdr
 .text.nbr_table_remove
                0x0000557c       0x60 build/cc26x0-cc13x0/launchpad/cc2650/obj/nbr-table.o
                0x0000557c                nbr_table_remove
 .text.nbr_table_lock
                0x000055dc       0x34 build/cc26x0-cc13x0/launchpad/cc2650/obj/nbr-table.o
                0x000055dc                nbr_table_lock
 .text.nbr_table_unlock
                0x00005610       0x38 build/cc26x0-cc13x0/launchpad/cc2650/obj/nbr-table.o
                0x00005610                nbr_table_unlock
 .text.nbr_table_get_lladdr
                0x00005648       0x2c build/cc26x0-cc13x0/launchpad/cc2650/obj/nbr-table.o
                0x00005648                nbr_table_get_lladdr
 .text.packetbuf_clear
                0x00005674       0x4c build/cc26x0-cc13x0/launchpad/cc2650/obj/packetbuf.o
                0x00005674                packetbuf_clear
 .text.packetbuf_copyfrom
                0x000056c0       0x6c build/cc26x0-cc13x0/launchpad/cc2650/obj/packetbuf.o
                0x000056c0                packetbuf_copyfrom
 .text.packetbuf_copyto
                0x0000572c       0x4c build/cc26x0-cc13x0/launchpad/cc2650/obj/packetbuf.o
                0x0000572c                packetbuf_copyto
 .text.packetbuf_hdralloc
                0x00005778       0x64 build/cc26x0-cc13x0/launchpad/cc2650/obj/packetbuf.o
                0x00005778                packetbuf_hdralloc
 .text.packetbuf_hdrreduce
                0x000057dc       0x2c build/cc26x0-cc13x0/launchpad/cc2650/obj/packetbuf.o
                0x000057dc                packetbuf_hdrreduce
 .text.packetbuf_set_datalen
                0x00005808        0xc build/cc26x0-cc13x0/launchpad/cc2650/obj/packetbuf.o
                0x00005808                packetbuf_set_datalen
 .text.packetbuf_dataptr
                0x00005814       0x20 build/cc26x0-cc13x0/launchpad/cc2650/obj/packetbuf.o
                0x00005814                packetbuf_dataptr
 .text.packetbuf_hdrptr
                0x00005834        0x8 build/cc26x0-cc13x0/launchpad/cc2650/obj/packetbuf.o
                0x00005834                packetbuf_hdrptr
 .text.packetbuf_datalen
                0x0000583c        0xc build/cc26x0-cc13x0/launchpad/cc2650/obj/packetbuf.o
                0x0000583c                packetbuf_datalen
 .text.packetbuf_hdrlen
                0x00005848       0x18 build/cc26x0-cc13x0/launchpad/cc2650/obj/packetbuf.o
                0x00005848                packetbuf_hdrlen
 .text.packetbuf_totlen
                0x00005860       0x24 build/cc26x0-cc13x0/launchpad/cc2650/obj/packetbuf.o
                0x00005860                packetbuf_totlen
 .text.packetbuf_remaininglen
                0x00005884       0x28 build/cc26x0-cc13x0/launchpad/cc2650/obj/packetbuf.o
                0x00005884                packetbuf_remaininglen
 .text.packetbuf_attr_copyto
                0x000058ac       0x24 build/cc26x0-cc13x0/launchpad/cc2650/obj/packetbuf.o
                0x000058ac                packetbuf_attr_copyto
 .text.packetbuf_attr_copyfrom
                0x000058d0       0x24 build/cc26x0-cc13x0/launchpad/cc2650/obj/packetbuf.o
                0x000058d0                packetbuf_attr_copyfrom
 .text.packetbuf_set_attr
                0x000058f4       0x10 build/cc26x0-cc13x0/launchpad/cc2650/obj/packetbuf.o
                0x000058f4                packetbuf_set_attr
 .text.packetbuf_attr
                0x00005904        0xc build/cc26x0-cc13x0/launchpad/cc2650/obj/packetbuf.o
                0x00005904                packetbuf_attr
 .text.packetbuf_set_addr
                0x00005910       0x18 build/cc26x0-cc13x0/launchpad/cc2650/obj/packetbuf.o
                0x00005910                packetbuf_set_addr
 .text.packetbuf_addr
                0x00005928       0x10 build/cc26x0-cc13x0/launchpad/cc2650/obj/packetbuf.o
                0x00005928                packetbuf_addr
 .text.packetbuf_holds_broadcast
                0x00005938       0x10 build/cc26x0-cc13x0/launchpad/cc2650/obj/packetbuf.o
                0x00005938                packetbuf_holds_broadcast
 .text.netstack_process_ip_callback
                0x00005948       0x40 build/cc26x0-cc13x0/launchpad/cc2650/obj/netstack.o
                0x00005948                netstack_process_ip_callback
 .text.netstack_init
                0x00005988       0x24 build/cc26x0-cc13x0/launchpad/cc2650/obj/netstack.o
                0x00005988                netstack_init
 .text.linkaddr_copy
                0x000059ac        0x8 build/cc26x0-cc13x0/launchpad/cc2650/obj/linkaddr.o
                0x000059ac                linkaddr_copy
 .text.linkaddr_cmp
                0x000059b4       0x10 build/cc26x0-cc13x0/launchpad/cc2650/obj/linkaddr.o
                0x000059b4                linkaddr_cmp
 .text.periodic
                0x000059c4       0x30 build/cc26x0-cc13x0/launchpad/cc2650/obj/link-stats.o
 .text.link_stats_from_lladdr
                0x000059f4        0xc build/cc26x0-cc13x0/launchpad/cc2650/obj/link-stats.o
                0x000059f4                link_stats_from_lladdr
 .text.link_stats_is_fresh
                0x00005a00       0x28 build/cc26x0-cc13x0/launchpad/cc2650/obj/link-stats.o
                0x00005a00                link_stats_is_fresh
 .text.link_stats_packet_sent
                0x00005a28       0xf4 build/cc26x0-cc13x0/launchpad/cc2650/obj/link-stats.o
                0x00005a28                link_stats_packet_sent
 .text.link_stats_input_callback
                0x00005b1c       0x88 build/cc26x0-cc13x0/launchpad/cc2650/obj/link-stats.o
                0x00005b1c                link_stats_input_callback
 .text.link_stats_reset
                0x00005ba4       0x2c build/cc26x0-cc13x0/launchpad/cc2650/obj/link-stats.o
                0x00005ba4                link_stats_reset
 .text.link_stats_init
                0x00005bd0       0x28 build/cc26x0-cc13x0/launchpad/cc2650/obj/link-stats.o
                0x00005bd0                link_stats_init
 .text.mac_sequence_is_duplicate
                0x00005bf8       0x4c build/cc26x0-cc13x0/launchpad/cc2650/obj/mac-sequence.o
                0x00005bf8                mac_sequence_is_duplicate
 .text.mac_sequence_register_seqno
                0x00005c44       0x64 build/cc26x0-cc13x0/launchpad/cc2650/obj/mac-sequence.o
                0x00005c44                mac_sequence_register_seqno
 .text.mac_call_sent_callback
                0x00005ca8       0x18 build/cc26x0-cc13x0/launchpad/cc2650/obj/mac.o
                0x00005ca8                mac_call_sent_callback
 .text.frame80215e_create_ie_header_ack_nack_time_correction
                0x00005cc0       0x3c build/cc26x0-cc13x0/launchpad/cc2650/obj/frame802154e-ie.o
                0x00005cc0                frame80215e_create_ie_header_ack_nack_time_correction
 .text.frame80215e_create_ie_header_list_termination_1
                0x00005cfc       0x1c build/cc26x0-cc13x0/launchpad/cc2650/obj/frame802154e-ie.o
                0x00005cfc                frame80215e_create_ie_header_list_termination_1
 .text.frame80215e_create_ie_mlme
                0x00005d18       0x28 build/cc26x0-cc13x0/launchpad/cc2650/obj/frame802154e-ie.o
                0x00005d18                frame80215e_create_ie_mlme
 .text.frame80215e_create_ie_tsch_synchronization
                0x00005d40       0x40 build/cc26x0-cc13x0/launchpad/cc2650/obj/frame802154e-ie.o
                0x00005d40                frame80215e_create_ie_tsch_synchronization
 .text.frame80215e_create_ie_tsch_slotframe_and_link
                0x00005d80       0x9c build/cc26x0-cc13x0/launchpad/cc2650/obj/frame802154e-ie.o
                0x00005d80                frame80215e_create_ie_tsch_slotframe_and_link
 .text.frame80215e_create_ie_tsch_timeslot
                0x00005e1c       0x5c build/cc26x0-cc13x0/launchpad/cc2650/obj/frame802154e-ie.o
                0x00005e1c                frame80215e_create_ie_tsch_timeslot
 .text.frame80215e_create_ie_tsch_channel_hopping_sequence
                0x00005e78       0x80 build/cc26x0-cc13x0/launchpad/cc2650/obj/frame802154e-ie.o
                0x00005e78                frame80215e_create_ie_tsch_channel_hopping_sequence
 .text.frame802154e_parse_information_elements
                0x00005ef8      0x3bc build/cc26x0-cc13x0/launchpad/cc2650/obj/frame802154e-ie.o
                0x00005ef8                frame802154e_parse_information_elements
 .text.parse    0x000062b4       0xa0 build/cc26x0-cc13x0/launchpad/cc2650/obj/framer-802154.o
 .text.framer_802154_setup_params.part.0
                0x00006354       0x98 build/cc26x0-cc13x0/launchpad/cc2650/obj/framer-802154.o
 .text.create_frame
                0x000063ec      0x110 build/cc26x0-cc13x0/launchpad/cc2650/obj/framer-802154.o
 .text.create   0x000064fc        0x8 build/cc26x0-cc13x0/launchpad/cc2650/obj/framer-802154.o
 .text.hdr_length
                0x00006504        0x8 build/cc26x0-cc13x0/launchpad/cc2650/obj/framer-802154.o
 .text.framer_802154_setup_params
                0x0000650c        0xc build/cc26x0-cc13x0/launchpad/cc2650/obj/framer-802154.o
                0x0000650c                framer_802154_setup_params
 .text.frame802154_get_pan_id
                0x00006518        0xc build/cc26x0-cc13x0/launchpad/cc2650/obj/frame802154.o
                0x00006518                frame802154_get_pan_id
 .text.frame802154_set_pan_id
                0x00006524        0xc build/cc26x0-cc13x0/launchpad/cc2650/obj/frame802154.o
                0x00006524                frame802154_set_pan_id
 .text.frame802154_has_panid
                0x00006530       0xdc build/cc26x0-cc13x0/launchpad/cc2650/obj/frame802154.o
                0x00006530                frame802154_has_panid
 .text.field_len
                0x0000660c       0x8c build/cc26x0-cc13x0/launchpad/cc2650/obj/frame802154.o
 .text.frame802154_check_dest_panid
                0x00006698       0x3c build/cc26x0-cc13x0/launchpad/cc2650/obj/frame802154.o
                0x00006698                frame802154_check_dest_panid
 .text.frame802154_is_broadcast_addr
                0x000066d4       0x24 build/cc26x0-cc13x0/launchpad/cc2650/obj/frame802154.o
                0x000066d4                frame802154_is_broadcast_addr
 .text.frame802154_extract_linkaddr
                0x000066f8       0x98 build/cc26x0-cc13x0/launchpad/cc2650/obj/frame802154.o
                0x000066f8                frame802154_extract_linkaddr
 .text.frame802154_hdrlen
                0x00006790       0x34 build/cc26x0-cc13x0/launchpad/cc2650/obj/frame802154.o
                0x00006790                frame802154_hdrlen
 .text.frame802154_create_fcf
                0x000067c4       0x6c build/cc26x0-cc13x0/launchpad/cc2650/obj/frame802154.o
                0x000067c4                frame802154_create_fcf
 .text.frame802154_create
                0x00006830       0xb0 build/cc26x0-cc13x0/launchpad/cc2650/obj/frame802154.o
                0x00006830                frame802154_create
 .text.frame802154_parse_fcf
                0x000068e0       0x6c build/cc26x0-cc13x0/launchpad/cc2650/obj/frame802154.o
                0x000068e0                frame802154_parse_fcf
 .text.frame802154_parse
                0x0000694c      0x134 build/cc26x0-cc13x0/launchpad/cc2650/obj/frame802154.o
                0x0000694c                frame802154_parse
 .text.verify_part
                0x00006a80       0x70 build/cc26x0-cc13x0/launchpad/cc2650/obj/ext-flash.o
 .text.wait_ready
                0x00006af0       0x64 build/cc26x0-cc13x0/launchpad/cc2650/obj/ext-flash.o
 .text.ext_flash_open
                0x00006b54       0x74 build/cc26x0-cc13x0/launchpad/cc2650/obj/ext-flash.o
                0x00006b54                ext_flash_open
 .text.ext_flash_close
                0x00006bc8       0x64 build/cc26x0-cc13x0/launchpad/cc2650/obj/ext-flash.o
                0x00006bc8                ext_flash_close
 .text.ext_flash_init
                0x00006c2c       0x18 build/cc26x0-cc13x0/launchpad/cc2650/obj/ext-flash.o
                0x00006c2c                ext_flash_init
 .text.NOROM_SetupAfterColdResetWakeupFromShutDownCfg1
                0x00006c44       0x74 build/cc26x0-cc13x0/launchpad/cc2650/obj/setup_rom.o
                0x00006c44                NOROM_SetupAfterColdResetWakeupFromShutDownCfg1
 .text.NOROM_SetupAfterColdResetWakeupFromShutDownCfg3
                0x00006cb8      0x194 build/cc26x0-cc13x0/launchpad/cc2650/obj/setup_rom.o
                0x00006cb8                NOROM_SetupAfterColdResetWakeupFromShutDownCfg3
 .text.NOROM_SetupGetTrimForAnabypassValue1
                0x00006e4c       0x64 build/cc26x0-cc13x0/launchpad/cc2650/obj/setup_rom.o
                0x00006e4c                NOROM_SetupGetTrimForAnabypassValue1
 .text.NOROM_SetupGetTrimForAmpcompCtrl
                0x00006eb0       0x58 build/cc26x0-cc13x0/launchpad/cc2650/obj/setup_rom.o
                0x00006eb0                NOROM_SetupGetTrimForAmpcompCtrl
 .text.NOROM_SetupAfterColdResetWakeupFromShutDownCfg2
                0x00006f08      0x18c build/cc26x0-cc13x0/launchpad/cc2650/obj/setup_rom.o
                0x00006f08                NOROM_SetupAfterColdResetWakeupFromShutDownCfg2
 .text.NOROM_SetupSetCacheModeAccordingToCcfgSetting
                0x00007094       0x5c build/cc26x0-cc13x0/launchpad/cc2650/obj/setup_rom.o
                0x00007094                NOROM_SetupSetCacheModeAccordingToCcfgSetting
 .text.TrimAfterColdResetWakeupFromShutDown
                0x000070f0       0xe8 build/cc26x0-cc13x0/launchpad/cc2650/obj/setup.o
 .text.NOROM_SetupTrimDevice
                0x000071d8       0xac build/cc26x0-cc13x0/launchpad/cc2650/obj/setup.o
                0x000071d8                NOROM_SetupTrimDevice
 .text.NOROM_TRNGConfigure
                0x00007284       0x38 build/cc26x0-cc13x0/launchpad/cc2650/obj/trng.o
                0x00007284                NOROM_TRNGConfigure
 .text.SafeHapiVoid
                0x000072bc       0x28 build/cc26x0-cc13x0/launchpad/cc2650/obj/adi.o
                0x000072bc                SafeHapiVoid
 .text.NOROM_DDI32RegWrite
                0x000072e4       0x2c build/cc26x0-cc13x0/launchpad/cc2650/obj/ddi.o
                0x000072e4                NOROM_DDI32RegWrite
 .text.NOROM_DDI16BitfieldWrite
                0x00007310       0x48 build/cc26x0-cc13x0/launchpad/cc2650/obj/ddi.o
                0x00007310                NOROM_DDI16BitfieldWrite
 .text.NOROM_DDI16BitfieldRead
                0x00007358       0x48 build/cc26x0-cc13x0/launchpad/cc2650/obj/ddi.o
                0x00007358                NOROM_DDI16BitfieldRead
 .text.NOROM_ChipInfo_GetChipType
                0x000073a0       0x94 build/cc26x0-cc13x0/launchpad/cc2650/obj/chipinfo.o
                0x000073a0                NOROM_ChipInfo_GetChipType
 .text.NOROM_ChipInfo_GetHwRevision
                0x00007434       0xa8 build/cc26x0-cc13x0/launchpad/cc2650/obj/chipinfo.o
                0x00007434                NOROM_ChipInfo_GetHwRevision
 .text.NOROM_ThisCodeIsBuiltForCC26xxHwRev22AndLater_HaltIfViolated
                0x000074dc       0x30 build/cc26x0-cc13x0/launchpad/cc2650/obj/chipinfo.o
                0x000074dc                NOROM_ThisCodeIsBuiltForCC26xxHwRev22AndLater_HaltIfViolated
 .text.NOROM_CPUcpsid
                0x0000750c        0x8 build/cc26x0-cc13x0/launchpad/cc2650/obj/cpu.o
                0x0000750c                NOROM_CPUcpsid
 .text.NOROM_CPUcpsie
                0x00007514        0x8 build/cc26x0-cc13x0/launchpad/cc2650/obj/cpu.o
                0x00007514                NOROM_CPUcpsie
 .text.NOROM_OSCClockSourceSet
                0x0000751c       0x58 build/cc26x0-cc13x0/launchpad/cc2650/obj/osc.o
                0x0000751c                NOROM_OSCClockSourceSet
 .text.NOROM_OSCClockSourceGet
                0x00007574       0x20 build/cc26x0-cc13x0/launchpad/cc2650/obj/osc.o
                0x00007574                NOROM_OSCClockSourceGet
 .text.NOROM_PowerCtrlSourceSet
                0x00007594       0x30 build/cc26x0-cc13x0/launchpad/cc2650/obj/pwr_ctrl.o
                0x00007594                NOROM_PowerCtrlSourceSet
 .text.NOROM_AONBatMonTemperatureGetDegC
                0x000075c4       0x2c build/cc26x0-cc13x0/launchpad/cc2650/obj/aon_batmon.o
                0x000075c4                NOROM_AONBatMonTemperatureGetDegC
 .text.NOROM_SysCtrlSetRechargeBeforePowerDown
                0x000075f0      0x240 build/cc26x0-cc13x0/launchpad/cc2650/obj/sys_ctrl.o
                0x000075f0                NOROM_SysCtrlSetRechargeBeforePowerDown
 .text.NOROM_SysCtrlAdjustRechargeAfterPowerDown
                0x00007830       0x64 build/cc26x0-cc13x0/launchpad/cc2650/obj/sys_ctrl.o
                0x00007830                NOROM_SysCtrlAdjustRechargeAfterPowerDown
 .text.NOROM_SysCtrl_DCDC_VoltageConditionalControl
                0x00007894       0x78 build/cc26x0-cc13x0/launchpad/cc2650/obj/sys_ctrl.o
                0x00007894                NOROM_SysCtrl_DCDC_VoltageConditionalControl
 .text.NOROM_AONRTCCurrentCompareValueGet
                0x0000790c       0x18 build/cc26x0-cc13x0/launchpad/cc2650/obj/aon_rtc.o
                0x0000790c                NOROM_AONRTCCurrentCompareValueGet
 .text.NOROM_AONRTCCurrent64BitValueGet
                0x00007924       0x14 build/cc26x0-cc13x0/launchpad/cc2650/obj/aon_rtc.o
                0x00007924                NOROM_AONRTCCurrent64BitValueGet
 .text.fill_space
                0x00007938       0x3c build/cc26x0-cc13x0/launchpad/cc2650/obj/strformat.o
 .text.format_str_v
                0x00007974      0x910 build/cc26x0-cc13x0/launchpad/cc2650/obj/strformat.o
                0x00007974                format_str_v
 .text.write_str
                0x00008284       0x14 build/cc26x0-cc13x0/launchpad/cc2650/obj/printf.o
 .text.printf   0x00008298       0x24 build/cc26x0-cc13x0/launchpad/cc2650/obj/printf.o
                0x00008298                printf
 .text.buffer_str
                0x000082bc       0x18 build/cc26x0-cc13x0/launchpad/cc2650/obj/sprintf.o
 .text.sprintf  0x000082d4       0x34 build/cc26x0-cc13x0/launchpad/cc2650/obj/sprintf.o
                0x000082d4                sprintf
 .text.buffer_str
                0x00008308       0x28 build/cc26x0-cc13x0/launchpad/cc2650/obj/snprintf.o
 .text.snprintf
                0x00008330       0x38 build/cc26x0-cc13x0/launchpad/cc2650/obj/snprintf.o
                0x00008330                snprintf
 .text.tsch_queue_flush_nbr_queue
                0x00008368       0x7c build/cc26x0-cc13x0/launchpad/cc2650/obj/tsch-queue.o
 .text.tsch_queue_add_nbr
                0x000083e4       0x88 build/cc26x0-cc13x0/launchpad/cc2650/obj/tsch-queue.o
                0x000083e4                tsch_queue_add_nbr
 .text.tsch_queue_get_nbr
                0x0000846c       0x20 build/cc26x0-cc13x0/launchpad/cc2650/obj/tsch-queue.o
                0x0000846c                tsch_queue_get_nbr
 .text.tsch_queue_get_time_source
                0x0000848c       0x34 build/cc26x0-cc13x0/launchpad/cc2650/obj/tsch-queue.o
                0x0000848c                tsch_queue_get_time_source
 .text.tsch_queue_get_nbr_address
                0x000084c0        0xc build/cc26x0-cc13x0/launchpad/cc2650/obj/tsch-queue.o
                0x000084c0                tsch_queue_get_nbr_address
 .text.tsch_queue_update_time_source
                0x000084cc       0x54 build/cc26x0-cc13x0/launchpad/cc2650/obj/tsch-queue.o
                0x000084cc                tsch_queue_update_time_source
 .text.tsch_queue_add_packet
                0x00008520       0xe0 build/cc26x0-cc13x0/launchpad/cc2650/obj/tsch-queue.o
                0x00008520                tsch_queue_add_packet
 .text.tsch_queue_global_packet_count
                0x00008600       0x14 build/cc26x0-cc13x0/launchpad/cc2650/obj/tsch-queue.o
                0x00008600                tsch_queue_global_packet_count
 .text.tsch_queue_nbr_packet_count
                0x00008614       0x10 build/cc26x0-cc13x0/launchpad/cc2650/obj/tsch-queue.o
                0x00008614                tsch_queue_nbr_packet_count
 .text.tsch_queue_free_packet
                0x00008624       0x20 build/cc26x0-cc13x0/launchpad/cc2650/obj/tsch-queue.o
                0x00008624                tsch_queue_free_packet
 .text.tsch_queue_packet_sent
                0x00008644       0x90 build/cc26x0-cc13x0/launchpad/cc2650/obj/tsch-queue.o
                0x00008644                tsch_queue_packet_sent
 .text.tsch_queue_reset
                0x000086d4       0x38 build/cc26x0-cc13x0/launchpad/cc2650/obj/tsch-queue.o
                0x000086d4                tsch_queue_reset
 .text.tsch_queue_free_unused_neighbors
                0x0000870c       0x6c build/cc26x0-cc13x0/launchpad/cc2650/obj/tsch-queue.o
                0x0000870c                tsch_queue_free_unused_neighbors
 .text.tsch_queue_get_packet_for_nbr
                0x00008778       0x48 build/cc26x0-cc13x0/launchpad/cc2650/obj/tsch-queue.o
                0x00008778                tsch_queue_get_packet_for_nbr
 .text.tsch_queue_get_unicast_packet_for_any
                0x000087c0       0x4c build/cc26x0-cc13x0/launchpad/cc2650/obj/tsch-queue.o
                0x000087c0                tsch_queue_get_unicast_packet_for_any
 .text.tsch_queue_update_all_backoff_windows
                0x0000880c       0x74 build/cc26x0-cc13x0/launchpad/cc2650/obj/tsch-queue.o
                0x0000880c                tsch_queue_update_all_backoff_windows
 .text.tsch_queue_init
                0x00008880       0x40 build/cc26x0-cc13x0/launchpad/cc2650/obj/tsch-queue.o
                0x00008880                tsch_queue_init
 .text.turn_off
                0x000088c0       0x10 build/cc26x0-cc13x0/launchpad/cc2650/obj/tsch.o
 .text.tsch_reset
                0x000088d0       0xb8 build/cc26x0-cc13x0/launchpad/cc2650/obj/tsch.o
 .text.process_thread_tsch_send_eb_process
                0x00008988      0x17c build/cc26x0-cc13x0/launchpad/cc2650/obj/tsch.o
 .text.send_packet
                0x00008b04      0x15c build/cc26x0-cc13x0/launchpad/cc2650/obj/tsch.o
 .text.tsch_init
                0x00008c60      0x190 build/cc26x0-cc13x0/launchpad/cc2650/obj/tsch.o
 .text.packet_input
                0x00008df0       0x7c build/cc26x0-cc13x0/launchpad/cc2650/obj/tsch.o
 .text.keepalive_send
                0x00008e6c       0x70 build/cc26x0-cc13x0/launchpad/cc2650/obj/tsch.o
 .text.max_payload
                0x00008edc       0x80 build/cc26x0-cc13x0/launchpad/cc2650/obj/tsch.o
 .text.turn_on  0x00008f5c       0x48 build/cc26x0-cc13x0/launchpad/cc2650/obj/tsch.o
 .text.keepalive_packet_sent
                0x00008fa4       0xc8 build/cc26x0-cc13x0/launchpad/cc2650/obj/tsch.o
 .text.process_thread_tsch_pending_events_process
                0x0000906c      0x2b8 build/cc26x0-cc13x0/launchpad/cc2650/obj/tsch.o
 .text.tsch_set_coordinator
                0x00009324       0x34 build/cc26x0-cc13x0/launchpad/cc2650/obj/tsch.o
                0x00009324                tsch_set_coordinator
 .text.tsch_set_pan_secured
                0x00009358        0xc build/cc26x0-cc13x0/launchpad/cc2650/obj/tsch.o
                0x00009358                tsch_set_pan_secured
 .text.tsch_set_join_priority
                0x00009364        0xc build/cc26x0-cc13x0/launchpad/cc2650/obj/tsch.o
                0x00009364                tsch_set_join_priority
 .text.tsch_set_ka_timeout
                0x00009370       0x24 build/cc26x0-cc13x0/launchpad/cc2650/obj/tsch.o
                0x00009370                tsch_set_ka_timeout
 .text.tsch_set_eb_period
                0x00009394       0x14 build/cc26x0-cc13x0/launchpad/cc2650/obj/tsch.o
                0x00009394                tsch_set_eb_period
 .text.tsch_schedule_keepalive
                0x000093a8       0x28 build/cc26x0-cc13x0/launchpad/cc2650/obj/tsch.o
                0x000093a8                tsch_schedule_keepalive
 .text.tsch_disassociate
                0x000093d0       0x28 build/cc26x0-cc13x0/launchpad/cc2650/obj/tsch.o
                0x000093d0                tsch_disassociate
 .text.tsch_scan
                0x000093f8      0x4a8 build/cc26x0-cc13x0/launchpad/cc2650/obj/tsch.o
                0x000093f8                tsch_scan
 .text.process_thread_tsch_process
                0x000098a0       0xe0 build/cc26x0-cc13x0/launchpad/cc2650/obj/tsch.o
 .text.tsch_schedule_remove_link.part.0
                0x00009980       0xa4 build/cc26x0-cc13x0/launchpad/cc2650/obj/tsch-schedule.o
 .text.tsch_schedule_add_slotframe
                0x00009a24       0x7c build/cc26x0-cc13x0/launchpad/cc2650/obj/tsch-schedule.o
                0x00009a24                tsch_schedule_add_slotframe
 .text.tsch_schedule_remove_slotframe
                0x00009aa0       0x54 build/cc26x0-cc13x0/launchpad/cc2650/obj/tsch-schedule.o
                0x00009aa0                tsch_schedule_remove_slotframe
 .text.tsch_schedule_remove_all_slotframes
                0x00009af4       0x20 build/cc26x0-cc13x0/launchpad/cc2650/obj/tsch-schedule.o
                0x00009af4                tsch_schedule_remove_all_slotframes
 .text.tsch_schedule_remove_link_by_timeslot
                0x00009b14       0x68 build/cc26x0-cc13x0/launchpad/cc2650/obj/tsch-schedule.o
                0x00009b14                tsch_schedule_remove_link_by_timeslot
 .text.tsch_schedule_add_link
                0x00009b7c      0x134 build/cc26x0-cc13x0/launchpad/cc2650/obj/tsch-schedule.o
                0x00009b7c                tsch_schedule_add_link
 .text.tsch_schedule_get_next_active_link
                0x00009cb0      0x1e8 build/cc26x0-cc13x0/launchpad/cc2650/obj/tsch-schedule.o
                0x00009cb0                tsch_schedule_get_next_active_link
 .text.tsch_schedule_init
                0x00009e98       0x30 build/cc26x0-cc13x0/launchpad/cc2650/obj/tsch-schedule.o
                0x00009e98                tsch_schedule_init
 .text.tsch_schedule_create_minimal
                0x00009ec8       0x40 build/cc26x0-cc13x0/launchpad/cc2650/obj/tsch-schedule.o
                0x00009ec8                tsch_schedule_create_minimal
 .text.tsch_schedule_slotframe_head
                0x00009f08        0xc build/cc26x0-cc13x0/launchpad/cc2650/obj/tsch-schedule.o
                0x00009f08                tsch_schedule_slotframe_head
 .text.tsch_schedule_slotframe_next
                0x00009f14        0x4 build/cc26x0-cc13x0/launchpad/cc2650/obj/tsch-schedule.o
                0x00009f14                tsch_schedule_slotframe_next
 .text.get_packet_and_neighbor_for_link.constprop.0
                0x00009f18       0x78 build/cc26x0-cc13x0/launchpad/cc2650/obj/tsch-slot-operation.o
 .text.tsch_schedule_slot_operation.constprop.0
                0x00009f90       0x60 build/cc26x0-cc13x0/launchpad/cc2650/obj/tsch-slot-operation.o
 .text.tsch_tx_slot.constprop.0
                0x00009ff0      0x48c build/cc26x0-cc13x0/launchpad/cc2650/obj/tsch-slot-operation.o
 .text.tsch_slot_operation
                0x0000a47c      0x724 build/cc26x0-cc13x0/launchpad/cc2650/obj/tsch-slot-operation.o
 .text.tsch_is_locked
                0x0000aba0        0xc build/cc26x0-cc13x0/launchpad/cc2650/obj/tsch-slot-operation.o
                0x0000aba0                tsch_is_locked
 .text.tsch_get_lock
                0x0000abac       0x50 build/cc26x0-cc13x0/launchpad/cc2650/obj/tsch-slot-operation.o
                0x0000abac                tsch_get_lock
 .text.tsch_release_lock
                0x0000abfc        0xc build/cc26x0-cc13x0/launchpad/cc2650/obj/tsch-slot-operation.o
                0x0000abfc                tsch_release_lock
 .text.tsch_get_network_uptime_ticks
                0x0000ac08       0x6c build/cc26x0-cc13x0/launchpad/cc2650/obj/tsch-slot-operation.o
                0x0000ac08                tsch_get_network_uptime_ticks
 .text.tsch_slot_operation_start
                0x0000ac74       0x94 build/cc26x0-cc13x0/launchpad/cc2650/obj/tsch-slot-operation.o
                0x0000ac74                tsch_slot_operation_start
 .text.tsch_slot_operation_sync
                0x0000ad08       0x54 build/cc26x0-cc13x0/launchpad/cc2650/obj/tsch-slot-operation.o
                0x0000ad08                tsch_slot_operation_sync
 .text.tsch_packet_eackbuf_attr
                0x0000ad5c        0xc build/cc26x0-cc13x0/launchpad/cc2650/obj/tsch-packet.o
                0x0000ad5c                tsch_packet_eackbuf_attr
 .text.tsch_packet_create_eack
                0x0000ad68       0xa8 build/cc26x0-cc13x0/launchpad/cc2650/obj/tsch-packet.o
                0x0000ad68                tsch_packet_create_eack
 .text.tsch_packet_parse_eack
                0x0000ae10       0xb4 build/cc26x0-cc13x0/launchpad/cc2650/obj/tsch-packet.o
                0x0000ae10                tsch_packet_parse_eack
 .text.tsch_packet_create_eb
                0x0000aec4      0x158 build/cc26x0-cc13x0/launchpad/cc2650/obj/tsch-packet.o
                0x0000aec4                tsch_packet_create_eb
 .text.tsch_packet_update_eb
                0x0000b01c       0x40 build/cc26x0-cc13x0/launchpad/cc2650/obj/tsch-packet.o
                0x0000b01c                tsch_packet_update_eb
 .text.tsch_packet_parse_eb
                0x0000b05c       0xd4 build/cc26x0-cc13x0/launchpad/cc2650/obj/tsch-packet.o
                0x0000b05c                tsch_packet_parse_eb
 .text.tsch_packet_set_frame_pending
                0x0000b130        0xc build/cc26x0-cc13x0/launchpad/cc2650/obj/tsch-packet.o
                0x0000b130                tsch_packet_set_frame_pending
 .text.tsch_packet_get_frame_pending
                0x0000b13c        0x8 build/cc26x0-cc13x0/launchpad/cc2650/obj/tsch-packet.o
                0x0000b13c                tsch_packet_get_frame_pending
 .text.tsch_roots_add_address
                0x0000b144        0x4 build/cc26x0-cc13x0/launchpad/cc2650/obj/tsch-roots.o
                0x0000b144                tsch_roots_add_address
 .text.tsch_roots_set_self_to_root
                0x0000b148        0x4 build/cc26x0-cc13x0/launchpad/cc2650/obj/tsch-roots.o
                0x0000b148                tsch_roots_set_self_to_root
 .text.tsch_roots_init
                0x0000b14c        0x4 build/cc26x0-cc13x0/launchpad/cc2650/obj/tsch-roots.o
                0x0000b14c                tsch_roots_init
 .text.tsch_security_set_packetbuf_attr
                0x0000b150        0x4 build/cc26x0-cc13x0/launchpad/cc2650/obj/tsch-security.o
                0x0000b150                tsch_security_set_packetbuf_attr
 .text.tsch_rpl_callback_ka_sent
                0x0000b154       0x20 build/cc26x0-cc13x0/launchpad/cc2650/obj/tsch-rpl.o
                0x0000b154                tsch_rpl_callback_ka_sent
 .text.tsch_rpl_callback_joining_network
                0x0000b174        0x4 build/cc26x0-cc13x0/launchpad/cc2650/obj/tsch-rpl.o
                0x0000b174                tsch_rpl_callback_joining_network
 .text.tsch_rpl_callback_leaving_network
                0x0000b178       0x1c build/cc26x0-cc13x0/launchpad/cc2650/obj/tsch-rpl.o
                0x0000b178                tsch_rpl_callback_leaving_network
 .text.tsch_rpl_callback_new_dio_interval
                0x0000b194       0x48 build/cc26x0-cc13x0/launchpad/cc2650/obj/tsch-rpl.o
                0x0000b194                tsch_rpl_callback_new_dio_interval
 .text.tsch_rpl_callback_parent_switch
                0x0000b1dc       0x24 build/cc26x0-cc13x0/launchpad/cc2650/obj/tsch-rpl.o
                0x0000b1dc                tsch_rpl_callback_parent_switch
 .text.tsch_rpl_check_dodag_joined
                0x0000b200        0xc build/cc26x0-cc13x0/launchpad/cc2650/obj/tsch-rpl.o
                0x0000b200                tsch_rpl_check_dodag_joined
 .text.tsch_adaptive_timesync_get_drift_ppm
                0x0000b20c       0x14 build/cc26x0-cc13x0/launchpad/cc2650/obj/tsch-adaptive-timesync.o
                0x0000b20c                tsch_adaptive_timesync_get_drift_ppm
 .text.tsch_timesync_update
                0x0000b220      0x130 build/cc26x0-cc13x0/launchpad/cc2650/obj/tsch-adaptive-timesync.o
                0x0000b220                tsch_timesync_update
 .text.tsch_timesync_adaptive_compensate
                0x0000b350      0x1fc build/cc26x0-cc13x0/launchpad/cc2650/obj/tsch-adaptive-timesync.o
                0x0000b350                tsch_timesync_adaptive_compensate
 .text.tsch_adaptive_timesync_reset
                0x0000b54c       0x30 build/cc26x0-cc13x0/launchpad/cc2650/obj/tsch-adaptive-timesync.o
                0x0000b54c                tsch_adaptive_timesync_reset
 .text.uipbuf_clear
                0x0000b57c       0x30 build/cc26x0-cc13x0/launchpad/cc2650/obj/uipbuf.o
                0x0000b57c                uipbuf_clear
 .text.uipbuf_add_ext_hdr
                0x0000b5ac       0x38 build/cc26x0-cc13x0/launchpad/cc2650/obj/uipbuf.o
                0x0000b5ac                uipbuf_add_ext_hdr
 .text.uipbuf_set_len
                0x0000b5e4       0x18 build/cc26x0-cc13x0/launchpad/cc2650/obj/uipbuf.o
                0x0000b5e4                uipbuf_set_len
 .text.uipbuf_set_len_field
                0x0000b5fc        0x8 build/cc26x0-cc13x0/launchpad/cc2650/obj/uipbuf.o
                0x0000b5fc                uipbuf_set_len_field
 .text.uipbuf_get_len_field
                0x0000b604        0xc build/cc26x0-cc13x0/launchpad/cc2650/obj/uipbuf.o
                0x0000b604                uipbuf_get_len_field
 .text.uipbuf_get_next_header
                0x0000b610       0x6c build/cc26x0-cc13x0/launchpad/cc2650/obj/uipbuf.o
                0x0000b610                uipbuf_get_next_header
 .text.uipbuf_get_last_header
                0x0000b67c       0x70 build/cc26x0-cc13x0/launchpad/cc2650/obj/uipbuf.o
                0x0000b67c                uipbuf_get_last_header
 .text.uipbuf_search_header
                0x0000b6ec       0x88 build/cc26x0-cc13x0/launchpad/cc2650/obj/uipbuf.o
                0x0000b6ec                uipbuf_search_header
 .text.uipbuf_get_attr
                0x0000b774       0x14 build/cc26x0-cc13x0/launchpad/cc2650/obj/uipbuf.o
                0x0000b774                uipbuf_get_attr
 .text.uipbuf_set_attr
                0x0000b788       0x18 build/cc26x0-cc13x0/launchpad/cc2650/obj/uipbuf.o
                0x0000b788                uipbuf_set_attr
 .text.uipbuf_init
                0x0000b7a0       0x20 build/cc26x0-cc13x0/launchpad/cc2650/obj/uipbuf.o
                0x0000b7a0                uipbuf_init
 .text.echo_reply_input
                0x0000b7c0       0x70 build/cc26x0-cc13x0/launchpad/cc2650/obj/uip-icmp6.o
 .text.echo_request_input
                0x0000b830       0x84 build/cc26x0-cc13x0/launchpad/cc2650/obj/uip-icmp6.o
 .text.uip_icmp6_input
                0x0000b8b4       0x3c build/cc26x0-cc13x0/launchpad/cc2650/obj/uip-icmp6.o
                0x0000b8b4                uip_icmp6_input
 .text.uip_icmp6_register_input_handler
                0x0000b8f0        0xc build/cc26x0-cc13x0/launchpad/cc2650/obj/uip-icmp6.o
                0x0000b8f0                uip_icmp6_register_input_handler
 .text.uip_icmp6_error_output
                0x0000b8fc      0x148 build/cc26x0-cc13x0/launchpad/cc2650/obj/uip-icmp6.o
                0x0000b8fc                uip_icmp6_error_output
 .text.uip_icmp6_send
                0x0000ba44       0xb0 build/cc26x0-cc13x0/launchpad/cc2650/obj/uip-icmp6.o
                0x0000ba44                uip_icmp6_send
 .text.uip_icmp6_echo_reply_callback_add
                0x0000baf4       0x18 build/cc26x0-cc13x0/launchpad/cc2650/obj/uip-icmp6.o
                0x0000baf4                uip_icmp6_echo_reply_callback_add
 .text.uip_icmp6_init
                0x0000bb0c       0x24 build/cc26x0-cc13x0/launchpad/cc2650/obj/uip-icmp6.o
                0x0000bb0c                uip_icmp6_init
 .text.uip_sr_num_nodes
                0x0000bb30        0xc build/cc26x0-cc13x0/launchpad/cc2650/obj/uip-sr.o
                0x0000bb30                uip_sr_num_nodes
 .text.uip_sr_get_node
                0x0000bb3c       0x54 build/cc26x0-cc13x0/launchpad/cc2650/obj/uip-sr.o
                0x0000bb3c                uip_sr_get_node
 .text.uip_sr_is_addr_reachable
                0x0000bb90       0x4c build/cc26x0-cc13x0/launchpad/cc2650/obj/uip-sr.o
                0x0000bb90                uip_sr_is_addr_reachable
 .text.uip_sr_expire_parent
                0x0000bbdc       0x44 build/cc26x0-cc13x0/launchpad/cc2650/obj/uip-sr.o
                0x0000bbdc                uip_sr_expire_parent
 .text.uip_sr_update_node
                0x0000bc20      0x114 build/cc26x0-cc13x0/launchpad/cc2650/obj/uip-sr.o
                0x0000bc20                uip_sr_update_node
 .text.uip_sr_init
                0x0000bd34       0x24 build/cc26x0-cc13x0/launchpad/cc2650/obj/uip-sr.o
                0x0000bd34                uip_sr_init
 .text.uip_sr_node_head
                0x0000bd58        0xc build/cc26x0-cc13x0/launchpad/cc2650/obj/uip-sr.o
                0x0000bd58                uip_sr_node_head
 .text.uip_sr_node_next
                0x0000bd64        0x4 build/cc26x0-cc13x0/launchpad/cc2650/obj/uip-sr.o
                0x0000bd64                uip_sr_node_next
 .text.uip_sr_periodic
                0x0000bd68       0x7c build/cc26x0-cc13x0/launchpad/cc2650/obj/uip-sr.o
                0x0000bd68                uip_sr_periodic
 .text.uip_sr_free_all
                0x0000bde4       0x4c build/cc26x0-cc13x0/launchpad/cc2650/obj/uip-sr.o
                0x0000bde4                uip_sr_free_all
 .text.uip_sr_link_snprint
                0x0000be30       0x98 build/cc26x0-cc13x0/launchpad/cc2650/obj/uip-sr.o
                0x0000be30                uip_sr_link_snprint
 .text.uip_ds6_addr_rm.part.0
                0x0000bec8       0x88 build/cc26x0-cc13x0/launchpad/cc2650/obj/uip-ds6.o
 .text.uip_ds6_default_prefix
                0x0000bf50        0x8 build/cc26x0-cc13x0/launchpad/cc2650/obj/uip-ds6.o
                0x0000bf50                uip_ds6_default_prefix
 .text.uip_ds6_periodic
                0x0000bf58       0x58 build/cc26x0-cc13x0/launchpad/cc2650/obj/uip-ds6.o
                0x0000bf58                uip_ds6_periodic
 .text.uip_ds6_prefix_add
                0x0000bfb0       0xb0 build/cc26x0-cc13x0/launchpad/cc2650/obj/uip-ds6.o
                0x0000bfb0                uip_ds6_prefix_add
 .text.uip_ds6_is_addr_onlink
                0x0000c060       0x44 build/cc26x0-cc13x0/launchpad/cc2650/obj/uip-ds6.o
                0x0000c060                uip_ds6_is_addr_onlink
 .text.uip_ds6_addr_rm
                0x0000c0a4        0x8 build/cc26x0-cc13x0/launchpad/cc2650/obj/uip-ds6.o
                0x0000c0a4                uip_ds6_addr_rm
 .text.uip_ds6_addr_lookup
                0x0000c0ac       0x50 build/cc26x0-cc13x0/launchpad/cc2650/obj/uip-ds6.o
                0x0000c0ac                uip_ds6_addr_lookup
 .text.uip_ds6_get_link_local
                0x0000c0fc       0x54 build/cc26x0-cc13x0/launchpad/cc2650/obj/uip-ds6.o
                0x0000c0fc                uip_ds6_get_link_local
 .text.uip_ds6_maddr_add
                0x0000c150       0x80 build/cc26x0-cc13x0/launchpad/cc2650/obj/uip-ds6.o
                0x0000c150                uip_ds6_maddr_add
 .text.uip_ds6_addr_add
                0x0000c1d0       0xd4 build/cc26x0-cc13x0/launchpad/cc2650/obj/uip-ds6.o
                0x0000c1d0                uip_ds6_addr_add
 .text.uip_ds6_init
                0x0000c2a4      0x13c build/cc26x0-cc13x0/launchpad/cc2650/obj/uip-ds6.o
                0x0000c2a4                uip_ds6_init
 .text.uip_ds6_maddr_lookup
                0x0000c3e0       0x50 build/cc26x0-cc13x0/launchpad/cc2650/obj/uip-ds6.o
                0x0000c3e0                uip_ds6_maddr_lookup
 .text.uip_ds6_select_src
                0x0000c430      0x118 build/cc26x0-cc13x0/launchpad/cc2650/obj/uip-ds6.o
                0x0000c430                uip_ds6_select_src
 .text.uip_ds6_set_addr_iid
                0x0000c548       0x18 build/cc26x0-cc13x0/launchpad/cc2650/obj/uip-ds6.o
                0x0000c548                uip_ds6_set_addr_iid
 .text.uip_ds6_set_lladdr_from_iid
                0x0000c560       0x18 build/cc26x0-cc13x0/launchpad/cc2650/obj/uip-ds6.o
                0x0000c560                uip_ds6_set_lladdr_from_iid
 .text.uip_udp_packet_sendto
                0x0000c578       0x84 build/cc26x0-cc13x0/launchpad/cc2650/obj/uip-udp-packet.o
                0x0000c578                uip_udp_packet_sendto
 .text.uip_ds6_route_init
                0x0000c5fc       0x1c build/cc26x0-cc13x0/launchpad/cc2650/obj/uip-ds6-route.o
                0x0000c5fc                uip_ds6_route_init
 .text.uip_ds6_route_nexthop
                0x0000c618        0x4 build/cc26x0-cc13x0/launchpad/cc2650/obj/uip-ds6-route.o
                0x0000c618                uip_ds6_route_nexthop
 .text.uip_ds6_route_lookup
                0x0000c61c        0x4 build/cc26x0-cc13x0/launchpad/cc2650/obj/uip-ds6-route.o
                0x0000c61c                uip_ds6_route_lookup
 .text.uip_ds6_route_rm
                0x0000c620        0x4 build/cc26x0-cc13x0/launchpad/cc2650/obj/uip-ds6-route.o
                0x0000c620                uip_ds6_route_rm
 .text.uip_ds6_defrt_rm
                0x0000c624       0x3c build/cc26x0-cc13x0/launchpad/cc2650/obj/uip-ds6-route.o
                0x0000c624                uip_ds6_defrt_rm
 .text.uip_ds6_defrt_lookup
                0x0000c660       0x38 build/cc26x0-cc13x0/launchpad/cc2650/obj/uip-ds6-route.o
                0x0000c660                uip_ds6_defrt_lookup
 .text.uip_ds6_defrt_add
                0x0000c698       0xa8 build/cc26x0-cc13x0/launchpad/cc2650/obj/uip-ds6-route.o
                0x0000c698                uip_ds6_defrt_add
 .text.uip_ds6_defrt_choose
                0x0000c740       0x34 build/cc26x0-cc13x0/launchpad/cc2650/obj/uip-ds6-route.o
                0x0000c740                uip_ds6_defrt_choose
 .text.uip_ds6_defrt_periodic
                0x0000c774       0x44 build/cc26x0-cc13x0/launchpad/cc2650/obj/uip-ds6-route.o
                0x0000c774                uip_ds6_defrt_periodic
 .text.uip_ds6_nbr_rm
                0x0000c7b8       0x24 build/cc26x0-cc13x0/launchpad/cc2650/obj/uip-ds6-nbr.o
                0x0000c7b8                uip_ds6_nbr_rm
 .text.uip_ds6_neighbors_init
                0x0000c7dc       0x1c build/cc26x0-cc13x0/launchpad/cc2650/obj/uip-ds6-nbr.o
                0x0000c7dc                uip_ds6_neighbors_init
 .text.uip_ds6_nbr_add
                0x0000c7f8       0x40 build/cc26x0-cc13x0/launchpad/cc2650/obj/uip-ds6-nbr.o
                0x0000c7f8                uip_ds6_nbr_add
 .text.uip_ds6_nbr_update_ll
                0x0000c838      0x138 build/cc26x0-cc13x0/launchpad/cc2650/obj/uip-ds6-nbr.o