Archive member included to satisfy reference by file (symbol)

/usr/local/bin/../lib/gcc/arm-none-eabi/9.3.1/thumb/v7-m/nofp/libgcc.a(_arm_muldf3.o)
                              build/cc26x0-cc13x0/launchpad/cc2650/obj/ble-hal-cc26xx.o (__aeabi_dmul)
/usr/local/bin/../lib/gcc/arm-none-eabi/9.3.1/thumb/v7-m/nofp/libgcc.a(_arm_addsubdf3.o)
                              build/cc26x0-cc13x0/launchpad/cc2650/obj/ble-hal-cc26xx.o (__aeabi_ui2d)
/usr/local/bin/../lib/gcc/arm-none-eabi/9.3.1/thumb/v7-m/nofp/libgcc.a(_arm_muldivdf3.o)
                              build/cc26x0-cc13x0/launchpad/cc2650/obj/ble-hal-cc26xx.o (__aeabi_ddiv)
/usr/local/bin/../lib/gcc/arm-none-eabi/9.3.1/thumb/v7-m/nofp/libgcc.a(_arm_fixunsdfsi.o)
                              build/cc26x0-cc13x0/launchpad/cc2650/obj/ble-hal-cc26xx.o (__aeabi_d2uiz)
/usr/local/bin/../lib/gcc/arm-none-eabi/9.3.1/thumb/v7-m/nofp/libgcc.a(_aeabi_ldivmod.o)
                              build/cc26x0-cc13x0/launchpad/cc2650/obj/tsch-adaptive-timesync.o (__aeabi_ldivmod)
/usr/local/bin/../lib/gcc/arm-none-eabi/9.3.1/thumb/v7-m/nofp/libgcc.a(_aeabi_uldivmod.o)
                              build/cc26x0-cc13x0/launchpad/cc2650/obj/rf-core.o (__aeabi_uldivmod)
/usr/local/bin/../lib/gcc/arm-none-eabi/9.3.1/thumb/v7-m/nofp/libgcc.a(_udivmoddi4.o)
                              /usr/local/bin/../lib/gcc/arm-none-eabi/9.3.1/thumb/v7-m/nofp/libgcc.a(_aeabi_ldivmod.o) (__udivmoddi4)
/usr/local/bin/../lib/gcc/arm-none-eabi/9.3.1/thumb/v7-m/nofp/libgcc.a(_dvmd_tls.o)
                              /usr/local/bin/../lib/gcc/arm-none-eabi/9.3.1/thumb/v7-m/nofp/libgcc.a(_aeabi_ldivmod.o) (__aeabi_ldiv0)
/usr/local/bin/../lib/gcc/arm-none-eabi/9.3.1/../../../../arm-none-eabi/lib/thumb/v7-m/nofp/libc.a(lib_a-memcmp.o)
                              build/cc26x0-cc13x0/launchpad/cc2650/obj/linkaddr.o (memcmp)
/usr/local/bin/../lib/gcc/arm-none-eabi/9.3.1/../../../../arm-none-eabi/lib/thumb/v7-m/nofp/libc.a(lib_a-memcpy.o)
                              build/cc26x0-cc13x0/launchpad/cc2650/obj/board.o (memcpy)
/usr/local/bin/../lib/gcc/arm-none-eabi/9.3.1/../../../../arm-none-eabi/lib/thumb/v7-m/nofp/libc.a(lib_a-memmove.o)
                              build/cc26x0-cc13x0/launchpad/cc2650/obj/tsch-packet.o (memmove)
/usr/local/bin/../lib/gcc/arm-none-eabi/9.3.1/../../../../arm-none-eabi/lib/thumb/v7-m/nofp/libc.a(lib_a-memset.o)
                              build/cc26x0-cc13x0/launchpad/cc2650/obj/rf-core.o (memset)
/usr/local/bin/../lib/gcc/arm-none-eabi/9.3.1/../../../../arm-none-eabi/lib/thumb/v7-m/nofp/libc.a(lib_a-reent.o)
                              build/cc26x0-cc13x0/launchpad/cc2650/obj/syscalls.o (errno)
/usr/local/bin/../lib/gcc/arm-none-eabi/9.3.1/../../../../arm-none-eabi/lib/thumb/v7-m/nofp/libc.a(lib_a-strcat.o)
                              build/cc26x0-cc13x0/launchpad/cc2650/obj/tsch-schedule.o (strcat)
/usr/local/bin/../lib/gcc/arm-none-eabi/9.3.1/../../../../arm-none-eabi/lib/thumb/v7-m/nofp/libc.a(lib_a-strchr.o)
                              build/cc26x0-cc13x0/launchpad/cc2650/obj/shell.o (strchr)
/usr/local/bin/../lib/gcc/arm-none-eabi/9.3.1/../../../../arm-none-eabi/lib/thumb/v7-m/nofp/libc.a(lib_a-strcmp.o)
                              build/cc26x0-cc13x0/launchpad/cc2650/obj/shell-commands.o (strcmp)
/usr/local/bin/../lib/gcc/arm-none-eabi/9.3.1/../../../../arm-none-eabi/lib/thumb/v7-m/nofp/libc.a(lib_a-strcpy.o)
                              /usr/local/bin/../lib/gcc/arm-none-eabi/9.3.1/../../../../arm-none-eabi/lib/thumb/v7-m/nofp/libc.a(lib_a-strcat.o) (strcpy)
/usr/local/bin/../lib/gcc/arm-none-eabi/9.3.1/../../../../arm-none-eabi/lib/thumb/v7-m/nofp/libc.a(lib_a-strlen-stub.o)
                              build/cc26x0-cc13x0/launchpad/cc2650/obj/rf-ble.o (strlen)
/usr/local/bin/../lib/gcc/arm-none-eabi/9.3.1/../../../../arm-none-eabi/lib/thumb/v7-m/nofp/libc.a(lib_a-strncmp.o)
                              build/cc26x0-cc13x0/launchpad/cc2650/obj/sensors.o (strncmp)
/usr/local/bin/../lib/gcc/arm-none-eabi/9.3.1/../../../../arm-none-eabi/lib/thumb/v7-m/nofp/libc.a(lib_a-strtol.o)
                              build/cc26x0-cc13x0/launchpad/cc2650/obj/shell-commands.o (strtol)
/usr/local/bin/../lib/gcc/arm-none-eabi/9.3.1/../../../../arm-none-eabi/lib/thumb/v7-m/nofp/libc.a(lib_a-ctype_.o)
                              /usr/local/bin/../lib/gcc/arm-none-eabi/9.3.1/../../../../arm-none-eabi/lib/thumb/v7-m/nofp/libc.a(lib_a-strtol.o) (_ctype_)
/usr/local/bin/../lib/gcc/arm-none-eabi/9.3.1/../../../../arm-none-eabi/lib/thumb/v7-m/nofp/libc.a(lib_a-errno.o)
                              /usr/local/bin/../lib/gcc/arm-none-eabi/9.3.1/../../../../arm-none-eabi/lib/thumb/v7-m/nofp/libc.a(lib_a-strtol.o) (__errno)
/usr/local/bin/../lib/gcc/arm-none-eabi/9.3.1/../../../../arm-none-eabi/lib/thumb/v7-m/nofp/libc.a(lib_a-freer.o)
[...]
Memory Configuration

Name             Origin             Length             Attributes
FLASH            0x00000000         0x0001ffa8         xr
FLASH_CCFG       0x0001ffa8         0x00000058         xr
SRAM             0x20000000         0x00005000         xrw
GPRAM            0x11000000         0x00002000         xrw
*default*        0x00000000         0xffffffff

Linker script and memory map

LOAD build/cc26x0-cc13x0/launchpad/cc2650/obj/fault-handlers.o
LOAD build/cc26x0-cc13x0/launchpad/cc2650/obj/ccfg.o
LOAD build/cc26x0-cc13x0/launchpad/cc2650/obj/startup_gcc.o
LOAD build/cc26x0-cc13x0/launchpad/cc2650/obj/platform.o
LOAD build/cc26x0-cc13x0/launchpad/cc2650/obj/leds-arch.o
LOAD build/cc26x0-cc13x0/launchpad/cc2650/obj/board.o
LOAD build/cc26x0-cc13x0/launchpad/cc2650/obj/board-buttons.o
LOAD build/cc26x0-cc13x0/launchpad/cc2650/obj/xmem.o
LOAD build/cc26x0-cc13x0/launchpad/cc2650/obj/clock.o
LOAD build/cc26x0-cc13x0/launchpad/cc2650/obj/rtimer-arch.o
LOAD build/cc26x0-cc13x0/launchpad/cc2650/obj/soc-rtc.o
LOAD build/cc26x0-cc13x0/launchpad/cc2650/obj/uart.o
LOAD build/cc26x0-cc13x0/launchpad/cc2650/obj/contiki-watchdog.o
LOAD build/cc26x0-cc13x0/launchpad/cc2650/obj/aux-ctrl.o
LOAD build/cc26x0-cc13x0/launchpad/cc2650/obj/dbg.o
LOAD build/cc26x0-cc13x0/launchpad/cc2650/obj/ieee-addr.o
LOAD build/cc26x0-cc13x0/launchpad/cc2650/obj/batmon-sensor.o
LOAD build/cc26x0-cc13x0/launchpad/cc2650/obj/adc-sensor.o
LOAD build/cc26x0-cc13x0/launchpad/cc2650/obj/slip-arch.o
LOAD build/cc26x0-cc13x0/launchpad/cc2650/obj/slip.o
LOAD build/cc26x0-cc13x0/launchpad/cc2650/obj/cc26xx-uart.o
LOAD build/cc26x0-cc13x0/launchpad/cc2650/obj/lpm.o
LOAD build/cc26x0-cc13x0/launchpad/cc2650/obj/gpio-interrupt.o
LOAD build/cc26x0-cc13x0/launchpad/cc2650/obj/gpio-hal-arch.o
LOAD build/cc26x0-cc13x0/launchpad/cc2650/obj/oscillators.o
LOAD build/cc26x0-cc13x0/launchpad/cc2650/obj/rf-core.o
LOAD build/cc26x0-cc13x0/launchpad/cc2650/obj/rf-ble.o
LOAD build/cc26x0-cc13x0/launchpad/cc2650/obj/ieee-mode.o
LOAD build/cc26x0-cc13x0/launchpad/cc2650/obj/ble-cc2650.o
LOAD build/cc26x0-cc13x0/launchpad/cc2650/obj/ble-hal-cc26xx.o
LOAD build/cc26x0-cc13x0/launchpad/cc2650/obj/ble-addr.o
LOAD build/cc26x0-cc13x0/launchpad/cc2650/obj/rf-ble-cmd.o
LOAD build/cc26x0-cc13x0/launchpad/cc2650/obj/random.o
LOAD build/cc26x0-cc13x0/launchpad/cc2650/obj/soc-trng.o
LOAD build/cc26x0-cc13x0/launchpad/cc2650/obj/int-master.o
LOAD build/cc26x0-cc13x0/launchpad/cc2650/obj/spi-arch.o
LOAD build/cc26x0-cc13x0/launchpad/cc2650/obj/cc26xx-aes.o
LOAD build/cc26x0-cc13x0/launchpad/cc2650/obj/shell.o
LOAD build/cc26x0-cc13x0/launchpad/cc2650/obj/shell-commands.o
LOAD build/cc26x0-cc13x0/launchpad/cc2650/obj/serial-shell.o
LOAD build/cc26x0-cc13x0/launchpad/cc2650/obj/contiki-main.o
LOAD build/cc26x0-cc13x0/launchpad/cc2650/obj/autostart.o
LOAD build/cc26x0-cc13x0/launchpad/cc2650/obj/ctimer.o
LOAD build/cc26x0-cc13x0/launchpad/cc2650/obj/log.o
LOAD build/cc26x0-cc13x0/launchpad/cc2650/obj/energest.o
LOAD build/cc26x0-cc13x0/launchpad/cc2650/obj/etimer.o
LOAD build/cc26x0-cc13x0/launchpad/cc2650/obj/node-id.o
LOAD build/cc26x0-cc13x0/launchpad/cc2650/obj/mutex.o
LOAD build/cc26x0-cc13x0/launchpad/cc2650/obj/stimer.o
LOAD build/cc26x0-cc13x0/launchpad/cc2650/obj/compower.o
LOAD build/cc26x0-cc13x0/launchpad/cc2650/obj/atomic.o
LOAD build/cc26x0-cc13x0/launchpad/cc2650/obj/rtimer.o
LOAD build/cc26x0-cc13x0/launchpad/cc2650/obj/process.o
LOAD build/cc26x0-cc13x0/launchpad/cc2650/obj/timer.o
LOAD build/cc26x0-cc13x0/launchpad/cc2650/obj/stack-check.o
LOAD build/cc26x0-cc13x0/launchpad/cc2650/obj/dbl-circ-list.o
LOAD build/cc26x0-cc13x0/launchpad/cc2650/obj/crc16.o
LOAD build/cc26x0-cc13x0/launchpad/cc2650/obj/ifft.o
LOAD build/cc26x0-cc13x0/launchpad/cc2650/obj/trickle-timer.o
LOAD build/cc26x0-cc13x0/launchpad/cc2650/obj/sensors.o
LOAD build/cc26x0-cc13x0/launchpad/cc2650/obj/dbl-list.o
LOAD build/cc26x0-cc13x0/launchpad/cc2650/obj/ringbufindex.o
LOAD build/cc26x0-cc13x0/launchpad/cc2650/obj/ccm-star.o
LOAD build/cc26x0-cc13x0/launchpad/cc2650/obj/list.o
LOAD build/cc26x0-cc13x0/launchpad/cc2650/obj/circular-list.o
LOAD build/cc26x0-cc13x0/launchpad/cc2650/obj/aes-128.o
LOAD build/cc26x0-cc13x0/launchpad/cc2650/obj/memb.o
LOAD build/cc26x0-cc13x0/launchpad/cc2650/obj/heapmem.o
LOAD build/cc26x0-cc13x0/launchpad/cc2650/obj/hexconv.o
LOAD build/cc26x0-cc13x0/launchpad/cc2650/obj/assert.o
LOAD build/cc26x0-cc13x0/launchpad/cc2650/obj/ringbuf.o
LOAD build/cc26x0-cc13x0/launchpad/cc2650/obj/button-hal.o
LOAD build/cc26x0-cc13x0/launchpad/cc2650/obj/serial-line.o
LOAD build/cc26x0-cc13x0/launchpad/cc2650/obj/spi.o
LOAD build/cc26x0-cc13x0/launchpad/cc2650/obj/leds.o
LOAD build/cc26x0-cc13x0/launchpad/cc2650/obj/nullradio.o
LOAD build/cc26x0-cc13x0/launchpad/cc2650/obj/gpio-hal.o
LOAD build/cc26x0-cc13x0/launchpad/cc2650/obj/queuebuf.o
LOAD build/cc26x0-cc13x0/launchpad/cc2650/obj/nbr-table.o
LOAD build/cc26x0-cc13x0/launchpad/cc2650/obj/packetbuf.o
LOAD build/cc26x0-cc13x0/launchpad/cc2650/obj/netstack.o
LOAD build/cc26x0-cc13x0/launchpad/cc2650/obj/linkaddr.o
LOAD build/cc26x0-cc13x0/launchpad/cc2650/obj/net-debug.o
LOAD build/cc26x0-cc13x0/launchpad/cc2650/obj/link-stats.o
LOAD build/cc26x0-cc13x0/launchpad/cc2650/obj/mac-sequence.o
LOAD build/cc26x0-cc13x0/launchpad/cc2650/obj/mac.o
LOAD build/cc26x0-cc13x0/launchpad/cc2650/obj/frame802154e-ie.o
LOAD build/cc26x0-cc13x0/launchpad/cc2650/obj/framer-802154.o
LOAD build/cc26x0-cc13x0/launchpad/cc2650/obj/nullframer.o
LOAD build/cc26x0-cc13x0/launchpad/cc2650/obj/frame802154.o
LOAD build/cc26x0-cc13x0/launchpad/cc2650/obj/ext-flash.o
LOAD build/cc26x0-cc13x0/launchpad/cc2650/obj/udma.o
LOAD build/cc26x0-cc13x0/launchpad/cc2650/obj/aux_wuc.o
LOAD build/cc26x0-cc13x0/launchpad/cc2650/obj/setup_rom.o
LOAD build/cc26x0-cc13x0/launchpad/cc2650/obj/watchdog.o
LOAD build/cc26x0-cc13x0/launchpad/cc2650/obj/ssi.o
LOAD build/cc26x0-cc13x0/launchpad/cc2650/obj/setup.o
LOAD build/cc26x0-cc13x0/launchpad/cc2650/obj/trng.o
LOAD build/cc26x0-cc13x0/launchpad/cc2650/obj/prcm.o
LOAD build/cc26x0-cc13x0/launchpad/cc2650/obj/adi.o
LOAD build/cc26x0-cc13x0/launchpad/cc2650/obj/aux_adc.o
LOAD build/cc26x0-cc13x0/launchpad/cc2650/obj/chipinfo.o
LOAD build/cc26x0-cc13x0/launchpad/cc2650/obj/aux_smph.o
LOAD build/cc26x0-cc13x0/launchpad/cc2650/obj/crypto.o
LOAD build/cc26x0-cc13x0/launchpad/cc2650/obj/aon_ioc.o
LOAD build/cc26x0-cc13x0/launchpad/cc2650/obj/rfc.o
LOAD build/cc26x0-cc13x0/launchpad/cc2650/obj/systick.o
LOAD build/cc26x0-cc13x0/launchpad/cc2650/obj/ioc.o
LOAD build/cc26x0-cc13x0/launchpad/cc2650/obj/ddi.o
LOAD build/cc26x0-cc13x0/launchpad/cc2650/obj/interrupt.o
LOAD build/cc26x0-cc13x0/launchpad/cc2650/obj/aux_tdc.o
LOAD build/cc26x0-cc13x0/launchpad/cc2650/obj/ccfgread.o
LOAD build/cc26x0-cc13x0/launchpad/cc2650/obj/smph.o
LOAD build/cc26x0-cc13x0/launchpad/cc2650/obj/vims.o
LOAD build/cc26x0-cc13x0/launchpad/cc2650/obj/flash.o
LOAD build/cc26x0-cc13x0/launchpad/cc2650/obj/aon_wuc.o
LOAD build/cc26x0-cc13x0/launchpad/cc2650/obj/event.o
LOAD build/cc26x0-cc13x0/launchpad/cc2650/obj/sys_ctrl.o
LOAD build/cc26x0-cc13x0/launchpad/cc2650/obj/osc.o
LOAD build/cc26x0-cc13x0/launchpad/cc2650/obj/pwr_ctrl.o
LOAD build/cc26x0-cc13x0/launchpad/cc2650/obj/gpio.o
LOAD build/cc26x0-cc13x0/launchpad/cc2650/obj/rom_crypto.o
LOAD build/cc26x0-cc13x0/launchpad/cc2650/obj/cpu.o
LOAD build/cc26x0-cc13x0/launchpad/cc2650/obj/aon_batmon.o
LOAD build/cc26x0-cc13x0/launchpad/cc2650/obj/aux_timer.o
LOAD build/cc26x0-cc13x0/launchpad/cc2650/obj/i2s.o
LOAD build/cc26x0-cc13x0/launchpad/cc2650/obj/aon_event.o
LOAD build/cc26x0-cc13x0/launchpad/cc2650/obj/aon_rtc.o
LOAD build/cc26x0-cc13x0/launchpad/cc2650/obj/driverlib_release.o
LOAD build/cc26x0-cc13x0/launchpad/cc2650/obj/i2c.o
LOAD build/cc26x0-cc13x0/launchpad/cc2650/obj/syscalls.o
LOAD build/cc26x0-cc13x0/launchpad/cc2650/obj/strformat.o
LOAD build/cc26x0-cc13x0/launchpad/cc2650/obj/printf.o
LOAD build/cc26x0-cc13x0/launchpad/cc2650/obj/sprintf.o
LOAD build/cc26x0-cc13x0/launchpad/cc2650/obj/snprintf.o
LOAD build/cc26x0-cc13x0/launchpad/cc2650/obj/puts.o
LOAD build/cc26x0-cc13x0/launchpad/cc2650/obj/putchar.o
LOAD build/cc26x0-cc13x0/launchpad/cc2650/obj/tsch-queue.o
LOAD build/cc26x0-cc13x0/launchpad/cc2650/obj/tsch-timeslot-timing.o
LOAD build/cc26x0-cc13x0/launchpad/cc2650/obj/tsch-schedule.o
LOAD build/cc26x0-cc13x0/launchpad/cc2650/obj/tsch-slot-operation.o
LOAD build/cc26x0-cc13x0/launchpad/cc2650/obj/tsch-roots.o
LOAD build/cc26x0-cc13x0/launchpad/cc2650/obj/tsch-security.o
LOAD build/cc26x0-cc13x0/launchpad/cc2650/obj/tsch-rpl.o
LOAD build/cc26x0-cc13x0/launchpad/cc2650/obj/tsch-adaptive-timesync.o
LOAD build/cc26x0-cc13x0/launchpad/cc2650/obj/tsch-packet.o
LOAD build/cc26x0-cc13x0/launchpad/cc2650/obj/tsch-stats.o
LOAD build/cc26x0-cc13x0/launchpad/cc2650/obj/tsch.o
LOAD build/cc26x0-cc13x0/launchpad/cc2650/obj/tsch-log.o
LOAD build/cc26x0-cc13x0/launchpad/cc2650/obj/uipbuf.o
LOAD build/cc26x0-cc13x0/launchpad/cc2650/obj/uip-icmp6.o
LOAD build/cc26x0-cc13x0/launchpad/cc2650/obj/uip-sr.o
LOAD build/cc26x0-cc13x0/launchpad/cc2650/obj/uip-ds6.o
LOAD build/cc26x0-cc13x0/launchpad/cc2650/obj/uip-packetqueue.o
LOAD build/cc26x0-cc13x0/launchpad/cc2650/obj/tcp-socket.o
LOAD build/cc26x0-cc13x0/launchpad/cc2650/obj/uiplib.o
LOAD build/cc26x0-cc13x0/launchpad/cc2650/obj/tcpip.o
LOAD build/cc26x0-cc13x0/launchpad/cc2650/obj/ip64-addr.o
LOAD build/cc26x0-cc13x0/launchpad/cc2650/obj/uip-udp-packet.o
LOAD build/cc26x0-cc13x0/launchpad/cc2650/obj/uip-ds6-route.o
LOAD build/cc26x0-cc13x0/launchpad/cc2650/obj/psock.o
LOAD build/cc26x0-cc13x0/launchpad/cc2650/obj/uip-ds6-nbr.o
LOAD build/cc26x0-cc13x0/launchpad/cc2650/obj/uip6.o
LOAD build/cc26x0-cc13x0/launchpad/cc2650/obj/uip-nameserver.o
LOAD build/cc26x0-cc13x0/launchpad/cc2650/obj/uip-nd6.o
LOAD build/cc26x0-cc13x0/launchpad/cc2650/obj/udp-socket.o
LOAD build/cc26x0-cc13x0/launchpad/cc2650/obj/simple-udp.o
LOAD build/cc26x0-cc13x0/launchpad/cc2650/obj/sicslowpan.o
LOAD build/cc26x0-cc13x0/launchpad/cc2650/obj/rpl-icmp6.o
LOAD build/cc26x0-cc13x0/launchpad/cc2650/obj/rpl-of0.o
LOAD build/cc26x0-cc13x0/launchpad/cc2650/obj/rpl-neighbor.o
LOAD build/cc26x0-cc13x0/launchpad/cc2650/obj/rpl-timers.o
LOAD build/cc26x0-cc13x0/launchpad/cc2650/obj/rpl-ext-header.o
LOAD build/cc26x0-cc13x0/launchpad/cc2650/obj/rpl.o
LOAD build/cc26x0-cc13x0/launchpad/cc2650/obj/rpl-nbr-policy.o
LOAD build/cc26x0-cc13x0/launchpad/cc2650/obj/rpl-mrhof.o
LOAD build/cc26x0-cc13x0/launchpad/cc2650/obj/rpl-dag.o
LOAD build/cc26x0-cc13x0/launchpad/cc2650/obj/rpl-dag-root.o
LOAD node.o
START GROUP
LOAD /usr/local/bin/../lib/gcc/arm-none-eabi/9.3.1/../../../../arm-none-eabi/lib/thumb/v7-m/nofp/libm.a
END GROUP
START GROUP
LOAD /usr/local/bin/../lib/gcc/arm-none-eabi/9.3.1/thumb/v7-m/nofp/libgcc.a
LOAD /usr/local/bin/../lib/gcc/arm-none-eabi/9.3.1/../../../../arm-none-eabi/lib/thumb/v7-m/nofp/libc.a
END GROUP
                0x20005000                _estack = (ORIGIN (SRAM) + LENGTH (SRAM))
                0x00000000                _Min_Heap_Size = 0x0
                0x00000400                _Min_Stack_Size = 0x400

.text           0x00000000    0x17185
                0x00000000                _text = .
 *(SORT_BY_ALIGNMENT(.vectors))
 .vectors       0x00000000       0xc8 build/cc26x0-cc13x0/launchpad/cc2650/obj/startup_gcc.o
                0x00000000                g_pfnVectors
 *(SORT_BY_ALIGNMENT(.text*))
 .text.FaultISR
                0x000000c8       0x18 build/cc26x0-cc13x0/launchpad/cc2650/obj/fault-handlers.o
                0x000000c8                FaultISR
 .text.NmiSRHandler
                0x000000e0        0x4 build/cc26x0-cc13x0/launchpad/cc2650/obj/startup_gcc.o
                0x000000e0                NmiSR
 .text.IntDefaultHandler
                0x000000e4        0x4 build/cc26x0-cc13x0/launchpad/cc2650/obj/startup_gcc.o
                0x000000e4                SSI0IntHandler
                0x000000e4                SWEvent0IntHandler
                0x000000e4                uDMAIntHandler
                0x000000e4                WatchdogIntHandler
                0x000000e4                RFCHardwareIntHandler
                0x000000e4                Timer1BIntHandler
                0x000000e4                I2SIntHandler
                0x000000e4                Timer2BIntHandler
                0x000000e4                Timer2AIntHandler
                0x000000e4                Timer1AIntHandler
                0x000000e4                AONIntHandler
                0x000000e4                AUXSWEvent0IntHandler
                0x000000e4                AUXADCIntHandler
                0x000000e4                PendSVIntHandler
                0x000000e4                AUXSWEvent1IntHandler
                0x000000e4                SVCallIntHandler
                0x000000e4                MPUFaultIntHandler
                0x000000e4                SysTickIntHandler
                0x000000e4                BusFaultIntHandler
                0x000000e4                AONProgIntHandler
                0x000000e4                AUXCompAIntHandler
                0x000000e4                SSI1IntHandler
                0x000000e4                FlashIntHandler
                0x000000e4                uDMAErrIntHandler
                0x000000e4                UsageFaultIntHandler
                0x000000e4                RFCCmdAckIntHandler
                0x000000e4                CryptoIntHandler
                0x000000e4                Timer0AIntHandler
                0x000000e4                I2CIntHandler
                0x000000e4                DebugMonIntHandler
                0x000000e4                Timer0BIntHandler
                0x000000e4                AUXCombEventIntHandler
                0x000000e4                Timer3AIntHandler
                0x000000e4                DynProgIntHandler
                0x000000e4                Timer3BIntHandler
 .text.ResetISR
                0x000000e8       0x5c build/cc26x0-cc13x0/launchpad/cc2650/obj/startup_gcc.o
                0x000000e8                ResetISR
 .text.fade     0x00000144       0x64 build/cc26x0-cc13x0/launchpad/cc2650/obj/platform.o
 .text.platform_init_stage_one
                0x000001a8       0x7c build/cc26x0-cc13x0/launchpad/cc2650/obj/platform.o
                0x000001a8                platform_init_stage_one
 .text.platform_init_stage_two
                0x00000224       0x38 build/cc26x0-cc13x0/launchpad/cc2650/obj/platform.o
                0x00000224                platform_init_stage_two
 .text.platform_init_stage_three
                0x0000025c       0xd4 build/cc26x0-cc13x0/launchpad/cc2650/obj/platform.o
                0x0000025c                platform_init_stage_three
 .text.platform_idle
                0x00000330        0x4 build/cc26x0-cc13x0/launchpad/cc2650/obj/platform.o
                0x00000330                platform_idle
 .text.wakeup_handler
                0x00000334       0x20 build/cc26x0-cc13x0/launchpad/cc2650/obj/board.o
 .text.board_init
                0x00000354       0x8c build/cc26x0-cc13x0/launchpad/cc2650/obj/board.o
                0x00000354                board_init
 .text.power_domain_on
                0x000003e0       0x20 build/cc26x0-cc13x0/launchpad/cc2650/obj/clock.o
 .text.clock_init
                0x00000400       0x9c build/cc26x0-cc13x0/launchpad/cc2650/obj/clock.o
                0x00000400                clock_init
 .text.clock_time
                0x0000049c       0x20 build/cc26x0-cc13x0/launchpad/cc2650/obj/clock.o
                0x0000049c                clock_time
 .text.clock_update
                0x000004bc       0x28 build/cc26x0-cc13x0/launchpad/cc2650/obj/clock.o
                0x000004bc                clock_update
 .text.clock_seconds
                0x000004e4        0xc build/cc26x0-cc13x0/launchpad/cc2650/obj/clock.o
                0x000004e4                clock_seconds
 .text.rtimer_arch_init
                0x000004f0        0x4 build/cc26x0-cc13x0/launchpad/cc2650/obj/rtimer-arch.o
                0x000004f0                rtimer_arch_init
 .text.rtimer_arch_schedule
                0x000004f4        0x8 build/cc26x0-cc13x0/launchpad/cc2650/obj/rtimer-arch.o
                0x000004f4                rtimer_arch_schedule
 .text.rtimer_arch_now
                0x000004fc        0x4 build/cc26x0-cc13x0/launchpad/cc2650/obj/rtimer-arch.o
                0x000004fc                rtimer_arch_now
 .text.soc_rtc_init
                0x00000500       0xa0 build/cc26x0-cc13x0/launchpad/cc2650/obj/soc-rtc.o
                0x00000500                soc_rtc_init
 .text.soc_rtc_schedule_one_shot
                0x000005a0       0x70 build/cc26x0-cc13x0/launchpad/cc2650/obj/soc-rtc.o
                0x000005a0                soc_rtc_schedule_one_shot
 .text.soc_rtc_last_isr_time
                0x00000610        0xc build/cc26x0-cc13x0/launchpad/cc2650/obj/soc-rtc.o
                0x00000610                soc_rtc_last_isr_time
 .text.AONRTCIntHandler
                0x0000061c       0x88 build/cc26x0-cc13x0/launchpad/cc2650/obj/soc-rtc.o
                0x0000061c                AONRTCIntHandler
 .text.watchdog_init
                0x000006a4        0xc build/cc26x0-cc13x0/launchpad/cc2650/obj/contiki-watchdog.o
                0x000006a4                watchdog_init
 .text.watchdog_start
                0x000006b0       0x64 build/cc26x0-cc13x0/launchpad/cc2650/obj/contiki-watchdog.o
                0x000006b0                watchdog_start
 .text.watchdog_periodic
                0x00000714        0xc build/cc26x0-cc13x0/launchpad/cc2650/obj/contiki-watchdog.o
                0x00000714                watchdog_periodic
 .text.watchdog_reboot
                0x00000720        0x8 build/cc26x0-cc13x0/launchpad/cc2650/obj/contiki-watchdog.o
                0x00000720                watchdog_reboot
 .text.aux_ctrl_power_up
                0x00000728       0x28 build/cc26x0-cc13x0/launchpad/cc2650/obj/aux-ctrl.o
                0x00000728                aux_ctrl_power_up
 .text.aux_ctrl_register_consumer
                0x00000750       0x40 build/cc26x0-cc13x0/launchpad/cc2650/obj/aux-ctrl.o
                0x00000750                aux_ctrl_register_consumer
 .text.aux_ctrl_power_down
                0x00000790       0x6c build/cc26x0-cc13x0/launchpad/cc2650/obj/aux-ctrl.o
                0x00000790                aux_ctrl_power_down
 .text.aux_ctrl_unregister_consumer
                0x000007fc       0x28 build/cc26x0-cc13x0/launchpad/cc2650/obj/aux-ctrl.o
                0x000007fc                aux_ctrl_unregister_consumer
 .text.dbg_send_bytes
                0x00000824       0x30 build/cc26x0-cc13x0/launchpad/cc2650/obj/dbg.o
                0x00000824                dbg_send_bytes
 .text.ieee_addr_cpy_to
                0x00000854       0x40 build/cc26x0-cc13x0/launchpad/cc2650/obj/ieee-addr.o
                0x00000854                ieee_addr_cpy_to
 .text.power_and_clock
                0x00000894       0x40 build/cc26x0-cc13x0/launchpad/cc2650/obj/cc26xx-uart.o
 .text.enable   0x000008d4       0xf0 build/cc26x0-cc13x0/launchpad/cc2650/obj/cc26xx-uart.o
 .text.lpm_drop_handler
                0x000009c4      0x114 build/cc26x0-cc13x0/launchpad/cc2650/obj/cc26xx-uart.o
 .text.cc26xx_uart_init
                0x00000ad8       0x28 build/cc26x0-cc13x0/launchpad/cc2650/obj/cc26xx-uart.o
                0x00000ad8                cc26xx_uart_init
 .text.cc26xx_uart_write_byte
                0x00000b00       0x40 build/cc26x0-cc13x0/launchpad/cc2650/obj/cc26xx-uart.o
                0x00000b00                cc26xx_uart_write_byte
 .text.cc26xx_uart_set_input
                0x00000b40       0x6c build/cc26x0-cc13x0/launchpad/cc2650/obj/cc26xx-uart.o
                0x00000b40                cc26xx_uart_set_input
 .text.cc26xx_uart_busy
                0x00000bac       0x38 build/cc26x0-cc13x0/launchpad/cc2650/obj/cc26xx-uart.o
                0x00000bac                cc26xx_uart_busy
 .text.UART0IntHandler
                0x00000be4       0x54 build/cc26x0-cc13x0/launchpad/cc2650/obj/cc26xx-uart.o
                0x00000be4                UART0IntHandler
 .text.lpm_sleep
                0x00000c38       0x14 build/cc26x0-cc13x0/launchpad/cc2650/obj/lpm.o
                0x00000c38                lpm_sleep
 .text.lpm_drop
                0x00000c4c      0x298 build/cc26x0-cc13x0/launchpad/cc2650/obj/lpm.o
                0x00000c4c                lpm_drop
 .text.lpm_register_module
                0x00000ee4        0xc build/cc26x0-cc13x0/launchpad/cc2650/obj/lpm.o
                0x00000ee4                lpm_register_module
 .text.lpm_unregister_module
                0x00000ef0        0xc build/cc26x0-cc13x0/launchpad/cc2650/obj/lpm.o
                0x00000ef0                lpm_unregister_module
 .text.lpm_init
                0x00000efc       0x20 build/cc26x0-cc13x0/launchpad/cc2650/obj/lpm.o
                0x00000efc                lpm_init
 .text.lpm_pin_set_default_state
                0x00000f1c       0x2c build/cc26x0-cc13x0/launchpad/cc2650/obj/lpm.o
                0x00000f1c                lpm_pin_set_default_state
 .text.GPIOIntHandler
                0x00000f48       0x10 build/cc26x0-cc13x0/launchpad/cc2650/obj/gpio-interrupt.o
                0x00000f48                GPIOIntHandler
 .text.gpio_hal_arch_no_port_pin_cfg_set
                0x00000f58       0x74 build/cc26x0-cc13x0/launchpad/cc2650/obj/gpio-hal-arch.o
                0x00000f58                gpio_hal_arch_no_port_pin_cfg_set
 .text.gpio_hal_arch_no_port_read_pin
                0x00000fcc       0x28 build/cc26x0-cc13x0/launchpad/cc2650/obj/gpio-hal-arch.o
                0x00000fcc                gpio_hal_arch_no_port_read_pin
 .text.oscillators_select_lf_xosc
                0x00000ff4       0x5c build/cc26x0-cc13x0/launchpad/cc2650/obj/oscillators.o
                0x00000ff4                oscillators_select_lf_xosc
 .text.oscillators_request_hf_xosc
                0x00001050       0x30 build/cc26x0-cc13x0/launchpad/cc2650/obj/oscillators.o
                0x00001050                oscillators_request_hf_xosc
 .text.oscillators_switch_to_hf_xosc
                0x00001080       0x34 build/cc26x0-cc13x0/launchpad/cc2650/obj/oscillators.o
                0x00001080                oscillators_switch_to_hf_xosc
 .text.oscillators_switch_to_hf_rc
                0x000010b4       0x44 build/cc26x0-cc13x0/launchpad/cc2650/obj/oscillators.o
                0x000010b4                oscillators_switch_to_hf_rc
 .text.process_thread_rf_core_process
                0x000010f8       0x58 build/cc26x0-cc13x0/launchpad/cc2650/obj/rf-core.o
 .text.rf_core_is_accessible
                0x00001150       0x10 build/cc26x0-cc13x0/launchpad/cc2650/obj/rf-core.o
                0x00001150                rf_core_is_accessible
 .text.rf_core_send_cmd
                0x00001160       0xc8 build/cc26x0-cc13x0/launchpad/cc2650/obj/rf-core.o
                0x00001160                rf_core_send_cmd
 .text.rf_core_wait_cmd_done
                0x00001228       0x38 build/cc26x0-cc13x0/launchpad/cc2650/obj/rf-core.o
                0x00001228                rf_core_wait_cmd_done
 .text.rf_core_power_up
                0x00001260       0xcc build/cc26x0-cc13x0/launchpad/cc2650/obj/rf-core.o
                0x00001260                rf_core_power_up
 .text.rf_core_start_rat
                0x0000132c       0x80 build/cc26x0-cc13x0/launchpad/cc2650/obj/rf-core.o
                0x0000132c                rf_core_start_rat
 .text.rf_core_stop_rat
                0x000013ac       0x98 build/cc26x0-cc13x0/launchpad/cc2650/obj/rf-core.o
                0x000013ac                rf_core_stop_rat
 .text.rf_core_power_down
                0x00001444      0x104 build/cc26x0-cc13x0/launchpad/cc2650/obj/rf-core.o
                0x00001444                rf_core_power_down
 .text.rf_core_set_modesel
                0x00001548       0x44 build/cc26x0-cc13x0/launchpad/cc2650/obj/rf-core.o
                0x00001548                rf_core_set_modesel
 .text.rf_core_boot
                0x0000158c       0x1c build/cc26x0-cc13x0/launchpad/cc2650/obj/rf-core.o
                0x0000158c                rf_core_boot
 .text.rf_core_restart_rat
                0x000015a8       0x18 build/cc26x0-cc13x0/launchpad/cc2650/obj/rf-core.o
                0x000015a8                rf_core_restart_rat
 .text.rf_core_setup_interrupts
                0x000015c0       0x78 build/cc26x0-cc13x0/launchpad/cc2650/obj/rf-core.o
                0x000015c0                rf_core_setup_interrupts
 .text.rf_core_cmd_done_en
                0x00001638       0x3c build/cc26x0-cc13x0/launchpad/cc2650/obj/rf-core.o
                0x00001638                rf_core_cmd_done_en
 .text.rf_core_cmd_done_dis
                0x00001674       0x20 build/cc26x0-cc13x0/launchpad/cc2650/obj/rf-core.o
                0x00001674                rf_core_cmd_done_dis
 .text.rf_core_get_last_radio_op
                0x00001694        0xc build/cc26x0-cc13x0/launchpad/cc2650/obj/rf-core.o
                0x00001694                rf_core_get_last_radio_op
 .text.rf_core_init_radio_op
                0x000016a0       0x1c build/cc26x0-cc13x0/launchpad/cc2650/obj/rf-core.o
                0x000016a0                rf_core_init_radio_op
 .text.rf_core_primary_mode_register
                0x000016bc        0xc build/cc26x0-cc13x0/launchpad/cc2650/obj/rf-core.o
                0x000016bc                rf_core_primary_mode_register
 .text.rf_core_rat_init
                0x000016c8       0x2c build/cc26x0-cc13x0/launchpad/cc2650/obj/rf-core.o
                0x000016c8                rf_core_rat_init
 .text.rf_core_check_rat_overflow
                0x000016f4       0x84 build/cc26x0-cc13x0/launchpad/cc2650/obj/rf-core.o
                0x000016f4                rf_core_check_rat_overflow
 .text.rat_overflow_check_timer_cb
                0x00001778       0x60 build/cc26x0-cc13x0/launchpad/cc2650/obj/rf-core.o
 .text.rf_core_convert_rat_to_rtimer
                0x000017d8       0x98 build/cc26x0-cc13x0/launchpad/cc2650/obj/rf-core.o
                0x000017d8                rf_core_convert_rat_to_rtimer
 .text.RFCCPE1IntHandler
                0x00001870       0x54 build/cc26x0-cc13x0/launchpad/cc2650/obj/rf-core.o
                0x00001870                RFCCPE1IntHandler
 .text.RFCCPE0IntHandler
                0x000018c4       0x54 build/cc26x0-cc13x0/launchpad/cc2650/obj/rf-core.o
                0x000018c4                RFCCPE0IntHandler
 .text.rf_ble_is_active
                0x00001918        0xc build/cc26x0-cc13x0/launchpad/cc2650/obj/rf-ble.o
                0x00001918                rf_ble_is_active
 .text.rf_is_on
                0x00001924       0x1c build/cc26x0-cc13x0/launchpad/cc2650/obj/ieee-mode.o
 .text.rx_on    0x00001940       0x68 build/cc26x0-cc13x0/launchpad/cc2650/obj/ieee-mode.o
 .text.prepare  0x000019a8       0x1c build/cc26x0-cc13x0/launchpad/cc2650/obj/ieee-mode.o
 .text.rf_radio_setup
                0x000019c4       0x5c build/cc26x0-cc13x0/launchpad/cc2650/obj/ieee-mode.o
 .text.soft_on  0x00001a20       0x18 build/cc26x0-cc13x0/launchpad/cc2650/obj/ieee-mode.o
 .text.pending_packet
                0x00001a38       0x48 build/cc26x0-cc13x0/launchpad/cc2650/obj/ieee-mode.o
 .text.soft_off
                0x00001a80       0x44 build/cc26x0-cc13x0/launchpad/cc2650/obj/ieee-mode.o
 .text.get_object
                0x00001ac4       0x44 build/cc26x0-cc13x0/launchpad/cc2650/obj/ieee-mode.o
 .text.request  0x00001b08       0x20 build/cc26x0-cc13x0/launchpad/cc2650/obj/ieee-mode.o
 .text.transmitting.part.0
                0x00001b28       0x48 build/cc26x0-cc13x0/launchpad/cc2650/obj/ieee-mode.o
 .text.rx_off   0x00001b70       0x80 build/cc26x0-cc13x0/launchpad/cc2650/obj/ieee-mode.o
 .text.set_object
                0x00001bf0       0x60 build/cc26x0-cc13x0/launchpad/cc2650/obj/ieee-mode.o
 .text.get_cca_info
                0x00001c50       0x60 build/cc26x0-cc13x0/launchpad/cc2650/obj/ieee-mode.o
 .text.receiving_packet
                0x00001cb0       0x3c build/cc26x0-cc13x0/launchpad/cc2650/obj/ieee-mode.o
 .text.off.part.0
                0x00001cec       0x74 build/cc26x0-cc13x0/launchpad/cc2650/obj/ieee-mode.o
 .text.off      0x00001d60       0x14 build/cc26x0-cc13x0/launchpad/cc2650/obj/ieee-mode.o
 .text.on       0x00001d74       0x94 build/cc26x0-cc13x0/launchpad/cc2650/obj/ieee-mode.o
 .text.set_value
                0x00001e08      0x184 build/cc26x0-cc13x0/launchpad/cc2650/obj/ieee-mode.o
 .text.get_value
                0x00001f8c      0x1c0 build/cc26x0-cc13x0/launchpad/cc2650/obj/ieee-mode.o
 .text.channel_clear
                0x0000214c       0x90 build/cc26x0-cc13x0/launchpad/cc2650/obj/ieee-mode.o
 .text.read_frame
                0x000021dc       0xf0 build/cc26x0-cc13x0/launchpad/cc2650/obj/ieee-mode.o
 .text.transmit.part.0
                0x000022cc       0xec build/cc26x0-cc13x0/launchpad/cc2650/obj/ieee-mode.o
 .text.transmit
                0x000023b8        0xc build/cc26x0-cc13x0/launchpad/cc2650/obj/ieee-mode.o
 .text.send     0x000023c4       0x24 build/cc26x0-cc13x0/launchpad/cc2650/obj/ieee-mode.o
 .text.init     0x000023e8      0x128 build/cc26x0-cc13x0/launchpad/cc2650/obj/ieee-mode.o
 .text.random_rand
                0x00002510        0xc build/cc26x0-cc13x0/launchpad/cc2650/obj/random.o
                0x00002510                random_rand
 .text.random_init
                0x0000251c        0x4 build/cc26x0-cc13x0/launchpad/cc2650/obj/random.o
                0x0000251c                random_init
 .text.power_up
                0x00002520       0x40 build/cc26x0-cc13x0/launchpad/cc2650/obj/soc-trng.o
 .text.request  0x00002560       0x14 build/cc26x0-cc13x0/launchpad/cc2650/obj/soc-trng.o
 .text.process_thread_soc_trng_process
                0x00002574       0x94 build/cc26x0-cc13x0/launchpad/cc2650/obj/soc-trng.o
 .text.accessible
                0x00002608       0x24 build/cc26x0-cc13x0/launchpad/cc2650/obj/soc-trng.o
 .text.soc_trng_rand_synchronous
                0x0000262c       0xc4 build/cc26x0-cc13x0/launchpad/cc2650/obj/soc-trng.o
                0x0000262c                soc_trng_rand_synchronous
 .text.TRNGIntHandler
                0x000026f0       0x50 build/cc26x0-cc13x0/launchpad/cc2650/obj/soc-trng.o
                0x000026f0                TRNGIntHandler
 .text.soc_trng_init
                0x00002740       0x28 build/cc26x0-cc13x0/launchpad/cc2650/obj/soc-trng.o
                0x00002740                soc_trng_init
 .text.int_master_read_and_disable
                0x00002768       0x10 build/cc26x0-cc13x0/launchpad/cc2650/obj/int-master.o
                0x00002768                int_master_read_and_disable
 .text.int_master_status_set
                0x00002778        0x8 build/cc26x0-cc13x0/launchpad/cc2650/obj/int-master.o
                0x00002778                int_master_status_set
 .text.spi_arch_has_lock
                0x00002780       0x18 build/cc26x0-cc13x0/launchpad/cc2650/obj/spi-arch.o
                0x00002780                spi_arch_has_lock
 .text.spi_arch_lock_and_open
                0x00002798      0x150 build/cc26x0-cc13x0/launchpad/cc2650/obj/spi-arch.o
                0x00002798                spi_arch_lock_and_open
 .text.spi_arch_close_and_unlock
                0x000028e8       0xa0 build/cc26x0-cc13x0/launchpad/cc2650/obj/spi-arch.o
                0x000028e8                spi_arch_close_and_unlock
 .text.spi_arch_transfer
                0x00002988       0xf4 build/cc26x0-cc13x0/launchpad/cc2650/obj/spi-arch.o
                0x00002988                spi_arch_transfer
 .text.shell_output_6addr
                0x00002a7c       0x28 build/cc26x0-cc13x0/launchpad/cc2650/obj/shell.o
                0x00002a7c                shell_output_6addr
 .text.shell_output_lladdr
                0x00002aa4       0x78 build/cc26x0-cc13x0/launchpad/cc2650/obj/shell.o
                0x00002aa4                shell_output_lladdr
 .text.shell_input
                0x00002b1c       0xcc build/cc26x0-cc13x0/launchpad/cc2650/obj/shell.o
                0x00002b1c                shell_input
 .text.shell_init
                0x00002be8        0x4 build/cc26x0-cc13x0/launchpad/cc2650/obj/shell.o
                0x00002be8                shell_init
 .text.cmd_rpl_global_repair
                0x00002bec       0x3c build/cc26x0-cc13x0/launchpad/cc2650/obj/shell-commands.o
 .text.cmd_rpl_local_repair
                0x00002c28       0x3c build/cc26x0-cc13x0/launchpad/cc2650/obj/shell-commands.o
 .text.cmd_help
                0x00002c64       0x70 build/cc26x0-cc13x0/launchpad/cc2650/obj/shell-commands.o
 .text.cmd_macaddr
                0x00002cd4       0x48 build/cc26x0-cc13x0/launchpad/cc2650/obj/shell-commands.o
 .text.cmd_tsch_status
                0x00002d1c      0x148 build/cc26x0-cc13x0/launchpad/cc2650/obj/shell-commands.o
 .text.cmd_tsch_schedule
                0x00002e64       0xdc build/cc26x0-cc13x0/launchpad/cc2650/obj/shell-commands.o
 .text.cmd_tsch_set_coordinator
                0x00002f40      0x160 build/cc26x0-cc13x0/launchpad/cc2650/obj/shell-commands.o
 .text.cmd_rpl_nbr
                0x000030a0       0x94 build/cc26x0-cc13x0/launchpad/cc2650/obj/shell-commands.o
 .text.cmd_ipaddr
                0x00003134       0x84 build/cc26x0-cc13x0/launchpad/cc2650/obj/shell-commands.o
 .text.cmd_rpl_status
                0x000031b8      0x278 build/cc26x0-cc13x0/launchpad/cc2650/obj/shell-commands.o
 .text.cmd_rpl_refresh_routes
                0x00003430       0x34 build/cc26x0-cc13x0/launchpad/cc2650/obj/shell-commands.o
 .text.cmd_rpl_set_root
                0x00003464      0x188 build/cc26x0-cc13x0/launchpad/cc2650/obj/shell-commands.o
 .text.cmd_routes
                0x000035ec       0xf8 build/cc26x0-cc13x0/launchpad/cc2650/obj/shell-commands.o
 .text.cmd_ping
                0x000036e4      0x168 build/cc26x0-cc13x0/launchpad/cc2650/obj/shell-commands.o
 .text.cmd_ip_neighbors
                0x0000384c       0xe0 build/cc26x0-cc13x0/launchpad/cc2650/obj/shell-commands.o
 .text.shell_output_log_levels
                0x0000392c       0x58 build/cc26x0-cc13x0/launchpad/cc2650/obj/shell-commands.o
 .text.cmd_log  0x00003984      0x184 build/cc26x0-cc13x0/launchpad/cc2650/obj/shell-commands.o
 .text.cmd_reboot
                0x00003b08       0x30 build/cc26x0-cc13x0/launchpad/cc2650/obj/shell-commands.o
 .text.echo_reply_handler
                0x00003b38       0x30 build/cc26x0-cc13x0/launchpad/cc2650/obj/shell-commands.o
 .text.shell_commands_init
                0x00003b68       0x30 build/cc26x0-cc13x0/launchpad/cc2650/obj/shell-commands.o
                0x00003b68                shell_commands_init
 .text.shell_command_lookup
                0x00003b98       0x44 build/cc26x0-cc13x0/launchpad/cc2650/obj/shell-commands.o
                0x00003b98                shell_command_lookup
 .text.process_thread_serial_shell_process
                0x00003bdc       0x5c build/cc26x0-cc13x0/launchpad/cc2650/obj/serial-shell.o
 .text.serial_shell_output
                0x00003c38        0xc build/cc26x0-cc13x0/launchpad/cc2650/obj/serial-shell.o
 .text.serial_shell_init
                0x00003c44        0xc build/cc26x0-cc13x0/launchpad/cc2650/obj/serial-shell.o
                0x00003c44                serial_shell_init
 .text.startup.main
                0x00003c50      0x1fc build/cc26x0-cc13x0/launchpad/cc2650/obj/contiki-main.o
                0x00003c50                main
 .text.autostart_start
                0x00003e4c       0x18 build/cc26x0-cc13x0/launchpad/cc2650/obj/autostart.o
                0x00003e4c                autostart_start
 .text.process_thread_ctimer_process
                0x00003e64       0x94 build/cc26x0-cc13x0/launchpad/cc2650/obj/ctimer.o
 .text.ctimer_init
                0x00003ef8       0x28 build/cc26x0-cc13x0/launchpad/cc2650/obj/ctimer.o
                0x00003ef8                ctimer_init
 .text.ctimer_set_with_process
                0x00003f20       0x4c build/cc26x0-cc13x0/launchpad/cc2650/obj/ctimer.o
                0x00003f20                ctimer_set_with_process
 .text.ctimer_set
                0x00003f6c       0x18 build/cc26x0-cc13x0/launchpad/cc2650/obj/ctimer.o
                0x00003f6c                ctimer_set
 .text.ctimer_reset
                0x00003f84       0x44 build/cc26x0-cc13x0/launchpad/cc2650/obj/ctimer.o
                0x00003f84                ctimer_reset
 .text.ctimer_stop
                0x00003fc8       0x34 build/cc26x0-cc13x0/launchpad/cc2650/obj/ctimer.o
                0x00003fc8                ctimer_stop
 .text.ctimer_expired
                0x00003ffc       0x3c build/cc26x0-cc13x0/launchpad/cc2650/obj/ctimer.o
                0x00003ffc                ctimer_expired
 .text.log_6addr
                0x00004038       0x20 build/cc26x0-cc13x0/launchpad/cc2650/obj/log.o
                0x00004038                log_6addr
 .text.log_lladdr
                0x00004058       0x54 build/cc26x0-cc13x0/launchpad/cc2650/obj/log.o
                0x00004058                log_lladdr
 .text.log_lladdr_compact
                0x000040ac       0x40 build/cc26x0-cc13x0/launchpad/cc2650/obj/log.o
                0x000040ac                log_lladdr_compact
 .text.log_set_level
                0x000040ec       0x48 build/cc26x0-cc13x0/launchpad/cc2650/obj/log.o
                0x000040ec                log_set_level
 .text.log_get_level
                0x00004134       0x44 build/cc26x0-cc13x0/launchpad/cc2650/obj/log.o
                0x00004134                log_get_level
 .text.log_level_to_str
                0x00004178       0x18 build/cc26x0-cc13x0/launchpad/cc2650/obj/log.o
                0x00004178                log_level_to_str
 .text.energest_init
                0x00004190        0x4 build/cc26x0-cc13x0/launchpad/cc2650/obj/energest.o
                0x00004190                energest_init
 .text.update_time.part.0
                0x00004194       0x3c build/cc26x0-cc13x0/launchpad/cc2650/obj/etimer.o
 .text.process_thread_etimer_process
                0x000041d0       0xd4 build/cc26x0-cc13x0/launchpad/cc2650/obj/etimer.o
 .text.add_timer
                0x000042a4       0x54 build/cc26x0-cc13x0/launchpad/cc2650/obj/etimer.o
 .text.etimer_request_poll
                0x000042f8        0xc build/cc26x0-cc13x0/launchpad/cc2650/obj/etimer.o
                0x000042f8                etimer_request_poll
 .text.etimer_set
                0x00004304       0x14 build/cc26x0-cc13x0/launchpad/cc2650/obj/etimer.o
                0x00004304                etimer_set
 .text.etimer_reset
                0x00004318       0x14 build/cc26x0-cc13x0/launchpad/cc2650/obj/etimer.o
                0x00004318                etimer_reset
 .text.etimer_expired
                0x0000432c        0xc build/cc26x0-cc13x0/launchpad/cc2650/obj/etimer.o
                0x0000432c                etimer_expired
 .text.etimer_pending
                0x00004338       0x10 build/cc26x0-cc13x0/launchpad/cc2650/obj/etimer.o
                0x00004338                etimer_pending
 .text.etimer_next_expiration_time
                0x00004348       0x14 build/cc26x0-cc13x0/launchpad/cc2650/obj/etimer.o
                0x00004348                etimer_next_expiration_time
 .text.etimer_stop
                0x0000435c       0x54 build/cc26x0-cc13x0/launchpad/cc2650/obj/etimer.o
                0x0000435c                etimer_stop
 .text.node_id_init
                0x000043b0       0x18 build/cc26x0-cc13x0/launchpad/cc2650/obj/node-id.o
                0x000043b0                node_id_init
 .text.stimer_set
                0x000043c8       0x10 build/cc26x0-cc13x0/launchpad/cc2650/obj/stimer.o
                0x000043c8                stimer_set
 .text.stimer_expired
                0x000043d8       0x20 build/cc26x0-cc13x0/launchpad/cc2650/obj/stimer.o
                0x000043d8                stimer_expired
 .text.rtimer_init
                0x000043f8        0x4 build/cc26x0-cc13x0/launchpad/cc2650/obj/rtimer.o
                0x000043f8                rtimer_init
 .text.rtimer_set
                0x000043fc       0x28 build/cc26x0-cc13x0/launchpad/cc2650/obj/rtimer.o
                0x000043fc                rtimer_set
 .text.rtimer_run_next
                0x00004424       0x28 build/cc26x0-cc13x0/launchpad/cc2650/obj/rtimer.o
                0x00004424                rtimer_run_next
 .text.exit_process
                0x0000444c       0xa8 build/cc26x0-cc13x0/launchpad/cc2650/obj/process.o
 .text.call_process.part.0
                0x000044f4       0x3c build/cc26x0-cc13x0/launchpad/cc2650/obj/process.o
 .text.do_poll  0x00004530       0x38 build/cc26x0-cc13x0/launchpad/cc2650/obj/process.o
 .text.process_alloc_event
                0x00004568       0x10 build/cc26x0-cc13x0/launchpad/cc2650/obj/process.o
                0x00004568                process_alloc_event
 .text.process_start
                0x00004578       0x44 build/cc26x0-cc13x0/launchpad/cc2650/obj/process.o
                0x00004578                process_start
 .text.process_init
                0x000045bc       0x34 build/cc26x0-cc13x0/launchpad/cc2650/obj/process.o
                0x000045bc                process_init
 .text.process_run
                0x000045f0       0xa4 build/cc26x0-cc13x0/launchpad/cc2650/obj/process.o
                0x000045f0                process_run
 .text.process_nevents
                0x00004694       0x14 build/cc26x0-cc13x0/launchpad/cc2650/obj/process.o
                0x00004694                process_nevents
 .text.process_post
                0x000046a8       0x44 build/cc26x0-cc13x0/launchpad/cc2650/obj/process.o
                0x000046a8                process_post
 .text.process_post_synch
                0x000046ec       0x18 build/cc26x0-cc13x0/launchpad/cc2650/obj/process.o
                0x000046ec                process_post_synch
 .text.process_poll
                0x00004704       0x1c build/cc26x0-cc13x0/launchpad/cc2650/obj/process.o
                0x00004704                process_poll
 .text.timer_set
                0x00004720       0x10 build/cc26x0-cc13x0/launchpad/cc2650/obj/timer.o
                0x00004720                timer_set
 .text.timer_reset
                0x00004730       0x1c build/cc26x0-cc13x0/launchpad/cc2650/obj/timer.o
                0x00004730                timer_reset
 .text.timer_expired
                0x0000474c       0x1c build/cc26x0-cc13x0/launchpad/cc2650/obj/timer.o
                0x0000474c                timer_expired
 .text.stack_check_init
                0x00004768       0x28 build/cc26x0-cc13x0/launchpad/cc2650/obj/stack-check.o
                0x00004768                stack_check_init
 .text.stack_check_get_usage
                0x00004790       0x54 build/cc26x0-cc13x0/launchpad/cc2650/obj/stack-check.o
                0x00004790                stack_check_get_usage
 .text.process_thread_stack_check_process
                0x000047e4       0xb0 build/cc26x0-cc13x0/launchpad/cc2650/obj/stack-check.o
 .text.ringbufindex_init
                0x00004894        0xc build/cc26x0-cc13x0/launchpad/cc2650/obj/ringbufindex.o
                0x00004894                ringbufindex_init
 .text.ringbufindex_put
                0x000048a0       0x1c build/cc26x0-cc13x0/launchpad/cc2650/obj/ringbufindex.o
                0x000048a0                ringbufindex_put
 .text.ringbufindex_peek_put
                0x000048bc       0x18 build/cc26x0-cc13x0/launchpad/cc2650/obj/ringbufindex.o
                0x000048bc                ringbufindex_peek_put
 .text.ringbufindex_get
                0x000048d4       0x1c build/cc26x0-cc13x0/launchpad/cc2650/obj/ringbufindex.o
                0x000048d4                ringbufindex_get
 .text.ringbufindex_peek_get
                0x000048f0       0x14 build/cc26x0-cc13x0/launchpad/cc2650/obj/ringbufindex.o
                0x000048f0                ringbufindex_peek_get
 .text.ringbufindex_elements
                0x00004904        0xc build/cc26x0-cc13x0/launchpad/cc2650/obj/ringbufindex.o
                0x00004904                ringbufindex_elements
 .text.ringbufindex_empty
                0x00004910       0x14 build/cc26x0-cc13x0/launchpad/cc2650/obj/ringbufindex.o
                0x00004910                ringbufindex_empty
 .text.list_init
                0x00004924        0x8 build/cc26x0-cc13x0/launchpad/cc2650/obj/list.o
                0x00004924                list_init
 .text.list_head
                0x0000492c        0x4 build/cc26x0-cc13x0/launchpad/cc2650/obj/list.o
                0x0000492c                list_head
 .text.list_add
                0x00004930       0x5c build/cc26x0-cc13x0/launchpad/cc2650/obj/list.o
                0x00004930                list_add
 .text.list_push
                0x0000498c       0x3c build/cc26x0-cc13x0/launchpad/cc2650/obj/list.o
                0x0000498c                list_push
 .text.list_remove
                0x000049c8       0x30 build/cc26x0-cc13x0/launchpad/cc2650/obj/list.o
                0x000049c8                list_remove
 .text.list_item_next
                0x000049f8        0x8 build/cc26x0-cc13x0/launchpad/cc2650/obj/list.o
                0x000049f8                list_item_next
 .text.memb_init
                0x00004a00       0x24 build/cc26x0-cc13x0/launchpad/cc2650/obj/memb.o
                0x00004a00                memb_init
 .text.memb_alloc
                0x00004a24       0x38 build/cc26x0-cc13x0/launchpad/cc2650/obj/memb.o
                0x00004a24                memb_alloc
 .text.memb_free
                0x00004a5c       0x38 build/cc26x0-cc13x0/launchpad/cc2650/obj/memb.o
                0x00004a5c                memb_free
 .text.memb_inmemb
                0x00004a94       0x1c build/cc26x0-cc13x0/launchpad/cc2650/obj/memb.o
                0x00004a94                memb_inmemb
 .text.memb_numfree
                0x00004ab0       0x20 build/cc26x0-cc13x0/launchpad/cc2650/obj/memb.o
                0x00004ab0                memb_numfree
 .text.ringbuf_init
                0x00004ad0       0x10 build/cc26x0-cc13x0/launchpad/cc2650/obj/ringbuf.o
                0x00004ad0                ringbuf_init
 .text.ringbuf_put
                0x00004ae0       0x2c build/cc26x0-cc13x0/launchpad/cc2650/obj/ringbuf.o
                0x00004ae0                ringbuf_put
 .text.ringbuf_get
                0x00004b0c       0x24 build/cc26x0-cc13x0/launchpad/cc2650/obj/ringbuf.o
                0x00004b0c                ringbuf_get
 .text.duration_exceeded_callback
                0x00004b30       0x34 build/cc26x0-cc13x0/launchpad/cc2650/obj/button-hal.o
 .text.process_thread_button_hal_process
                0x00004b64       0x84 build/cc26x0-cc13x0/launchpad/cc2650/obj/button-hal.o
 .text.press_release_handler
                0x00004be8       0x18 build/cc26x0-cc13x0/launchpad/cc2650/obj/button-hal.o
 .text.button_hal_get_state
                0x00004c00       0x24 build/cc26x0-cc13x0/launchpad/cc2650/obj/button-hal.o
                0x00004c00                button_hal_get_state
 .text.debounce_handler
                0x00004c24       0x74 build/cc26x0-cc13x0/launchpad/cc2650/obj/button-hal.o
 .text.button_hal_init
                0x00004c98       0xb4 build/cc26x0-cc13x0/launchpad/cc2650/obj/button-hal.o
                0x00004c98                button_hal_init
 .text.process_thread_serial_line_process
                0x00004d4c       0xa8 build/cc26x0-cc13x0/launchpad/cc2650/obj/serial-line.o
 .text.serial_line_input_byte
                0x00004df4       0x58 build/cc26x0-cc13x0/launchpad/cc2650/obj/serial-line.o
                0x00004df4                serial_line_input_byte
 .text.serial_line_init
                0x00004e4c       0x24 build/cc26x0-cc13x0/launchpad/cc2650/obj/serial-line.o
                0x00004e4c                serial_line_init
 .text.spi_acquire
                0x00004e70       0x10 build/cc26x0-cc13x0/launchpad/cc2650/obj/spi.o
                0x00004e70                spi_acquire
 .text.spi_release
                0x00004e80       0x10 build/cc26x0-cc13x0/launchpad/cc2650/obj/spi.o
                0x00004e80                spi_release
 .text.spi_select
                0x00004e90       0x20 build/cc26x0-cc13x0/launchpad/cc2650/obj/spi.o
                0x00004e90                spi_select
 .text.spi_deselect
                0x00004eb0       0x14 build/cc26x0-cc13x0/launchpad/cc2650/obj/spi.o
                0x00004eb0                spi_deselect
 .text.spi_write_byte
                0x00004ec4       0x3c build/cc26x0-cc13x0/launchpad/cc2650/obj/spi.o
                0x00004ec4                spi_write_byte
 .text.spi_write
                0x00004f00       0x3c build/cc26x0-cc13x0/launchpad/cc2650/obj/spi.o
                0x00004f00                spi_write
 .text.spi_read
                0x00004f3c       0x3c build/cc26x0-cc13x0/launchpad/cc2650/obj/spi.o
                0x00004f3c                spi_read
 .text.leds_init
                0x00004f78       0x60 build/cc26x0-cc13x0/launchpad/cc2650/obj/leds.o
                0x00004f78                leds_init
 .text.leds_on  0x00004fd8       0x58 build/cc26x0-cc13x0/launchpad/cc2650/obj/leds.o
                0x00004fd8                leds_on
 .text.leds_off
                0x00005030       0x58 build/cc26x0-cc13x0/launchpad/cc2650/obj/leds.o
                0x00005030                leds_off
 .text.gpio_hal_register_handler
                0x00005088        0xc build/cc26x0-cc13x0/launchpad/cc2650/obj/gpio-hal.o
                0x00005088                gpio_hal_register_handler
 .text.gpio_hal_event_handler
                0x00005094       0x28 build/cc26x0-cc13x0/launchpad/cc2650/obj/gpio-hal.o
                0x00005094                gpio_hal_event_handler
 .text.gpio_hal_init
                0x000050bc        0xc build/cc26x0-cc13x0/launchpad/cc2650/obj/gpio-hal.o
                0x000050bc                gpio_hal_init
 .text.queuebuf_init
                0x000050c8       0x1c build/cc26x0-cc13x0/launchpad/cc2650/obj/queuebuf.o
                0x000050c8                queuebuf_init
 .text.queuebuf_new_from_packetbuf
                0x000050e4       0x44 build/cc26x0-cc13x0/launchpad/cc2650/obj/queuebuf.o
                0x000050e4                queuebuf_new_from_packetbuf
 .text.queuebuf_free
                0x00005128       0x2c build/cc26x0-cc13x0/launchpad/cc2650/obj/queuebuf.o
                0x00005128                queuebuf_free
 .text.queuebuf_to_packetbuf
                0x00005154       0x30 build/cc26x0-cc13x0/launchpad/cc2650/obj/queuebuf.o
                0x00005154                queuebuf_to_packetbuf
 .text.queuebuf_dataptr
                0x00005184       0x18 build/cc26x0-cc13x0/launchpad/cc2650/obj/queuebuf.o
                0x00005184                queuebuf_dataptr
 .text.queuebuf_datalen
                0x0000519c        0x8 build/cc26x0-cc13x0/launchpad/cc2650/obj/queuebuf.o
                0x0000519c                queuebuf_datalen
 .text.queuebuf_addr
                0x000051a4        0xc build/cc26x0-cc13x0/launchpad/cc2650/obj/queuebuf.o
                0x000051a4                queuebuf_addr
 .text.queuebuf_attr
                0x000051b0        0xc build/cc26x0-cc13x0/launchpad/cc2650/obj/queuebuf.o
                0x000051b0                queuebuf_attr
 .text.index_from_lladdr
                0x000051bc       0x54 build/cc26x0-cc13x0/launchpad/cc2650/obj/nbr-table.o
 .text.remove_key
                0x00005210       0xa8 build/cc26x0-cc13x0/launchpad/cc2650/obj/nbr-table.o
 .text.nbr_table_register
                0x000052b8       0x44 build/cc26x0-cc13x0/launchpad/cc2650/obj/nbr-table.o
                0x000052b8                nbr_table_register
 .text.nbr_table_next
                0x000052fc       0x70 build/cc26x0-cc13x0/launchpad/cc2650/obj/nbr-table.o
                0x000052fc                nbr_table_next
 .text.nbr_table_head
                0x0000536c       0x5c build/cc26x0-cc13x0/launchpad/cc2650/obj/nbr-table.o
                0x0000536c                nbr_table_head
 .text.nbr_table_get_from_lladdr
                0x000053c8       0x38 build/cc26x0-cc13x0/launchpad/cc2650/obj/nbr-table.o
                0x000053c8                nbr_table_get_from_lladdr
 .text.entry_is_allowed.isra.0
                0x00005400       0x90 build/cc26x0-cc13x0/launchpad/cc2650/obj/nbr-table.o
 .text.nbr_table_add_lladdr
                0x00005490       0xf0 build/cc26x0-cc13x0/launchpad/cc2650/obj/nbr-table.o
                0x00005490                nbr_table_add_lladdr
 .text.nbr_table_remove
                0x00005580       0x5c build/cc26x0-cc13x0/launchpad/cc2650/obj/nbr-table.o
                0x00005580                nbr_table_remove
 .text.nbr_table_lock
                0x000055dc       0x34 build/cc26x0-cc13x0/launchpad/cc2650/obj/nbr-table.o
                0x000055dc                nbr_table_lock
 .text.nbr_table_unlock
                0x00005610       0x38 build/cc26x0-cc13x0/launchpad/cc2650/obj/nbr-table.o
                0x00005610                nbr_table_unlock
 .text.nbr_table_get_lladdr
                0x00005648       0x2c build/cc26x0-cc13x0/launchpad/cc2650/obj/nbr-table.o
                0x00005648                nbr_table_get_lladdr
 .text.packetbuf_copyto
                0x00005674       0x4c build/cc26x0-cc13x0/launchpad/cc2650/obj/packetbuf.o
                0x00005674                packetbuf_copyto
 .text.packetbuf_hdralloc
                0x000056c0       0x60 build/cc26x0-cc13x0/launchpad/cc2650/obj/packetbuf.o
                0x000056c0                packetbuf_hdralloc
 .text.packetbuf_hdrreduce
                0x00005720       0x2c build/cc26x0-cc13x0/launchpad/cc2650/obj/packetbuf.o
                0x00005720                packetbuf_hdrreduce
 .text.packetbuf_set_datalen
                0x0000574c        0xc build/cc26x0-cc13x0/launchpad/cc2650/obj/packetbuf.o
                0x0000574c                packetbuf_set_datalen
 .text.packetbuf_dataptr
                0x00005758       0x20 build/cc26x0-cc13x0/launchpad/cc2650/obj/packetbuf.o
                0x00005758                packetbuf_dataptr
 .text.packetbuf_hdrptr
                0x00005778        0x8 build/cc26x0-cc13x0/launchpad/cc2650/obj/packetbuf.o
                0x00005778                packetbuf_hdrptr
 .text.packetbuf_datalen
                0x00005780        0xc build/cc26x0-cc13x0/launchpad/cc2650/obj/packetbuf.o
                0x00005780                packetbuf_datalen
 .text.packetbuf_hdrlen
                0x0000578c       0x18 build/cc26x0-cc13x0/launchpad/cc2650/obj/packetbuf.o
                0x0000578c                packetbuf_hdrlen
 .text.packetbuf_totlen
                0x000057a4       0x24 build/cc26x0-cc13x0/launchpad/cc2650/obj/packetbuf.o
                0x000057a4                packetbuf_totlen
 .text.packetbuf_remaininglen
                0x000057c8       0x28 build/cc26x0-cc13x0/launchpad/cc2650/obj/packetbuf.o
                0x000057c8                packetbuf_remaininglen
 .text.packetbuf_attr_clear
                0x000057f0       0x34 build/cc26x0-cc13x0/launchpad/cc2650/obj/packetbuf.o
                0x000057f0                packetbuf_attr_clear
 .text.packetbuf_clear
                0x00005824       0x20 build/cc26x0-cc13x0/launchpad/cc2650/obj/packetbuf.o
                0x00005824                packetbuf_clear
 .text.packetbuf_copyfrom
                0x00005844       0x40 build/cc26x0-cc13x0/launchpad/cc2650/obj/packetbuf.o
                0x00005844                packetbuf_copyfrom
 .text.packetbuf_attr_copyto
                0x00005884       0x24 build/cc26x0-cc13x0/launchpad/cc2650/obj/packetbuf.o
                0x00005884                packetbuf_attr_copyto
 .text.packetbuf_attr_copyfrom
                0x000058a8       0x24 build/cc26x0-cc13x0/launchpad/cc2650/obj/packetbuf.o
                0x000058a8                packetbuf_attr_copyfrom
 .text.packetbuf_set_attr
                0x000058cc       0x10 build/cc26x0-cc13x0/launchpad/cc2650/obj/packetbuf.o
                0x000058cc                packetbuf_set_attr
 .text.packetbuf_attr
                0x000058dc        0xc build/cc26x0-cc13x0/launchpad/cc2650/obj/packetbuf.o
                0x000058dc                packetbuf_attr
 .text.packetbuf_set_addr
                0x000058e8       0x18 build/cc26x0-cc13x0/launchpad/cc2650/obj/packetbuf.o
                0x000058e8                packetbuf_set_addr
 .text.packetbuf_addr
                0x00005900       0x10 build/cc26x0-cc13x0/launchpad/cc2650/obj/packetbuf.o
                0x00005900                packetbuf_addr
 .text.packetbuf_holds_broadcast
                0x00005910       0x10 build/cc26x0-cc13x0/launchpad/cc2650/obj/packetbuf.o
                0x00005910                packetbuf_holds_broadcast
 .text.netstack_process_ip_callback
                0x00005920       0x40 build/cc26x0-cc13x0/launchpad/cc2650/obj/netstack.o
                0x00005920                netstack_process_ip_callback
 .text.netstack_init
                0x00005960       0x24 build/cc26x0-cc13x0/launchpad/cc2650/obj/netstack.o
                0x00005960                netstack_init
 .text.linkaddr_copy
                0x00005984        0x8 build/cc26x0-cc13x0/launchpad/cc2650/obj/linkaddr.o
                0x00005984                linkaddr_copy
 .text.linkaddr_cmp
                0x0000598c       0x10 build/cc26x0-cc13x0/launchpad/cc2650/obj/linkaddr.o
                0x0000598c                linkaddr_cmp
 .text.periodic
                0x0000599c       0x30 build/cc26x0-cc13x0/launchpad/cc2650/obj/link-stats.o
 .text.link_stats_from_lladdr
                0x000059cc        0xc build/cc26x0-cc13x0/launchpad/cc2650/obj/link-stats.o
                0x000059cc                link_stats_from_lladdr
 .text.link_stats_is_fresh
                0x000059d8       0x28 build/cc26x0-cc13x0/launchpad/cc2650/obj/link-stats.o
                0x000059d8                link_stats_is_fresh
 .text.link_stats_packet_sent
                0x00005a00       0xf0 build/cc26x0-cc13x0/launchpad/cc2650/obj/link-stats.o
                0x00005a00                link_stats_packet_sent
 .text.link_stats_input_callback
                0x00005af0       0x88 build/cc26x0-cc13x0/launchpad/cc2650/obj/link-stats.o
                0x00005af0                link_stats_input_callback
 .text.link_stats_reset
                0x00005b78       0x2c build/cc26x0-cc13x0/launchpad/cc2650/obj/link-stats.o
                0x00005b78                link_stats_reset
 .text.link_stats_init
                0x00005ba4       0x28 build/cc26x0-cc13x0/launchpad/cc2650/obj/link-stats.o
                0x00005ba4                link_stats_init
 .text.mac_sequence_is_duplicate
                0x00005bcc       0x4c build/cc26x0-cc13x0/launchpad/cc2650/obj/mac-sequence.o
                0x00005bcc                mac_sequence_is_duplicate
 .text.mac_sequence_register_seqno
                0x00005c18       0x64 build/cc26x0-cc13x0/launchpad/cc2650/obj/mac-sequence.o
                0x00005c18                mac_sequence_register_seqno
 .text.mac_call_sent_callback
                0x00005c7c       0x14 build/cc26x0-cc13x0/launchpad/cc2650/obj/mac.o
                0x00005c7c                mac_call_sent_callback
 .text.frame80215e_create_ie_header_ack_nack_time_correction
                0x00005c90       0x30 build/cc26x0-cc13x0/launchpad/cc2650/obj/frame802154e-ie.o
                0x00005c90                frame80215e_create_ie_header_ack_nack_time_correction
 .text.frame80215e_create_ie_header_list_termination_1
                0x00005cc0       0x18 build/cc26x0-cc13x0/launchpad/cc2650/obj/frame802154e-ie.o
                0x00005cc0                frame80215e_create_ie_header_list_termination_1
 .text.frame80215e_create_ie_mlme
                0x00005cd8       0x28 build/cc26x0-cc13x0/launchpad/cc2650/obj/frame802154e-ie.o
                0x00005cd8                frame80215e_create_ie_mlme
 .text.frame80215e_create_ie_tsch_synchronization
                0x00005d00       0x38 build/cc26x0-cc13x0/launchpad/cc2650/obj/frame802154e-ie.o
                0x00005d00                frame80215e_create_ie_tsch_synchronization
 .text.frame80215e_create_ie_tsch_slotframe_and_link
                0x00005d38       0x8c build/cc26x0-cc13x0/launchpad/cc2650/obj/frame802154e-ie.o
                0x00005d38                frame80215e_create_ie_tsch_slotframe_and_link
 .text.frame80215e_create_ie_tsch_timeslot
                0x00005dc4       0x54 build/cc26x0-cc13x0/launchpad/cc2650/obj/frame802154e-ie.o
                0x00005dc4                frame80215e_create_ie_tsch_timeslot
 .text.frame80215e_create_ie_tsch_channel_hopping_sequence
                0x00005e18       0x7c build/cc26x0-cc13x0/launchpad/cc2650/obj/frame802154e-ie.o
                0x00005e18                frame80215e_create_ie_tsch_channel_hopping_sequence
 .text.frame802154e_parse_information_elements
                0x00005e94      0x434 build/cc26x0-cc13x0/launchpad/cc2650/obj/frame802154e-ie.o
                0x00005e94                frame802154e_parse_information_elements
 .text.parse    0x000062c8       0xd4 build/cc26x0-cc13x0/launchpad/cc2650/obj/framer-802154.o
 .text.framer_802154_setup_params.part.0
                0x0000639c       0x98 build/cc26x0-cc13x0/launchpad/cc2650/obj/framer-802154.o
 .text.create_frame
                0x00006434      0x110 build/cc26x0-cc13x0/launchpad/cc2650/obj/framer-802154.o
 .text.create   0x00006544        0x8 build/cc26x0-cc13x0/launchpad/cc2650/obj/framer-802154.o
 .text.hdr_length
                0x0000654c        0x8 build/cc26x0-cc13x0/launchpad/cc2650/obj/framer-802154.o
 .text.framer_802154_setup_params
                0x00006554        0xc build/cc26x0-cc13x0/launchpad/cc2650/obj/framer-802154.o
                0x00006554                framer_802154_setup_params
 .text.frame802154_get_pan_id
                0x00006560        0xc build/cc26x0-cc13x0/launchpad/cc2650/obj/frame802154.o
                0x00006560                frame802154_get_pan_id
 .text.frame802154_set_pan_id
                0x0000656c        0xc build/cc26x0-cc13x0/launchpad/cc2650/obj/frame802154.o
                0x0000656c                frame802154_set_pan_id
 .text.frame802154_has_panid
                0x00006578       0xdc build/cc26x0-cc13x0/launchpad/cc2650/obj/frame802154.o
                0x00006578                frame802154_has_panid
 .text.field_len
                0x00006654       0x8c build/cc26x0-cc13x0/launchpad/cc2650/obj/frame802154.o
 .text.frame802154_check_dest_panid
                0x000066e0       0x3c build/cc26x0-cc13x0/launchpad/cc2650/obj/frame802154.o
                0x000066e0                frame802154_check_dest_panid
 .text.frame802154_is_broadcast_addr
                0x0000671c       0x24 build/cc26x0-cc13x0/launchpad/cc2650/obj/frame802154.o
                0x0000671c                frame802154_is_broadcast_addr
 .text.frame802154_extract_linkaddr
                0x00006740       0x9c build/cc26x0-cc13x0/launchpad/cc2650/obj/frame802154.o
                0x00006740                frame802154_extract_linkaddr
 .text.frame802154_hdrlen
                0x000067dc       0x34 build/cc26x0-cc13x0/launchpad/cc2650/obj/frame802154.o
                0x000067dc                frame802154_hdrlen
 .text.frame802154_create_fcf
                0x00006810       0x64 build/cc26x0-cc13x0/launchpad/cc2650/obj/frame802154.o
                0x00006810                frame802154_create_fcf
 .text.frame802154_create
                0x00006874       0xa8 build/cc26x0-cc13x0/launchpad/cc2650/obj/frame802154.o
                0x00006874                frame802154_create
 .text.frame802154_parse_fcf
                0x0000691c       0x64 build/cc26x0-cc13x0/launchpad/cc2650/obj/frame802154.o
                0x0000691c                frame802154_parse_fcf
 .text.frame802154_parse
                0x00006980      0x134 build/cc26x0-cc13x0/launchpad/cc2650/obj/frame802154.o
                0x00006980                frame802154_parse
 .text.verify_part
                0x00006ab4       0x70 build/cc26x0-cc13x0/launchpad/cc2650/obj/ext-flash.o
 .text.wait_ready
                0x00006b24       0x64 build/cc26x0-cc13x0/launchpad/cc2650/obj/ext-flash.o
 .text.ext_flash_open
                0x00006b88       0x74 build/cc26x0-cc13x0/launchpad/cc2650/obj/ext-flash.o
                0x00006b88                ext_flash_open
 .text.ext_flash_close
                0x00006bfc       0x64 build/cc26x0-cc13x0/launchpad/cc2650/obj/ext-flash.o
                0x00006bfc                ext_flash_close
 .text.ext_flash_init
                0x00006c60       0x18 build/cc26x0-cc13x0/launchpad/cc2650/obj/ext-flash.o
                0x00006c60                ext_flash_init
 .text.NOROM_SetupGetTrimForXoscHfCtl.part.0
                0x00006c78       0x20 build/cc26x0-cc13x0/launchpad/cc2650/obj/setup_rom.o
 .text.NOROM_SetupGetTrimForRadcExtCfg.part.0
                0x00006c98       0x1c build/cc26x0-cc13x0/launchpad/cc2650/obj/setup_rom.o
 .text.NOROM_SetupAfterColdResetWakeupFromShutDownCfg1
                0x00006cb4       0x74 build/cc26x0-cc13x0/launchpad/cc2650/obj/setup_rom.o
                0x00006cb4                NOROM_SetupAfterColdResetWakeupFromShutDownCfg1
 .text.NOROM_SetupAfterColdResetWakeupFromShutDownCfg3
                0x00006d28      0x1ac build/cc26x0-cc13x0/launchpad/cc2650/obj/setup_rom.o
                0x00006d28                NOROM_SetupAfterColdResetWakeupFromShutDownCfg3
 .text.NOROM_SetupGetTrimForAnabypassValue1
                0x00006ed4       0x64 build/cc26x0-cc13x0/launchpad/cc2650/obj/setup_rom.o
                0x00006ed4                NOROM_SetupGetTrimForAnabypassValue1
 .text.NOROM_SetupGetTrimForAmpcompCtrl
                0x00006f38       0x58 build/cc26x0-cc13x0/launchpad/cc2650/obj/setup_rom.o
                0x00006f38                NOROM_SetupGetTrimForAmpcompCtrl
 .text.NOROM_SetupAfterColdResetWakeupFromShutDownCfg2
                0x00006f90      0x190 build/cc26x0-cc13x0/launchpad/cc2650/obj/setup_rom.o
                0x00006f90                NOROM_SetupAfterColdResetWakeupFromShutDownCfg2
 .text.NOROM_SetupSetCacheModeAccordingToCcfgSetting
                0x00007120       0x6c build/cc26x0-cc13x0/launchpad/cc2650/obj/setup_rom.o
                0x00007120                NOROM_SetupSetCacheModeAccordingToCcfgSetting
 .text.TrimAfterColdResetWakeupFromShutDown
                0x0000718c       0xec build/cc26x0-cc13x0/launchpad/cc2650/obj/setup.o
 .text.NOROM_SetupTrimDevice
                0x00007278       0xa0 build/cc26x0-cc13x0/launchpad/cc2650/obj/setup.o
                0x00007278                NOROM_SetupTrimDevice
 .text.NOROM_TRNGConfigure
                0x00007318       0x3c build/cc26x0-cc13x0/launchpad/cc2650/obj/trng.o
                0x00007318                NOROM_TRNGConfigure
 .text.SafeHapiVoid
                0x00007354       0x28 build/cc26x0-cc13x0/launchpad/cc2650/obj/adi.o
                0x00007354                SafeHapiVoid
 .text.NOROM_ChipInfo_GetChipFamily
                0x0000737c       0x4c build/cc26x0-cc13x0/launchpad/cc2650/obj/chipinfo.o
                0x0000737c                NOROM_ChipInfo_GetChipFamily
 .text.NOROM_ChipInfo_GetChipType
                0x000073c8       0x50 build/cc26x0-cc13x0/launchpad/cc2650/obj/chipinfo.o
                0x000073c8                NOROM_ChipInfo_GetChipType
 .text.NOROM_ChipInfo_GetHwRevision
                0x00007418       0x74 build/cc26x0-cc13x0/launchpad/cc2650/obj/chipinfo.o
                0x00007418                NOROM_ChipInfo_GetHwRevision
 .text.NOROM_ThisCodeIsBuiltForCC26xxHwRev22AndLater_HaltIfViolated
                0x0000748c       0x14 build/cc26x0-cc13x0/launchpad/cc2650/obj/chipinfo.o
                0x0000748c                NOROM_ThisCodeIsBuiltForCC26xxHwRev22AndLater_HaltIfViolated
 .text.NOROM_DDI32RegWrite
                0x000074a0       0x2c build/cc26x0-cc13x0/launchpad/cc2650/obj/ddi.o
                0x000074a0                NOROM_DDI32RegWrite
 .text.NOROM_DDI16BitfieldWrite
                0x000074cc       0x48 build/cc26x0-cc13x0/launchpad/cc2650/obj/ddi.o
                0x000074cc                NOROM_DDI16BitfieldWrite
 .text.NOROM_DDI16BitfieldRead
                0x00007514       0x48 build/cc26x0-cc13x0/launchpad/cc2650/obj/ddi.o
                0x00007514                NOROM_DDI16BitfieldRead
 .text.NOROM_SysCtrlSetRechargeBeforePowerDown
                0x0000755c      0x248 build/cc26x0-cc13x0/launchpad/cc2650/obj/sys_ctrl.o
                0x0000755c                NOROM_SysCtrlSetRechargeBeforePowerDown
 .text.NOROM_SysCtrlAdjustRechargeAfterPowerDown
                0x000077a4       0x64 build/cc26x0-cc13x0/launchpad/cc2650/obj/sys_ctrl.o
                0x000077a4                NOROM_SysCtrlAdjustRechargeAfterPowerDown
 .text.NOROM_SysCtrl_DCDC_VoltageConditionalControl
                0x00007808       0x7c build/cc26x0-cc13x0/launchpad/cc2650/obj/sys_ctrl.o
                0x00007808                NOROM_SysCtrl_DCDC_VoltageConditionalControl
 .text.NOROM_OSCClockSourceSet
                0x00007884       0x58 build/cc26x0-cc13x0/launchpad/cc2650/obj/osc.o
                0x00007884                NOROM_OSCClockSourceSet
 .text.NOROM_OSCClockSourceGet
                0x000078dc       0x20 build/cc26x0-cc13x0/launchpad/cc2650/obj/osc.o
                0x000078dc                NOROM_OSCClockSourceGet
 .text.NOROM_PowerCtrlSourceSet
                0x000078fc       0x30 build/cc26x0-cc13x0/launchpad/cc2650/obj/pwr_ctrl.o
                0x000078fc                NOROM_PowerCtrlSourceSet
 .text.NOROM_CPUcpsid
                0x0000792c        0x8 build/cc26x0-cc13x0/launchpad/cc2650/obj/cpu.o
                0x0000792c                NOROM_CPUcpsid
 .text.NOROM_CPUcpsie
                0x00007934        0x8 build/cc26x0-cc13x0/launchpad/cc2650/obj/cpu.o
                0x00007934                NOROM_CPUcpsie
 .text.NOROM_AONBatMonTemperatureGetDegC
                0x0000793c       0x30 build/cc26x0-cc13x0/launchpad/cc2650/obj/aon_batmon.o
                0x0000793c                NOROM_AONBatMonTemperatureGetDegC
 .text.NOROM_AONRTCCurrentCompareValueGet
                0x0000796c       0x24 build/cc26x0-cc13x0/launchpad/cc2650/obj/aon_rtc.o
                0x0000796c                NOROM_AONRTCCurrentCompareValueGet
 .text.NOROM_AONRTCCurrent64BitValueGet
                0x00007990       0x1c build/cc26x0-cc13x0/launchpad/cc2650/obj/aon_rtc.o
                0x00007990                NOROM_AONRTCCurrent64BitValueGet
 .text.fill_space.isra.0
                0x000079ac       0x44 build/cc26x0-cc13x0/launchpad/cc2650/obj/strformat.o
 .text.format_str_v
                0x000079f0      0xaa8 build/cc26x0-cc13x0/launchpad/cc2650/obj/strformat.o
                0x000079f0                format_str_v
 .text.write_str
                0x00008498       0x14 build/cc26x0-cc13x0/launchpad/cc2650/obj/printf.o
 .text.printf   0x000084ac       0x24 build/cc26x0-cc13x0/launchpad/cc2650/obj/printf.o
                0x000084ac                printf
 .text.buffer_str
                0x000084d0       0x28 build/cc26x0-cc13x0/launchpad/cc2650/obj/snprintf.o
 .text.snprintf
                0x000084f8       0x38 build/cc26x0-cc13x0/launchpad/cc2650/obj/snprintf.o
                0x000084f8                snprintf
 .text.tsch_queue_get_time_source.part.0
                0x00008530       0x30 build/cc26x0-cc13x0/launchpad/cc2650/obj/tsch-queue.o
 .text.tsch_queue_add_nbr
                0x00008560       0x8c build/cc26x0-cc13x0/launchpad/cc2650/obj/tsch-queue.o
                0x00008560                tsch_queue_add_nbr
 .text.tsch_queue_get_nbr
                0x000085ec       0x20 build/cc26x0-cc13x0/launchpad/cc2650/obj/tsch-queue.o
                0x000085ec                tsch_queue_get_nbr
 .text.tsch_queue_get_time_source
                0x0000860c       0x14 build/cc26x0-cc13x0/launchpad/cc2650/obj/tsch-queue.o
                0x0000860c                tsch_queue_get_time_source
 .text.tsch_queue_get_nbr_address
                0x00008620        0xc build/cc26x0-cc13x0/launchpad/cc2650/obj/tsch-queue.o
                0x00008620                tsch_queue_get_nbr_address
 .text.tsch_queue_update_time_source
                0x0000862c       0xe4 build/cc26x0-cc13x0/launchpad/cc2650/obj/tsch-queue.o
                0x0000862c                tsch_queue_update_time_source
 .text.tsch_queue_add_packet
                0x00008710       0xe0 build/cc26x0-cc13x0/launchpad/cc2650/obj/tsch-queue.o
                0x00008710                tsch_queue_add_packet
 .text.tsch_queue_global_packet_count
                0x000087f0       0x14 build/cc26x0-cc13x0/launchpad/cc2650/obj/tsch-queue.o
                0x000087f0                tsch_queue_global_packet_count
 .text.tsch_queue_nbr_packet_count
                0x00008804       0x10 build/cc26x0-cc13x0/launchpad/cc2650/obj/tsch-queue.o
                0x00008804                tsch_queue_nbr_packet_count
 .text.tsch_queue_remove_packet_from_queue
                0x00008814       0x28 build/cc26x0-cc13x0/launchpad/cc2650/obj/tsch-queue.o
                0x00008814                tsch_queue_remove_packet_from_queue
 .text.tsch_queue_free_packet
                0x0000883c       0x20 build/cc26x0-cc13x0/launchpad/cc2650/obj/tsch-queue.o
                0x0000883c                tsch_queue_free_packet
 .text.tsch_queue_is_empty
                0x0000885c       0x20 build/cc26x0-cc13x0/launchpad/cc2650/obj/tsch-queue.o
                0x0000885c                tsch_queue_is_empty
 .text.tsch_queue_flush_nbr_queue
                0x0000887c       0x78 build/cc26x0-cc13x0/launchpad/cc2650/obj/tsch-queue.o
 .text.tsch_queue_reset
                0x000088f4       0x38 build/cc26x0-cc13x0/launchpad/cc2650/obj/tsch-queue.o
                0x000088f4                tsch_queue_reset
 .text.tsch_queue_free_unused_neighbors
                0x0000892c       0x60 build/cc26x0-cc13x0/launchpad/cc2650/obj/tsch-queue.o
                0x0000892c                tsch_queue_free_unused_neighbors
 .text.tsch_queue_get_packet_for_nbr
                0x0000898c       0x48 build/cc26x0-cc13x0/launchpad/cc2650/obj/tsch-queue.o
                0x0000898c                tsch_queue_get_packet_for_nbr
 .text.tsch_queue_get_unicast_packet_for_any
                0x000089d4       0x4c build/cc26x0-cc13x0/launchpad/cc2650/obj/tsch-queue.o
                0x000089d4                tsch_queue_get_unicast_packet_for_any
 .text.tsch_queue_backoff_inc
                0x00008a20       0x28 build/cc26x0-cc13x0/launchpad/cc2650/obj/tsch-queue.o
                0x00008a20                tsch_queue_backoff_inc
 .text.tsch_queue_packet_sent
                0x00008a48       0x54 build/cc26x0-cc13x0/launchpad/cc2650/obj/tsch-queue.o
                0x00008a48                tsch_queue_packet_sent
 .text.tsch_queue_update_all_backoff_windows
                0x00008a9c       0x74 build/cc26x0-cc13x0/launchpad/cc2650/obj/tsch-queue.o
                0x00008a9c                tsch_queue_update_all_backoff_windows
 .text.tsch_queue_init
                0x00008b10       0x40 build/cc26x0-cc13x0/launchpad/cc2650/obj/tsch-queue.o
                0x00008b10                tsch_queue_init
 .text.print_link_options
                0x00008b50       0x5c build/cc26x0-cc13x0/launchpad/cc2650/obj/tsch-schedule.o
 .text.tsch_schedule_get_slotframe_by_handle.part.0
                0x00008bac       0x24 build/cc26x0-cc13x0/launchpad/cc2650/obj/tsch-schedule.o
 .text.tsch_schedule_add_slotframe
                0x00008bd0       0xa0 build/cc26x0-cc13x0/launchpad/cc2650/obj/tsch-schedule.o
                0x00008bd0                tsch_schedule_add_slotframe
 .text.tsch_schedule_get_slotframe_by_handle
                0x00008c70       0x18 build/cc26x0-cc13x0/launchpad/cc2650/obj/tsch-schedule.o
                0x00008c70                tsch_schedule_get_slotframe_by_handle
 .text.tsch_schedule_remove_link
                0x00008c88      0x124 build/cc26x0-cc13x0/launchpad/cc2650/obj/tsch-schedule.o
                0x00008c88                tsch_schedule_remove_link
 .text.tsch_schedule_remove_slotframe
                0x00008dac       0x7c build/cc26x0-cc13x0/launchpad/cc2650/obj/tsch-schedule.o
                0x00008dac                tsch_schedule_remove_slotframe
 .text.tsch_schedule_remove_all_slotframes
                0x00008e28       0x20 build/cc26x0-cc13x0/launchpad/cc2650/obj/tsch-schedule.o
                0x00008e28                tsch_schedule_remove_all_slotframes
 .text.tsch_schedule_remove_link_by_timeslot
                0x00008e48       0x5c build/cc26x0-cc13x0/launchpad/cc2650/obj/tsch-schedule.o
                0x00008e48                tsch_schedule_remove_link_by_timeslot
 .text.tsch_schedule_add_link
                0x00008ea4      0x1a4 build/cc26x0-cc13x0/launchpad/cc2650/obj/tsch-schedule.o
                0x00008ea4                tsch_schedule_add_link
 .text.tsch_schedule_get_next_active_link
                0x00009048      0x1e8 build/cc26x0-cc13x0/launchpad/cc2650/obj/tsch-schedule.o
                0x00009048                tsch_schedule_get_next_active_link
 .text.tsch_schedule_init
                0x00009230       0x30 build/cc26x0-cc13x0/launchpad/cc2650/obj/tsch-schedule.o
                0x00009230                tsch_schedule_init
 .text.tsch_schedule_create_minimal
                0x00009260       0x2c build/cc26x0-cc13x0/launchpad/cc2650/obj/tsch-schedule.o
                0x00009260                tsch_schedule_create_minimal
 .text.tsch_schedule_slotframe_head
                0x0000928c        0xc build/cc26x0-cc13x0/launchpad/cc2650/obj/tsch-schedule.o
                0x0000928c                tsch_schedule_slotframe_head
 .text.tsch_schedule_slotframe_next
                0x00009298        0x4 build/cc26x0-cc13x0/launchpad/cc2650/obj/tsch-schedule.o
                0x00009298                tsch_schedule_slotframe_next
 .text.tsch_schedule_slot_operation
                0x0000929c       0x98 build/cc26x0-cc13x0/launchpad/cc2650/obj/tsch-slot-operation.o
 .text.tsch_radio_off.part.0
                0x00009334        0xc build/cc26x0-cc13x0/launchpad/cc2650/obj/tsch-slot-operation.o
 .text.tsch_tx_slot.isra.0.constprop.0
                0x00009340      0x570 build/cc26x0-cc13x0/launchpad/cc2650/obj/tsch-slot-operation.o
 .text.get_packet_and_neighbor_for_link.constprop.0
                0x000098b0       0x78 build/cc26x0-cc13x0/launchpad/cc2650/obj/tsch-slot-operation.o
 .text.tsch_slot_operation
                0x00009928      0x8f8 build/cc26x0-cc13x0/launchpad/cc2650/obj/tsch-slot-operation.o
 .text.tsch_is_locked
                0x0000a220        0xc build/cc26x0-cc13x0/launchpad/cc2650/obj/tsch-slot-operation.o
                0x0000a220                tsch_is_locked
 .text.tsch_get_lock
                0x0000a22c       0xa0 build/cc26x0-cc13x0/launchpad/cc2650/obj/tsch-slot-operation.o
                0x0000a22c                tsch_get_lock
 .text.tsch_release_lock
                0x0000a2cc        0xc build/cc26x0-cc13x0/launchpad/cc2650/obj/tsch-slot-operation.o
                0x0000a2cc                tsch_release_lock
 .text.tsch_get_network_uptime_ticks
                0x0000a2d8       0x74 build/cc26x0-cc13x0/launchpad/cc2650/obj/tsch-slot-operation.o
                0x0000a2d8                tsch_get_network_uptime_ticks
 .text.tsch_slot_operation_start
                0x0000a34c       0x98 build/cc26x0-cc13x0/launchpad/cc2650/obj/tsch-slot-operation.o
                0x0000a34c                tsch_slot_operation_start
 .text.tsch_slot_operation_sync
                0x0000a3e4       0x54 build/cc26x0-cc13x0/launchpad/cc2650/obj/tsch-slot-operation.o
                0x0000a3e4                tsch_slot_operation_sync
 .text.tsch_roots_add_address
                0x0000a438        0x4 build/cc26x0-cc13x0/launchpad/cc2650/obj/tsch-roots.o
                0x0000a438                tsch_roots_add_address
 .text.tsch_roots_set_self_to_root
                0x0000a43c        0x4 build/cc26x0-cc13x0/launchpad/cc2650/obj/tsch-roots.o
                0x0000a43c                tsch_roots_set_self_to_root
 .text.tsch_roots_init
                0x0000a440        0x4 build/cc26x0-cc13x0/launchpad/cc2650/obj/tsch-roots.o
                0x0000a440                tsch_roots_init
 .text.tsch_security_set_packetbuf_attr
                0x0000a444        0x4 build/cc26x0-cc13x0/launchpad/cc2650/obj/tsch-security.o
                0x0000a444                tsch_security_set_packetbuf_attr
 .text.tsch_rpl_callback_ka_sent
                0x0000a448       0x20 build/cc26x0-cc13x0/launchpad/cc2650/obj/tsch-rpl.o
                0x0000a448                tsch_rpl_callback_ka_sent
 .text.tsch_rpl_callback_joining_network
                0x0000a468        0x4 build/cc26x0-cc13x0/launchpad/cc2650/obj/tsch-rpl.o
                0x0000a468                tsch_rpl_callback_joining_network
 .text.tsch_rpl_callback_leaving_network
                0x0000a46c       0x1c build/cc26x0-cc13x0/launchpad/cc2650/obj/tsch-rpl.o
                0x0000a46c                tsch_rpl_callback_leaving_network
 .text.tsch_rpl_callback_new_dio_interval
                0x0000a488       0x48 build/cc26x0-cc13x0/launchpad/cc2650/obj/tsch-rpl.o
                0x0000a488                tsch_rpl_callback_new_dio_interval
 .text.tsch_rpl_callback_parent_switch
                0x0000a4d0       0x24 build/cc26x0-cc13x0/launchpad/cc2650/obj/tsch-rpl.o
                0x0000a4d0                tsch_rpl_callback_parent_switch
 .text.tsch_rpl_check_dodag_joined
                0x0000a4f4        0xc build/cc26x0-cc13x0/launchpad/cc2650/obj/tsch-rpl.o
                0x0000a4f4                tsch_rpl_check_dodag_joined
 .text.compensate_internal
                0x0000a500       0xf0 build/cc26x0-cc13x0/launchpad/cc2650/obj/tsch-adaptive-timesync.o
 .text.tsch_adaptive_timesync_get_drift_ppm
                0x0000a5f0       0x14 build/cc26x0-cc13x0/launchpad/cc2650/obj/tsch-adaptive-timesync.o
                0x0000a5f0                tsch_adaptive_timesync_get_drift_ppm
 .text.tsch_timesync_update
                0x0000a604      0x170 build/cc26x0-cc13x0/launchpad/cc2650/obj/tsch-adaptive-timesync.o
                0x0000a604                tsch_timesync_update
 .text.tsch_timesync_adaptive_compensate
                0x0000a774       0x70 build/cc26x0-cc13x0/launchpad/cc2650/obj/tsch-adaptive-timesync.o
                0x0000a774                tsch_timesync_adaptive_compensate
 .text.tsch_adaptive_timesync_reset
                0x0000a7e4       0x30 build/cc26x0-cc13x0/launchpad/cc2650/obj/tsch-adaptive-timesync.o
                0x0000a7e4                tsch_adaptive_timesync_reset
 .text.tsch_packet_eackbuf_attr
                0x0000a814        0xc build/cc26x0-cc13x0/launchpad/cc2650/obj/tsch-packet.o
                0x0000a814                tsch_packet_eackbuf_attr
 .text.tsch_packet_create_eack
                0x0000a820       0xa8 build/cc26x0-cc13x0/launchpad/cc2650/obj/tsch-packet.o
                0x0000a820                tsch_packet_create_eack
 .text.tsch_packet_parse_eack
                0x0000a8c8       0xb4 build/cc26x0-cc13x0/launchpad/cc2650/obj/tsch-packet.o
                0x0000a8c8                tsch_packet_parse_eack
 .text.tsch_packet_create_eb
                0x0000a97c      0x158 build/cc26x0-cc13x0/launchpad/cc2650/obj/tsch-packet.o
                0x0000a97c                tsch_packet_create_eb
 .text.tsch_packet_update_eb
                0x0000aad4       0x38 build/cc26x0-cc13x0/launchpad/cc2650/obj/tsch-packet.o
                0x0000aad4                tsch_packet_update_eb
 .text.tsch_packet_parse_eb
                0x0000ab0c      0x160 build/cc26x0-cc13x0/launchpad/cc2650/obj/tsch-packet.o
                0x0000ab0c                tsch_packet_parse_eb
 .text.tsch_packet_set_frame_pending
                0x0000ac6c        0xc build/cc26x0-cc13x0/launchpad/cc2650/obj/tsch-packet.o
                0x0000ac6c                tsch_packet_set_frame_pending
 .text.tsch_packet_get_frame_pending
                0x0000ac78        0x8 build/cc26x0-cc13x0/launchpad/cc2650/obj/tsch-packet.o
                0x0000ac78                tsch_packet_get_frame_pending
 .text.turn_off
                0x0000ac80       0x10 build/cc26x0-cc13x0/launchpad/cc2650/obj/tsch.o
 .text.tsch_reset
                0x0000ac90       0xb8 build/cc26x0-cc13x0/launchpad/cc2650/obj/tsch.o
 .text.process_thread_tsch_send_eb_process
                0x0000ad48      0x194 build/cc26x0-cc13x0/launchpad/cc2650/obj/tsch.o
 .text.send_packet
                0x0000aedc      0x210 build/cc26x0-cc13x0/launchpad/cc2650/obj/tsch.o
 .text.tsch_init
                0x0000b0ec      0x194 build/cc26x0-cc13x0/launchpad/cc2650/obj/tsch.o
 .text.packet_input
                0x0000b280      0x108 build/cc26x0-cc13x0/launchpad/cc2650/obj/tsch.o
 .text.keepalive_send.part.0
                0x0000b388       0x98 build/cc26x0-cc13x0/launchpad/cc2650/obj/tsch.o
 .text.keepalive_send
                0x0000b420       0x20 build/cc26x0-cc13x0/launchpad/cc2650/obj/tsch.o
 .text.max_payload
                0x0000b440       0xa4 build/cc26x0-cc13x0/launchpad/cc2650/obj/tsch.o
 .text.turn_on  0x0000b4e4       0x90 build/cc26x0-cc13x0/launchpad/cc2650/obj/tsch.o
 .text.tsch_disassociate.part.0
                0x0000b574       0x20 build/cc26x0-cc13x0/launchpad/cc2650/obj/tsch.o
 .text.process_thread_tsch_pending_events_process
                0x0000b594      0x3ac build/cc26x0-cc13x0/launchpad/cc2650/obj/tsch.o
 .text.keepalive_packet_sent
                0x0000b940      0x1a0 build/cc26x0-cc13x0/launchpad/cc2650/obj/tsch.o
 .text.tsch_set_coordinator
                0x0000bae0       0x34 build/cc26x0-cc13x0/launchpad/cc2650/obj/tsch.o
                0x0000bae0                tsch_set_coordinator
 .text.tsch_set_pan_secured
                0x0000bb14        0xc build/cc26x0-cc13x0/launchpad/cc2650/obj/tsch.o
                0x0000bb14                tsch_set_pan_secured
 .text.tsch_set_join_priority
                0x0000bb20        0xc build/cc26x0-cc13x0/launchpad/cc2650/obj/tsch.o
                0x0000bb20                tsch_set_join_priority
 .text.tsch_set_ka_timeout
                0x0000bb2c       0x24 build/cc26x0-cc13x0/launchpad/cc2650/obj/tsch.o
                0x0000bb2c                tsch_set_ka_timeout
 .text.tsch_set_eb_period
                0x0000bb50       0x14 build/cc26x0-cc13x0/launchpad/cc2650/obj/tsch.o
                0x0000bb50                tsch_set_eb_period
 .text.tsch_schedule_keepalive
                0x0000bb64       0x28 build/cc26x0-cc13x0/launchpad/cc2650/obj/tsch.o
                0x0000bb64                tsch_schedule_keepalive
 .text.tsch_disassociate
                0x0000bb8c       0x14 build/cc26x0-cc13x0/launchpad/cc2650/obj/tsch.o
                0x0000bb8c                tsch_disassociate
 .text.tsch_scan
                0x0000bba0      0x58c build/cc26x0-cc13x0/launchpad/cc2650/obj/tsch.o
                0x0000bba0                tsch_scan
 .text.process_thread_tsch_process
                0x0000c12c      0x154 build/cc26x0-cc13x0/launchpad/cc2650/obj/tsch.o
 .text.tsch_log_process_pending
                0x0000c280      0x1dc build/cc26x0-cc13x0/launchpad/cc2650/obj/tsch-log.o
                0x0000c280                tsch_log_process_pending
 .text.tsch_log_prepare_add
                0x0000c45c       0x6c build/cc26x0-cc13x0/launchpad/cc2650/obj/tsch-log.o
                0x0000c45c                tsch_log_prepare_add
 .text.tsch_log_commit
                0x0000c4c8       0x28 build/cc26x0-cc13x0/launchpad/cc2650/obj/tsch-log.o
                0x0000c4c8                tsch_log_commit
 .text.tsch_log_init
                0x0000c4f0       0x20 build/cc26x0-cc13x0/launchpad/cc2650/obj/tsch-log.o
                0x0000c4f0                tsch_log_init
 .text.tsch_log_stop
                0x0000c510       0x1c build/cc26x0-cc13x0/launchpad/cc2650/obj/tsch-log.o
                0x0000c510                tsch_log_stop
 .text.uipbuf_clear
                0x0000c52c       0x30 build/cc26x0-cc13x0/launchpad/cc2650/obj/uipbuf.o
                0x0000c52c                uipbuf_clear
 .text.uipbuf_add_ext_hdr
                0x0000c55c       0x38 build/cc26x0-cc13x0/launchpad/cc2650/obj/uipbuf.o
                0x0000c55c                uipbuf_add_ext_hdr
 .text.uipbuf_set_len
                0x0000c594       0x18 build/cc26x0-cc13x0/launchpad/cc2650/obj/uipbuf.o
                0x0000c594                uipbuf_set_len
 .text.uipbuf_set_len_field
                0x0000c5ac        0x8 build/cc26x0-cc13x0/launchpad/cc2650/obj/uipbuf.o
                0x0000c5ac                uipbuf_set_len_field
 .text.uipbuf_get_len_field
                0x0000c5b4        0xc build/cc26x0-cc13x0/launchpad/cc2650/obj/uipbuf.o
                0x0000c5b4                uipbuf_get_len_field
 .text.uipbuf_get_next_header
                0x0000c5c0       0x94 build/cc26x0-cc13x0/launchpad/cc2650/obj/uipbuf.o
                0x0000c5c0                uipbuf_get_next_header
 .text.uipbuf_get_last_header
                0x0000c654       0x38 build/cc26x0-cc13x0/launchpad/cc2650/obj/uipbuf.o
                0x0000c654                uipbuf_get_last_header
 .text.uipbuf_search_header
                0x0000c68c       0x50 build/cc26x0-cc13x0/launchpad/cc2650/obj/uipbuf.o
                0x0000c68c                uipbuf_search_header
 .text.uipbuf_get_attr
                0x0000c6dc       0x14 build/cc26x0-cc13x0/launchpad/cc2650/obj/uipbuf.o
                0x0000c6dc                uipbuf_get_attr
 .text.uipbuf_set_attr
                0x0000c6f0       0x18 build/cc26x0-cc13x0/launchpad/cc2650/obj/uipbuf.o
                0x0000c6f0                uipbuf_set_attr
 .text.uipbuf_init
                0x0000c708       0x20 build/cc26x0-cc13x0/launchpad/cc2650/obj/uipbuf.o
                0x0000c708                uipbuf_init
 .text.echo_reply_input
                0x0000c728       0x70 build/cc26x0-cc13x0/launchpad/cc2650/obj/uip-icmp6.o
 .text.echo_request_input
                0x0000c798       0x84 build/cc26x0-cc13x0/launchpad/cc2650/obj/uip-icmp6.o
 .text.uip_icmp6_input
                0x0000c81c       0x3c build/cc26x0-cc13x0/launchpad/cc2650/obj/uip-icmp6.o
                0x0000c81c                uip_icmp6_input
 .text.uip_icmp6_register_input_handler
                0x0000c858        0xc build/cc26x0-cc13x0/launchpad/cc2650/obj/uip-icmp6.o
                0x0000c858                uip_icmp6_register_input_handler
 .text.uip_icmp6_error_output
                0x0000c864      0x1e8 build/cc26x0-cc13x0/launchpad/cc2650/obj/uip-icmp6.o
                0x0000c864                uip_icmp6_error_output
 .text.uip_icmp6_send
                0x0000ca4c       0xb4 build/cc26x0-cc13x0/launchpad/cc2650/obj/uip-icmp6.o
                0x0000ca4c                uip_icmp6_send
 .text.uip_icmp6_echo_reply_callback_add
                0x0000cb00       0x14 build/cc26x0-cc13x0/launchpad/cc2650/obj/uip-icmp6.o
                0x0000cb00                uip_icmp6_echo_reply_callback_add
 .text.uip_icmp6_init
                0x0000cb14       0x24 build/cc26x0-cc13x0/launchpad/cc2650/obj/uip-icmp6.o
                0x0000cb14                uip_icmp6_init
 .text.node_matches_address.part.0
                0x0000cb38       0x28 build/cc26x0-cc13x0/launchpad/cc2650/obj/uip-sr.o
 .text.uip_sr_num_nodes
                0x0000cb60        0xc build/cc26x0-cc13x0/launchpad/cc2650/obj/uip-sr.o
                0x0000cb60                uip_sr_num_nodes
 .text.uip_sr_get_node
                0x0000cb6c       0x40 build/cc26x0-cc13x0/launchpad/cc2650/obj/uip-sr.o
                0x0000cb6c                uip_sr_get_node
 .text.uip_sr_is_addr_reachable
                0x0000cbac       0x4c build/cc26x0-cc13x0/launchpad/cc2650/obj/uip-sr.o
                0x0000cbac                uip_sr_is_addr_reachable
 .text.uip_sr_expire_parent
                0x0000cbf8       0x2c build/cc26x0-cc13x0/launchpad/cc2650/obj/uip-sr.o
                0x0000cbf8                uip_sr_expire_parent
 .text.uip_sr_update_node
                0x0000cc24      0x110 build/cc26x0-cc13x0/launchpad/cc2650/obj/uip-sr.o
                0x0000cc24                uip_sr_update_node
 .text.uip_sr_init
                0x0000cd34       0x24 build/cc26x0-cc13x0/launchpad/cc2650/obj/uip-sr.o
                0x0000cd34                uip_sr_init
 .text.uip_sr_node_head
                0x0000cd58        0xc build/cc26x0-cc13x0/launchpad/cc2650/obj/uip-sr.o
                0x0000cd58                uip_sr_node_head
 .text.uip_sr_node_next
                0x0000cd64        0x4 build/cc26x0-cc13x0/launchpad/cc2650/obj/uip-sr.o
                0x0000cd64                uip_sr_node_next
 .text.uip_sr_periodic
                0x0000cd68       0x7c build/cc26x0-cc13x0/launchpad/cc2650/obj/uip-sr.o
                0x0000cd68                uip_sr_periodic
 .text.uip_sr_free_all
                0x0000cde4       0x4c build/cc26x0-cc13x0/launchpad/cc2650/obj/uip-sr.o
                0x0000cde4                uip_sr_free_all
 .text.uip_sr_link_snprint
                0x0000ce30       0x98 build/cc26x0-cc13x0/launchpad/cc2650/obj/uip-sr.o
                0x0000ce30                uip_sr_link_snprint
 .text.uip_ds6_list_loop.part.0
                0x0000cec8       0x50 build/cc26x0-cc13x0/launchpad/cc2650/obj/uip-ds6.o
 .text.uip_ds6_default_prefix
                0x0000cf18        0x8 build/cc26x0-cc13x0/launchpad/cc2650/obj/uip-ds6.o
                0x0000cf18                uip_ds6_default_prefix
 .text.uip_ds6_prefix_add
                0x0000cf20       0x84 build/cc26x0-cc13x0/launchpad/cc2650/obj/uip-ds6.o
                0x0000cf20                uip_ds6_prefix_add
 .text.uip_ds6_is_addr_onlink
                0x0000cfa4       0x44 build/cc26x0-cc13x0/launchpad/cc2650/obj/uip-ds6.o
                0x0000cfa4                uip_ds6_is_addr_onlink
 .text.uip_ds6_addr_lookup
                0x0000cfe8       0x38 build/cc26x0-cc13x0/launchpad/cc2650/obj/uip-ds6.o
                0x0000cfe8                uip_ds6_addr_lookup
 .text.uip_ds6_get_link_local
                0x0000d020       0x54 build/cc26x0-cc13x0/launchpad/cc2650/obj/uip-ds6.o
                0x0000d020                uip_ds6_get_link_local
 .text.uip_ds6_maddr_add
                0x0000d074       0x5c build/cc26x0-cc13x0/launchpad/cc2650/obj/uip-ds6.o